../Core/Src/main.c:139:5:main	240	static
../Core/Src/main.c:284:6:SystemClock_Config	88	static
../Core/Src/main.c:338:13:MX_ADC1_Init	24	static
../Core/Src/main.c:388:13:MX_ADC3_Init	24	static
../Core/Src/main.c:438:13:MX_DAC_Init	16	static
../Core/Src/main.c:476:13:MX_DMA2D_Init	8	static
../Core/Src/main.c:513:13:MX_I2C1_Init	8	static
../Core/Src/main.c:559:13:MX_I2C3_Init	8	static
../Core/Src/main.c:605:13:MX_LTDC_Init	64	static
../Core/Src/main.c:667:13:MX_RTC_Init	80	static
../Core/Src/main.c:759:13:MX_SPI2_Init	8	static
../Core/Src/main.c:799:13:MX_TIM1_Init	40	static
../Core/Src/main.c:846:13:MX_TIM2_Init	40	static
../Core/Src/main.c:891:13:MX_TIM3_Init	40	static
../Core/Src/main.c:936:13:MX_TIM5_Init	40	static
../Core/Src/main.c:981:13:MX_TIM8_Init	40	static
../Core/Src/main.c:1028:13:MX_UART7_Init	8	static
../Core/Src/main.c:1063:13:MX_USART1_UART_Init	8	static
../Core/Src/main.c:1098:13:MX_USART6_UART_Init	8	static
../Core/Src/main.c:1129:13:MX_FMC_Init	40	static
../Core/Src/main.c:1180:13:MX_GPIO_Init	72	static
../Core/Src/main.c:1471:6:HAL_GPIO_EXTI_Callback	16	static
../Core/Src/main.c:1479:6:HAL_UART_RxCpltCallback	16	static
../Core/Src/main.c:1508:6:StartDefaultTask	16	static
../Core/Src/main.c:1526:6:Task_diable	32	static
../Core/Src/main.c:1568:6:Task_homme	56	static
../Core/Src/main.c:1621:6:Task_Transmit_data	16	static
../Core/Src/main.c:1644:6:Task_missiles	96	static
../Core/Src/main.c:1712:6:Task_Game_Over	24	static
../Core/Src/main.c:1739:6:HAL_TIM_PeriodElapsedCallback	16	static
../Core/Src/main.c:1756:6:Error_Handler	4	static,ignoring_inline_asm
