../Core/Src/main.c:141:5:main	256	static
../Core/Src/main.c:290:6:SystemClock_Config	88	static
../Core/Src/main.c:344:13:MX_ADC1_Init	24	static
../Core/Src/main.c:394:13:MX_ADC3_Init	24	static
../Core/Src/main.c:444:13:MX_DAC_Init	16	static
../Core/Src/main.c:482:13:MX_DMA2D_Init	8	static
../Core/Src/main.c:519:13:MX_I2C1_Init	8	static
../Core/Src/main.c:565:13:MX_I2C3_Init	8	static
../Core/Src/main.c:611:13:MX_LTDC_Init	64	static
../Core/Src/main.c:673:13:MX_RTC_Init	80	static
../Core/Src/main.c:765:13:MX_SPI2_Init	8	static
../Core/Src/main.c:805:13:MX_TIM1_Init	40	static
../Core/Src/main.c:852:13:MX_TIM2_Init	40	static
../Core/Src/main.c:897:13:MX_TIM3_Init	40	static
../Core/Src/main.c:942:13:MX_TIM5_Init	40	static
../Core/Src/main.c:987:13:MX_TIM8_Init	40	static
../Core/Src/main.c:1034:13:MX_UART7_Init	8	static
../Core/Src/main.c:1069:13:MX_USART1_UART_Init	8	static
../Core/Src/main.c:1104:13:MX_USART6_UART_Init	8	static
../Core/Src/main.c:1135:13:MX_FMC_Init	40	static
../Core/Src/main.c:1186:13:MX_GPIO_Init	72	static
../Core/Src/main.c:1477:6:HAL_GPIO_EXTI_Callback	16	static
../Core/Src/main.c:1487:6:HAL_UART_RxCpltCallback	16	static
../Core/Src/main.c:1513:6:StartDefaultTask	16	static
../Core/Src/main.c:1533:6:Task_diable	56	static
../Core/Src/main.c:1595:6:Task_homme	32	static
../Core/Src/main.c:1631:6:Task_Transmit_data	16	static
../Core/Src/main.c:1657:6:Task_missile	88	static
../Core/Src/main.c:1725:6:Task_Game_Over	24	static
../Core/Src/main.c:1752:6:HAL_TIM_PeriodElapsedCallback	16	static
../Core/Src/main.c:1769:6:Error_Handler	4	static,ignoring_inline_asm
