Archive member included to satisfy reference by file (symbol)

c:/st/stm32cubeide_1.8.0/stm32cubeide/plugins/com.st.stm32cube.ide.mcu.externaltools.gnu-tools-for-stm32.10.3-2021.10.win32_1.0.0.202111181127/tools/bin/../lib/gcc/arm-none-eabi/10.3.1/../../../../arm-none-eabi/lib/thumb/v7e-m+fp/hard\libc_nano.a(lib_a-errno.o)
                              ./Core/Src/syscalls.o (__errno)
c:/st/stm32cubeide_1.8.0/stm32cubeide/plugins/com.st.stm32cube.ide.mcu.externaltools.gnu-tools-for-stm32.10.3-2021.10.win32_1.0.0.202111181127/tools/bin/../lib/gcc/arm-none-eabi/10.3.1/../../../../arm-none-eabi/lib/thumb/v7e-m+fp/hard\libc_nano.a(lib_a-exit.o)
                              c:/st/stm32cubeide_1.8.0/stm32cubeide/plugins/com.st.stm32cube.ide.mcu.externaltools.gnu-tools-for-stm32.10.3-2021.10.win32_1.0.0.202111181127/tools/bin/../lib/gcc/arm-none-eabi/10.3.1/../../../../arm-none-eabi/lib/thumb/v7e-m+fp/hard/crt0.o (exit)
c:/st/stm32cubeide_1.8.0/stm32cubeide/plugins/com.st.stm32cube.ide.mcu.externaltools.gnu-tools-for-stm32.10.3-2021.10.win32_1.0.0.202111181127/tools/bin/../lib/gcc/arm-none-eabi/10.3.1/../../../../arm-none-eabi/lib/thumb/v7e-m+fp/hard\libc_nano.a(lib_a-findfp.o)
                              ./Middlewares/Third_Party/FreeRTOS/Source/tasks.o (__sf_fake_stderr)
c:/st/stm32cubeide_1.8.0/stm32cubeide/plugins/com.st.stm32cube.ide.mcu.externaltools.gnu-tools-for-stm32.10.3-2021.10.win32_1.0.0.202111181127/tools/bin/../lib/gcc/arm-none-eabi/10.3.1/../../../../arm-none-eabi/lib/thumb/v7e-m+fp/hard\libc_nano.a(lib_a-fwalk.o)
                              c:/st/stm32cubeide_1.8.0/stm32cubeide/plugins/com.st.stm32cube.ide.mcu.externaltools.gnu-tools-for-stm32.10.3-2021.10.win32_1.0.0.202111181127/tools/bin/../lib/gcc/arm-none-eabi/10.3.1/../../../../arm-none-eabi/lib/thumb/v7e-m+fp/hard\libc_nano.a(lib_a-findfp.o) (_fwalk)
c:/st/stm32cubeide_1.8.0/stm32cubeide/plugins/com.st.stm32cube.ide.mcu.externaltools.gnu-tools-for-stm32.10.3-2021.10.win32_1.0.0.202111181127/tools/bin/../lib/gcc/arm-none-eabi/10.3.1/../../../../arm-none-eabi/lib/thumb/v7e-m+fp/hard\libc_nano.a(lib_a-impure.o)
                              c:/st/stm32cubeide_1.8.0/stm32cubeide/plugins/com.st.stm32cube.ide.mcu.externaltools.gnu-tools-for-stm32.10.3-2021.10.win32_1.0.0.202111181127/tools/bin/../lib/gcc/arm-none-eabi/10.3.1/../../../../arm-none-eabi/lib/thumb/v7e-m+fp/hard\libc_nano.a(lib_a-exit.o) (_global_impure_ptr)
c:/st/stm32cubeide_1.8.0/stm32cubeide/plugins/com.st.stm32cube.ide.mcu.externaltools.gnu-tools-for-stm32.10.3-2021.10.win32_1.0.0.202111181127/tools/bin/../lib/gcc/arm-none-eabi/10.3.1/../../../../arm-none-eabi/lib/thumb/v7e-m+fp/hard\libc_nano.a(lib_a-init.o)
                              c:/st/stm32cubeide_1.8.0/stm32cubeide/plugins/com.st.stm32cube.ide.mcu.externaltools.gnu-tools-for-stm32.10.3-2021.10.win32_1.0.0.202111181127/tools/bin/../lib/gcc/arm-none-eabi/10.3.1/../../../../arm-none-eabi/lib/thumb/v7e-m+fp/hard/crt0.o (__libc_init_array)
c:/st/stm32cubeide_1.8.0/stm32cubeide/plugins/com.st.stm32cube.ide.mcu.externaltools.gnu-tools-for-stm32.10.3-2021.10.win32_1.0.0.202111181127/tools/bin/../lib/gcc/arm-none-eabi/10.3.1/../../../../arm-none-eabi/lib/thumb/v7e-m+fp/hard\libc_nano.a(lib_a-lock.o)
                              c:/st/stm32cubeide_1.8.0/stm32cubeide/plugins/com.st.stm32cube.ide.mcu.externaltools.gnu-tools-for-stm32.10.3-2021.10.win32_1.0.0.202111181127/tools/bin/../lib/gcc/arm-none-eabi/10.3.1/../../../../arm-none-eabi/lib/thumb/v7e-m+fp/hard\libc_nano.a(lib_a-findfp.o) (__retarget_lock_init_recursive)
c:/st/stm32cubeide_1.8.0/stm32cubeide/plugins/com.st.stm32cube.ide.mcu.externaltools.gnu-tools-for-stm32.10.3-2021.10.win32_1.0.0.202111181127/tools/bin/../lib/gcc/arm-none-eabi/10.3.1/../../../../arm-none-eabi/lib/thumb/v7e-m+fp/hard\libc_nano.a(lib_a-memcpy-stub.o)
                              ./Middlewares/Third_Party/FreeRTOS/Source/queue.o (memcpy)
c:/st/stm32cubeide_1.8.0/stm32cubeide/plugins/com.st.stm32cube.ide.mcu.externaltools.gnu-tools-for-stm32.10.3-2021.10.win32_1.0.0.202111181127/tools/bin/../lib/gcc/arm-none-eabi/10.3.1/../../../../arm-none-eabi/lib/thumb/v7e-m+fp/hard\libc_nano.a(lib_a-memset.o)
                              c:/st/stm32cubeide_1.8.0/stm32cubeide/plugins/com.st.stm32cube.ide.mcu.externaltools.gnu-tools-for-stm32.10.3-2021.10.win32_1.0.0.202111181127/tools/bin/../lib/gcc/arm-none-eabi/10.3.1/../../../../arm-none-eabi/lib/thumb/v7e-m+fp/hard/crt0.o (memset)
c:/st/stm32cubeide_1.8.0/stm32cubeide/plugins/com.st.stm32cube.ide.mcu.externaltools.gnu-tools-for-stm32.10.3-2021.10.win32_1.0.0.202111181127/tools/bin/../lib/gcc/arm-none-eabi/10.3.1/../../../../arm-none-eabi/lib/thumb/v7e-m+fp/hard\libc_nano.a(lib_a-nano-mallocr.o)
[...]
Memory Configuration

Name             Origin             Length             Attributes
RAM              0x0000000020000000 0x0000000000050000 xrw
FLASH            0x0000000008000000 0x0000000000100000 xr
*default*        0x0000000000000000 0xffffffffffffffff

Linker script and memory map

LOAD c:/st/stm32cubeide_1.8.0/stm32cubeide/plugins/com.st.stm32cube.ide.mcu.externaltools.gnu-tools-for-stm32.10.3-2021.10.win32_1.0.0.202111181127/tools/bin/../lib/gcc/arm-none-eabi/10.3.1/thumb/v7e-m+fp/hard/crti.o
LOAD c:/st/stm32cubeide_1.8.0/stm32cubeide/plugins/com.st.stm32cube.ide.mcu.externaltools.gnu-tools-for-stm32.10.3-2021.10.win32_1.0.0.202111181127/tools/bin/../lib/gcc/arm-none-eabi/10.3.1/thumb/v7e-m+fp/hard/crtbegin.o
LOAD c:/st/stm32cubeide_1.8.0/stm32cubeide/plugins/com.st.stm32cube.ide.mcu.externaltools.gnu-tools-for-stm32.10.3-2021.10.win32_1.0.0.202111181127/tools/bin/../lib/gcc/arm-none-eabi/10.3.1/../../../../arm-none-eabi/lib/thumb/v7e-m+fp/hard/crt0.o
LOAD ./Core/Src/freertos.o
LOAD ./Core/Src/ft5336.o
LOAD ./Core/Src/main.o
LOAD ./Core/Src/stm32746g_discovery.o
LOAD ./Core/Src/stm32746g_discovery_lcd.o
LOAD ./Core/Src/stm32746g_discovery_sdram.o
LOAD ./Core/Src/stm32746g_discovery_ts.o
LOAD ./Core/Src/stm32f7xx_hal_msp.o
LOAD ./Core/Src/stm32f7xx_hal_timebase_tim.o
LOAD ./Core/Src/stm32f7xx_it.o
LOAD ./Core/Src/syscalls.o
LOAD ./Core/Src/sysmem.o
LOAD ./Core/Src/system_stm32f7xx.o
LOAD ./Core/Startup/startup_stm32f746nghx.o
LOAD ./Drivers/STM32F7xx_HAL_Driver/Src/stm32f7xx_hal.o
LOAD ./Drivers/STM32F7xx_HAL_Driver/Src/stm32f7xx_hal_adc.o
LOAD ./Drivers/STM32F7xx_HAL_Driver/Src/stm32f7xx_hal_adc_ex.o
LOAD ./Drivers/STM32F7xx_HAL_Driver/Src/stm32f7xx_hal_cortex.o
LOAD ./Drivers/STM32F7xx_HAL_Driver/Src/stm32f7xx_hal_dac.o
LOAD ./Drivers/STM32F7xx_HAL_Driver/Src/stm32f7xx_hal_dac_ex.o
LOAD ./Drivers/STM32F7xx_HAL_Driver/Src/stm32f7xx_hal_dma.o
LOAD ./Drivers/STM32F7xx_HAL_Driver/Src/stm32f7xx_hal_dma2d.o
LOAD ./Drivers/STM32F7xx_HAL_Driver/Src/stm32f7xx_hal_dma_ex.o
LOAD ./Drivers/STM32F7xx_HAL_Driver/Src/stm32f7xx_hal_dsi.o
LOAD ./Drivers/STM32F7xx_HAL_Driver/Src/stm32f7xx_hal_exti.o
LOAD ./Drivers/STM32F7xx_HAL_Driver/Src/stm32f7xx_hal_flash.o
LOAD ./Drivers/STM32F7xx_HAL_Driver/Src/stm32f7xx_hal_flash_ex.o
LOAD ./Drivers/STM32F7xx_HAL_Driver/Src/stm32f7xx_hal_gpio.o
LOAD ./Drivers/STM32F7xx_HAL_Driver/Src/stm32f7xx_hal_i2c.o
LOAD ./Drivers/STM32F7xx_HAL_Driver/Src/stm32f7xx_hal_i2c_ex.o
LOAD ./Drivers/STM32F7xx_HAL_Driver/Src/stm32f7xx_hal_ltdc.o
LOAD ./Drivers/STM32F7xx_HAL_Driver/Src/stm32f7xx_hal_ltdc_ex.o
LOAD ./Drivers/STM32F7xx_HAL_Driver/Src/stm32f7xx_hal_pwr.o
LOAD ./Drivers/STM32F7xx_HAL_Driver/Src/stm32f7xx_hal_pwr_ex.o
LOAD ./Drivers/STM32F7xx_HAL_Driver/Src/stm32f7xx_hal_rcc.o
LOAD ./Drivers/STM32F7xx_HAL_Driver/Src/stm32f7xx_hal_rcc_ex.o
LOAD ./Drivers/STM32F7xx_HAL_Driver/Src/stm32f7xx_hal_rtc.o
LOAD ./Drivers/STM32F7xx_HAL_Driver/Src/stm32f7xx_hal_rtc_ex.o
LOAD ./Drivers/STM32F7xx_HAL_Driver/Src/stm32f7xx_hal_sdram.o
LOAD ./Drivers/STM32F7xx_HAL_Driver/Src/stm32f7xx_hal_spi.o
LOAD ./Drivers/STM32F7xx_HAL_Driver/Src/stm32f7xx_hal_spi_ex.o
LOAD ./Drivers/STM32F7xx_HAL_Driver/Src/stm32f7xx_hal_tim.o
LOAD ./Drivers/STM32F7xx_HAL_Driver/Src/stm32f7xx_hal_tim_ex.o
LOAD ./Drivers/STM32F7xx_HAL_Driver/Src/stm32f7xx_hal_uart.o
LOAD ./Drivers/STM32F7xx_HAL_Driver/Src/stm32f7xx_hal_uart_ex.o
LOAD ./Drivers/STM32F7xx_HAL_Driver/Src/stm32f7xx_ll_fmc.o
LOAD ./Middlewares/Third_Party/FreeRTOS/Source/CMSIS_RTOS/cmsis_os.o
LOAD ./Middlewares/Third_Party/FreeRTOS/Source/croutine.o
LOAD ./Middlewares/Third_Party/FreeRTOS/Source/event_groups.o
LOAD ./Middlewares/Third_Party/FreeRTOS/Source/list.o
LOAD ./Middlewares/Third_Party/FreeRTOS/Source/queue.o
LOAD ./Middlewares/Third_Party/FreeRTOS/Source/stream_buffer.o
LOAD ./Middlewares/Third_Party/FreeRTOS/Source/tasks.o
LOAD ./Middlewares/Third_Party/FreeRTOS/Source/timers.o
LOAD ./Middlewares/Third_Party/FreeRTOS/Source/portable/GCC/ARM_CM7/r0p1/port.o
LOAD ./Middlewares/Third_Party/FreeRTOS/Source/portable/MemMang/heap_4.o
START GROUP
LOAD c:/st/stm32cubeide_1.8.0/stm32cubeide/plugins/com.st.stm32cube.ide.mcu.externaltools.gnu-tools-for-stm32.10.3-2021.10.win32_1.0.0.202111181127/tools/bin/../lib/gcc/arm-none-eabi/10.3.1/../../../../arm-none-eabi/lib/thumb/v7e-m+fp/hard\libc_nano.a
LOAD c:/st/stm32cubeide_1.8.0/stm32cubeide/plugins/com.st.stm32cube.ide.mcu.externaltools.gnu-tools-for-stm32.10.3-2021.10.win32_1.0.0.202111181127/tools/bin/../lib/gcc/arm-none-eabi/10.3.1/../../../../arm-none-eabi/lib/thumb/v7e-m+fp/hard\libm.a
END GROUP
START GROUP
LOAD c:/st/stm32cubeide_1.8.0/stm32cubeide/plugins/com.st.stm32cube.ide.mcu.externaltools.gnu-tools-for-stm32.10.3-2021.10.win32_1.0.0.202111181127/tools/bin/../lib/gcc/arm-none-eabi/10.3.1/thumb/v7e-m+fp/hard\libgcc.a
LOAD c:/st/stm32cubeide_1.8.0/stm32cubeide/plugins/com.st.stm32cube.ide.mcu.externaltools.gnu-tools-for-stm32.10.3-2021.10.win32_1.0.0.202111181127/tools/bin/../lib/gcc/arm-none-eabi/10.3.1/../../../../arm-none-eabi/lib/thumb/v7e-m+fp/hard\libc_nano.a
END GROUP
START GROUP
LOAD c:/st/stm32cubeide_1.8.0/stm32cubeide/plugins/com.st.stm32cube.ide.mcu.externaltools.gnu-tools-for-stm32.10.3-2021.10.win32_1.0.0.202111181127/tools/bin/../lib/gcc/arm-none-eabi/10.3.1/thumb/v7e-m+fp/hard\libgcc.a
LOAD c:/st/stm32cubeide_1.8.0/stm32cubeide/plugins/com.st.stm32cube.ide.mcu.externaltools.gnu-tools-for-stm32.10.3-2021.10.win32_1.0.0.202111181127/tools/bin/../lib/gcc/arm-none-eabi/10.3.1/../../../../arm-none-eabi/lib/thumb/v7e-m+fp/hard\libc_nano.a
LOAD c:/st/stm32cubeide_1.8.0/stm32cubeide/plugins/com.st.stm32cube.ide.mcu.externaltools.gnu-tools-for-stm32.10.3-2021.10.win32_1.0.0.202111181127/tools/bin/../lib/gcc/arm-none-eabi/10.3.1/../../../../arm-none-eabi/lib/thumb/v7e-m+fp/hard\libnosys.a
END GROUP
START GROUP
LOAD c:/st/stm32cubeide_1.8.0/stm32cubeide/plugins/com.st.stm32cube.ide.mcu.externaltools.gnu-tools-for-stm32.10.3-2021.10.win32_1.0.0.202111181127/tools/bin/../lib/gcc/arm-none-eabi/10.3.1/thumb/v7e-m+fp/hard\libgcc.a
LOAD c:/st/stm32cubeide_1.8.0/stm32cubeide/plugins/com.st.stm32cube.ide.mcu.externaltools.gnu-tools-for-stm32.10.3-2021.10.win32_1.0.0.202111181127/tools/bin/../lib/gcc/arm-none-eabi/10.3.1/../../../../arm-none-eabi/lib/thumb/v7e-m+fp/hard\libc_nano.a
LOAD c:/st/stm32cubeide_1.8.0/stm32cubeide/plugins/com.st.stm32cube.ide.mcu.externaltools.gnu-tools-for-stm32.10.3-2021.10.win32_1.0.0.202111181127/tools/bin/../lib/gcc/arm-none-eabi/10.3.1/../../../../arm-none-eabi/lib/thumb/v7e-m+fp/hard\libnosys.a
END GROUP
LOAD c:/st/stm32cubeide_1.8.0/stm32cubeide/plugins/com.st.stm32cube.ide.mcu.externaltools.gnu-tools-for-stm32.10.3-2021.10.win32_1.0.0.202111181127/tools/bin/../lib/gcc/arm-none-eabi/10.3.1/thumb/v7e-m+fp/hard/crtend.o
LOAD c:/st/stm32cubeide_1.8.0/stm32cubeide/plugins/com.st.stm32cube.ide.mcu.externaltools.gnu-tools-for-stm32.10.3-2021.10.win32_1.0.0.202111181127/tools/bin/../lib/gcc/arm-none-eabi/10.3.1/thumb/v7e-m+fp/hard/crtn.o
                0x0000000020050000                _estack = (ORIGIN (RAM) + LENGTH (RAM))
                0x0000000000000200                _Min_Heap_Size = 0x200
                0x0000000000000400                _Min_Stack_Size = 0x400

.isr_vector     0x0000000008000000      0x1c8
                0x0000000008000000                . = ALIGN (0x4)
 *(.isr_vector)
 .isr_vector    0x0000000008000000      0x1c8 ./Core/Startup/startup_stm32f746nghx.o
                0x0000000008000000                g_pfnVectors
                0x00000000080001c8                . = ALIGN (0x4)

.text           0x00000000080001d0     0xe650
                0x00000000080001d0                . = ALIGN (0x4)
 *(.text)
 .text          0x00000000080001d0       0x40 c:/st/stm32cubeide_1.8.0/stm32cubeide/plugins/com.st.stm32cube.ide.mcu.externaltools.gnu-tools-for-stm32.10.3-2021.10.win32_1.0.0.202111181127/tools/bin/../lib/gcc/arm-none-eabi/10.3.1/thumb/v7e-m+fp/hard/crtbegin.o
 .text          0x0000000008000210       0xa0 c:/st/stm32cubeide_1.8.0/stm32cubeide/plugins/com.st.stm32cube.ide.mcu.externaltools.gnu-tools-for-stm32.10.3-2021.10.win32_1.0.0.202111181127/tools/bin/../lib/gcc/arm-none-eabi/10.3.1/../../../../arm-none-eabi/lib/thumb/v7e-m+fp/hard\libc_nano.a(lib_a-memchr.o)
                0x0000000008000210                memchr
 .text          0x00000000080002b0       0x30 c:/st/stm32cubeide_1.8.0/stm32cubeide/plugins/com.st.stm32cube.ide.mcu.externaltools.gnu-tools-for-stm32.10.3-2021.10.win32_1.0.0.202111181127/tools/bin/../lib/gcc/arm-none-eabi/10.3.1/thumb/v7e-m+fp/hard\libgcc.a(_aeabi_uldivmod.o)
                0x00000000080002b0                __aeabi_uldivmod
 .text          0x00000000080002e0      0x2d0 c:/st/stm32cubeide_1.8.0/stm32cubeide/plugins/com.st.stm32cube.ide.mcu.externaltools.gnu-tools-for-stm32.10.3-2021.10.win32_1.0.0.202111181127/tools/bin/../lib/gcc/arm-none-eabi/10.3.1/thumb/v7e-m+fp/hard\libgcc.a(_udivmoddi4.o)
                0x00000000080002e0                __udivmoddi4
 .text          0x00000000080005b0        0x4 c:/st/stm32cubeide_1.8.0/stm32cubeide/plugins/com.st.stm32cube.ide.mcu.externaltools.gnu-tools-for-stm32.10.3-2021.10.win32_1.0.0.202111181127/tools/bin/../lib/gcc/arm-none-eabi/10.3.1/thumb/v7e-m+fp/hard\libgcc.a(_dvmd_tls.o)
                0x00000000080005b0                __aeabi_idiv0
                0x00000000080005b0                __aeabi_ldiv0
 *(.text*)
 .text.vApplicationGetIdleTaskMemory
                0x00000000080005b4       0x34 ./Core/Src/freertos.o
                0x00000000080005b4                vApplicationGetIdleTaskMemory
 .text.ft5336_Init
                0x00000000080005e8       0x1c ./Core/Src/ft5336.o
                0x00000000080005e8                ft5336_Init
 .text.ft5336_Reset
                0x0000000008000604       0x16 ./Core/Src/ft5336.o
                0x0000000008000604                ft5336_Reset
 .text.ft5336_ReadID
                0x000000000800061a       0x5c ./Core/Src/ft5336.o
                0x000000000800061a                ft5336_ReadID
 .text.ft5336_TS_Start
                0x0000000008000676       0x22 ./Core/Src/ft5336.o
                0x0000000008000676                ft5336_TS_Start
 .text.ft5336_TS_DetectTouch
                0x0000000008000698       0x54 ./Core/Src/ft5336.o
                0x0000000008000698                ft5336_TS_DetectTouch
 .text.ft5336_TS_GetXY
                0x00000000080006ec      0x1e0 ./Core/Src/ft5336.o
                0x00000000080006ec                ft5336_TS_GetXY
 .text.ft5336_TS_EnableIT
                0x00000000080008cc       0x28 ./Core/Src/ft5336.o
                0x00000000080008cc                ft5336_TS_EnableIT
 .text.ft5336_TS_DisableIT
                0x00000000080008f4       0x28 ./Core/Src/ft5336.o
                0x00000000080008f4                ft5336_TS_DisableIT
 .text.ft5336_TS_ITStatus
                0x000000000800091c       0x18 ./Core/Src/ft5336.o
                0x000000000800091c                ft5336_TS_ITStatus
 .text.ft5336_TS_ClearIT
                0x0000000008000934       0x16 ./Core/Src/ft5336.o
                0x0000000008000934                ft5336_TS_ClearIT
 *fill*         0x000000000800094a        0x2 
 .text.ft5336_Get_I2C_InitializedStatus
                0x000000000800094c       0x18 ./Core/Src/ft5336.o
 .text.ft5336_I2C_InitializeIfRequired
                0x0000000008000964       0x20 ./Core/Src/ft5336.o
 .text.ft5336_TS_Configure
                0x0000000008000984       0x1c ./Core/Src/ft5336.o
 .text.main     0x00000000080009a0      0x2b8 ./Core/Src/main.o
                0x00000000080009a0                main
 .text.SystemClock_Config
                0x0000000008000c58       0xe4 ./Core/Src/main.o
                0x0000000008000c58                SystemClock_Config
 .text.MX_ADC1_Init
                0x0000000008000d3c       0xa4 ./Core/Src/main.o
 .text.MX_ADC3_Init
                0x0000000008000de0       0xa4 ./Core/Src/main.o
 .text.MX_DAC_Init
                0x0000000008000e84       0x54 ./Core/Src/main.o
 .text.MX_DMA2D_Init
                0x0000000008000ed8       0x64 ./Core/Src/main.o
 .text.MX_I2C1_Init
                0x0000000008000f3c       0x80 ./Core/Src/main.o
 .text.MX_I2C3_Init
                0x0000000008000fbc       0x80 ./Core/Src/main.o
 .text.MX_LTDC_Init
                0x000000000800103c      0x104 ./Core/Src/main.o
 .text.MX_RTC_Init
                0x0000000008001140      0x14c ./Core/Src/main.o
 .text.MX_SPI2_Init
                0x000000000800128c       0x7c ./Core/Src/main.o
 .text.MX_TIM1_Init
                0x0000000008001308       0xa8 ./Core/Src/main.o
 .text.MX_TIM2_Init
                0x00000000080013b0       0x9c ./Core/Src/main.o
 .text.MX_TIM3_Init
                0x000000000800144c       0x9c ./Core/Src/main.o
 .text.MX_TIM5_Init
                0x00000000080014e8       0x9c ./Core/Src/main.o
 .text.MX_TIM8_Init
                0x0000000008001584       0xa8 ./Core/Src/main.o
 .text.MX_UART7_Init
                0x000000000800162c       0x60 ./Core/Src/main.o
 .text.MX_USART1_UART_Init
                0x000000000800168c       0x60 ./Core/Src/main.o
 .text.MX_USART6_UART_Init
                0x00000000080016ec       0x60 ./Core/Src/main.o
 .text.MX_FMC_Init
                0x000000000800174c       0xa0 ./Core/Src/main.o
 .text.MX_GPIO_Init
                0x00000000080017ec      0x5ac ./Core/Src/main.o
 .text.HAL_GPIO_EXTI_Callback
                0x0000000008001d98       0x16 ./Core/Src/main.o
                0x0000000008001d98                HAL_GPIO_EXTI_Callback
 *fill*         0x0000000008001dae        0x2 
 .text.HAL_UART_RxCpltCallback
                0x0000000008001db0       0xa4 ./Core/Src/main.o
                0x0000000008001db0                HAL_UART_RxCpltCallback
 .text.StartDefaultTask
                0x0000000008001e54       0x10 ./Core/Src/main.o
                0x0000000008001e54                StartDefaultTask
 .text.Task_diable
                0x0000000008001e64      0x164 ./Core/Src/main.o
                0x0000000008001e64                Task_diable
 .text.Task_homme
                0x0000000008001fc8       0xa0 ./Core/Src/main.o
                0x0000000008001fc8                Task_homme
 .text.Task_Transmit_data
                0x0000000008002068       0x6c ./Core/Src/main.o
                0x0000000008002068                Task_Transmit_data
 .text.Task_missile
                0x00000000080020d4      0x218 ./Core/Src/main.o
                0x00000000080020d4                Task_missile
 .text.Task_Game_Over
                0x00000000080022ec       0x4c ./Core/Src/main.o
                0x00000000080022ec                Task_Game_Over
 .text.HAL_TIM_PeriodElapsedCallback
                0x0000000008002338       0x24 ./Core/Src/main.o
                0x0000000008002338                HAL_TIM_PeriodElapsedCallback
 .text.Error_Handler
                0x000000000800235c        0xa ./Core/Src/main.o
                0x000000000800235c                Error_Handler
 *fill*         0x0000000008002366        0x2 
 .text.I2Cx_MspInit
                0x0000000008002368      0x160 ./Core/Src/stm32746g_discovery.o
 .text.I2Cx_Init
                0x00000000080024c8       0x78 ./Core/Src/stm32746g_discovery.o
 .text.I2Cx_ReadMultiple
                0x0000000008002540       0x5a ./Core/Src/stm32746g_discovery.o
 .text.I2Cx_WriteMultiple
                0x000000000800259a       0x5a ./Core/Src/stm32746g_discovery.o
 .text.I2Cx_Error
                0x00000000080025f4       0x20 ./Core/Src/stm32746g_discovery.o
 .text.TS_IO_Init
                0x0000000008002614       0x14 ./Core/Src/stm32746g_discovery.o
                0x0000000008002614                TS_IO_Init
 .text.TS_IO_Write
                0x0000000008002628       0x34 ./Core/Src/stm32746g_discovery.o
                0x0000000008002628                TS_IO_Write
 .text.TS_IO_Read
                0x000000000800265c       0x3c ./Core/Src/stm32746g_discovery.o
                0x000000000800265c                TS_IO_Read
 .text.TS_IO_Delay
                0x0000000008002698       0x16 ./Core/Src/stm32746g_discovery.o
                0x0000000008002698                TS_IO_Delay
 *fill*         0x00000000080026ae        0x2 
 .text.BSP_LCD_Init
                0x00000000080026b0       0xe0 ./Core/Src/stm32746g_discovery_lcd.o
                0x00000000080026b0                BSP_LCD_Init
 .text.BSP_LCD_GetXSize
                0x0000000008002790       0x28 ./Core/Src/stm32746g_discovery_lcd.o
                0x0000000008002790                BSP_LCD_GetXSize
 .text.BSP_LCD_GetYSize
                0x00000000080027b8       0x28 ./Core/Src/stm32746g_discovery_lcd.o
                0x00000000080027b8                BSP_LCD_GetYSize
 .text.BSP_LCD_LayerDefaultInit
                0x00000000080027e0       0xc0 ./Core/Src/stm32746g_discovery_lcd.o
                0x00000000080027e0                BSP_LCD_LayerDefaultInit
 .text.BSP_LCD_SelectLayer
                0x00000000080028a0       0x20 ./Core/Src/stm32746g_discovery_lcd.o
                0x00000000080028a0                BSP_LCD_SelectLayer
 .text.BSP_LCD_SetTextColor
                0x00000000080028c0       0x30 ./Core/Src/stm32746g_discovery_lcd.o
                0x00000000080028c0                BSP_LCD_SetTextColor
 .text.BSP_LCD_SetBackColor
                0x00000000080028f0       0x34 ./Core/Src/stm32746g_discovery_lcd.o
                0x00000000080028f0                BSP_LCD_SetBackColor
 .text.BSP_LCD_SetFont
                0x0000000008002924       0x34 ./Core/Src/stm32746g_discovery_lcd.o
                0x0000000008002924                BSP_LCD_SetFont
 .text.BSP_LCD_Clear
                0x0000000008002958       0x50 ./Core/Src/stm32746g_discovery_lcd.o
                0x0000000008002958                BSP_LCD_Clear
 .text.BSP_LCD_DisplayChar
                0x00000000080029a8       0x88 ./Core/Src/stm32746g_discovery_lcd.o
                0x00000000080029a8                BSP_LCD_DisplayChar
 .text.BSP_LCD_DisplayStringAt
                0x0000000008002a30      0x190 ./Core/Src/stm32746g_discovery_lcd.o
                0x0000000008002a30                BSP_LCD_DisplayStringAt
 .text.BSP_LCD_DrawPixel
                0x0000000008002bc0       0x90 ./Core/Src/stm32746g_discovery_lcd.o
                0x0000000008002bc0                BSP_LCD_DrawPixel
 .text.BSP_LCD_DrawBitmap
                0x0000000008002c50      0x164 ./Core/Src/stm32746g_discovery_lcd.o
                0x0000000008002c50                BSP_LCD_DrawBitmap
 .text.BSP_LCD_FillRect
                0x0000000008002db4       0xf4 ./Core/Src/stm32746g_discovery_lcd.o
                0x0000000008002db4                BSP_LCD_FillRect
 .text.BSP_LCD_DisplayOn
                0x0000000008002ea8       0x3c ./Core/Src/stm32746g_discovery_lcd.o
                0x0000000008002ea8                BSP_LCD_DisplayOn
 .text.BSP_LCD_MspInit
                0x0000000008002ee4      0x1b4 ./Core/Src/stm32746g_discovery_lcd.o
                0x0000000008002ee4                BSP_LCD_MspInit
 .text.BSP_LCD_ClockConfig
                0x0000000008003098       0x38 ./Core/Src/stm32746g_discovery_lcd.o
                0x0000000008003098                BSP_LCD_ClockConfig
 .text.DrawChar
                0x00000000080030d0      0x170 ./Core/Src/stm32746g_discovery_lcd.o
 .text.LL_FillBuffer
                0x0000000008003240       0x98 ./Core/Src/stm32746g_discovery_lcd.o
 .text.LL_ConvertLineToARGB8888
                0x00000000080032d8       0x88 ./Core/Src/stm32746g_discovery_lcd.o
 .text.BSP_SDRAM_Init
                0x0000000008003360       0xbc ./Core/Src/stm32746g_discovery_sdram.o
                0x0000000008003360                BSP_SDRAM_Init
 .text.BSP_SDRAM_Initialization_sequence
                0x000000000800341c       0xc0 ./Core/Src/stm32746g_discovery_sdram.o
                0x000000000800341c                BSP_SDRAM_Initialization_sequence
 .text.BSP_SDRAM_MspInit
                0x00000000080034dc      0x1f0 ./Core/Src/stm32746g_discovery_sdram.o
                0x00000000080034dc                BSP_SDRAM_MspInit
 .text.BSP_TS_Init
                0x00000000080036cc       0x80 ./Core/Src/stm32746g_discovery_ts.o
                0x00000000080036cc                BSP_TS_Init
 .text.HAL_MspInit
                0x000000000800374c       0x50 ./Core/Src/stm32f7xx_hal_msp.o
                0x000000000800374c                HAL_MspInit
 .text.HAL_ADC_MspInit
                0x000000000800379c       0xdc ./Core/Src/stm32f7xx_hal_msp.o
                0x000000000800379c                HAL_ADC_MspInit
 .text.HAL_DAC_MspInit
                0x0000000008003878       0x90 ./Core/Src/stm32f7xx_hal_msp.o
                0x0000000008003878                HAL_DAC_MspInit
 .text.HAL_DMA2D_MspInit
                0x0000000008003908       0x4c ./Core/Src/stm32f7xx_hal_msp.o
                0x0000000008003908                HAL_DMA2D_MspInit
 .text.HAL_I2C_MspInit
                0x0000000008003954      0x150 ./Core/Src/stm32f7xx_hal_msp.o
                0x0000000008003954                HAL_I2C_MspInit
 .text.HAL_I2C_MspDeInit
                0x0000000008003aa4       0x78 ./Core/Src/stm32f7xx_hal_msp.o
                0x0000000008003aa4                HAL_I2C_MspDeInit
 .text.HAL_LTDC_MspInit
                0x0000000008003b1c      0x204 ./Core/Src/stm32f7xx_hal_msp.o
                0x0000000008003b1c                HAL_LTDC_MspInit
 .text.HAL_RTC_MspInit
                0x0000000008003d20       0x5c ./Core/Src/stm32f7xx_hal_msp.o
                0x0000000008003d20                HAL_RTC_MspInit
 .text.HAL_SPI_MspInit
                0x0000000008003d7c       0xc4 ./Core/Src/stm32f7xx_hal_msp.o
                0x0000000008003d7c                HAL_SPI_MspInit
 .text.HAL_TIM_Base_MspInit
                0x0000000008003e40      0x124 ./Core/Src/stm32f7xx_hal_msp.o
                0x0000000008003e40                HAL_TIM_Base_MspInit
 .text.HAL_UART_MspInit
                0x0000000008003f64      0x230 ./Core/Src/stm32f7xx_hal_msp.o
                0x0000000008003f64                HAL_UART_MspInit
 .text.HAL_FMC_MspInit
                0x0000000008004194      0x120 ./Core/Src/stm32f7xx_hal_msp.o
 .text.HAL_SDRAM_MspInit
                0x00000000080042b4       0x14 ./Core/Src/stm32f7xx_hal_msp.o
                0x00000000080042b4                HAL_SDRAM_MspInit
 .text.HAL_InitTick
                0x00000000080042c8       0xb0 ./Core/Src/stm32f7xx_hal_timebase_tim.o
                0x00000000080042c8                HAL_InitTick
 .text.NMI_Handler
                0x0000000008004378        0x6 ./Core/Src/stm32f7xx_it.o
                0x0000000008004378                NMI_Handler
 .text.HardFault_Handler
                0x000000000800437e        0x6 ./Core/Src/stm32f7xx_it.o
                0x000000000800437e                HardFault_Handler
 .text.MemManage_Handler
                0x0000000008004384        0x6 ./Core/Src/stm32f7xx_it.o
                0x0000000008004384                MemManage_Handler
 .text.BusFault_Handler
                0x000000000800438a        0x6 ./Core/Src/stm32f7xx_it.o
                0x000000000800438a                BusFault_Handler
 .text.UsageFault_Handler
                0x0000000008004390        0x6 ./Core/Src/stm32f7xx_it.o
                0x0000000008004390                UsageFault_Handler
 .text.DebugMon_Handler
                0x0000000008004396        0xe ./Core/Src/stm32f7xx_it.o
                0x0000000008004396                DebugMon_Handler
 .text.EXTI15_10_IRQHandler
                0x00000000080043a4       0x10 ./Core/Src/stm32f7xx_it.o
                0x00000000080043a4                EXTI15_10_IRQHandler
 .text.TIM6_DAC_IRQHandler
                0x00000000080043b4       0x28 ./Core/Src/stm32f7xx_it.o
                0x00000000080043b4                TIM6_DAC_IRQHandler
 .text.UART7_IRQHandler
                0x00000000080043dc       0x14 ./Core/Src/stm32f7xx_it.o
                0x00000000080043dc                UART7_IRQHandler
 .text.LTDC_IRQHandler
                0x00000000080043f0       0x14 ./Core/Src/stm32f7xx_it.o
                0x00000000080043f0                LTDC_IRQHandler
 .text.DMA2D_IRQHandler
                0x0000000008004404       0x14 ./Core/Src/stm32f7xx_it.o
                0x0000000008004404                DMA2D_IRQHandler
 .text._sbrk    0x0000000008004418       0x6c ./Core/Src/sysmem.o
                0x0000000008004418                _sbrk
 .text.SystemInit
                0x0000000008004484       0x24 ./Core/Src/system_stm32f7xx.o
                0x0000000008004484                SystemInit
 .text.Reset_Handler
                0x00000000080044a8       0x50 ./Core/Startup/startup_stm32f746nghx.o
                0x00000000080044a8                Reset_Handler
 .text.Default_Handler
                0x00000000080044f8        0x2 ./Core/Startup/startup_stm32f746nghx.o
                0x00000000080044f8                RTC_Alarm_IRQHandler
                0x00000000080044f8                EXTI2_IRQHandler
                0x00000000080044f8                TIM8_CC_IRQHandler
                0x00000000080044f8                UART8_IRQHandler
                0x00000000080044f8                SPI4_IRQHandler
                0x00000000080044f8                TIM1_CC_IRQHandler
                0x00000000080044f8                DMA2_Stream5_IRQHandler
                0x00000000080044f8                DMA1_Stream5_IRQHandler
                0x00000000080044f8                PVD_IRQHandler
                0x00000000080044f8                TAMP_STAMP_IRQHandler
                0x00000000080044f8                CAN2_RX1_IRQHandler
                0x00000000080044f8                EXTI3_IRQHandler
                0x00000000080044f8                TIM8_TRG_COM_TIM14_IRQHandler
                0x00000000080044f8                TIM1_UP_TIM10_IRQHandler
                0x00000000080044f8                TIM8_UP_TIM13_IRQHandler
                0x00000000080044f8                I2C3_ER_IRQHandler
                0x00000000080044f8                EXTI0_IRQHandler
                0x00000000080044f8                I2C2_EV_IRQHandler
                0x00000000080044f8                DMA1_Stream2_IRQHandler
                0x00000000080044f8                CAN1_RX0_IRQHandler
                0x00000000080044f8                FPU_IRQHandler
                0x00000000080044f8                OTG_HS_WKUP_IRQHandler
                0x00000000080044f8                LTDC_ER_IRQHandler
                0x00000000080044f8                CAN2_SCE_IRQHandler
                0x00000000080044f8                DMA2_Stream2_IRQHandler
                0x00000000080044f8                SPI1_IRQHandler
                0x00000000080044f8                TIM1_BRK_TIM9_IRQHandler
                0x00000000080044f8                DCMI_IRQHandler
                0x00000000080044f8                CAN2_RX0_IRQHandler
                0x00000000080044f8                DMA2_Stream3_IRQHandler
                0x00000000080044f8                SAI2_IRQHandler
                0x00000000080044f8                USART6_IRQHandler
                0x00000000080044f8                USART3_IRQHandler
                0x00000000080044f8                CAN1_RX1_IRQHandler
                0x00000000080044f8                UART5_IRQHandler
                0x00000000080044f8                DMA2_Stream0_IRQHandler
                0x00000000080044f8                TIM4_IRQHandler
                0x00000000080044f8                QUADSPI_IRQHandler
                0x00000000080044f8                I2C1_EV_IRQHandler
                0x00000000080044f8                DMA1_Stream6_IRQHandler
                0x00000000080044f8                DMA1_Stream1_IRQHandler
                0x00000000080044f8                UART4_IRQHandler
                0x00000000080044f8                TIM3_IRQHandler
                0x00000000080044f8                RCC_IRQHandler
                0x00000000080044f8                TIM8_BRK_TIM12_IRQHandler
                0x00000000080044f8                Default_Handler
                0x00000000080044f8                CEC_IRQHandler
                0x00000000080044f8                ADC_IRQHandler
                0x00000000080044f8                DMA1_Stream7_IRQHandler
                0x00000000080044f8                SPI5_IRQHandler
                0x00000000080044f8                TIM7_IRQHandler
                0x00000000080044f8                SDMMC1_IRQHandler
                0x00000000080044f8                CAN2_TX_IRQHandler
                0x00000000080044f8                TIM5_IRQHandler
                0x00000000080044f8                DMA2_Stream7_IRQHandler
                0x00000000080044f8                I2C3_EV_IRQHandler
                0x00000000080044f8                EXTI9_5_IRQHandler
                0x00000000080044f8                RTC_WKUP_IRQHandler
                0x00000000080044f8                ETH_WKUP_IRQHandler
                0x00000000080044f8                SPDIF_RX_IRQHandler
                0x00000000080044f8                SPI2_IRQHandler
                0x00000000080044f8                OTG_HS_EP1_IN_IRQHandler
                0x00000000080044f8                DMA1_Stream0_IRQHandler
                0x00000000080044f8                CAN1_TX_IRQHandler
                0x00000000080044f8                EXTI4_IRQHandler
                0x00000000080044f8                RNG_IRQHandler
                0x00000000080044f8                ETH_IRQHandler
                0x00000000080044f8                OTG_HS_EP1_OUT_IRQHandler
                0x00000000080044f8                WWDG_IRQHandler
                0x00000000080044f8                SPI6_IRQHandler
                0x00000000080044f8                I2C4_EV_IRQHandler
                0x00000000080044f8                TIM2_IRQHandler
                0x00000000080044f8                OTG_FS_WKUP_IRQHandler
                0x00000000080044f8                TIM1_TRG_COM_TIM11_IRQHandler
                0x00000000080044f8                OTG_HS_IRQHandler
                0x00000000080044f8                EXTI1_IRQHandler
                0x00000000080044f8                USART2_IRQHandler
                0x00000000080044f8                I2C2_ER_IRQHandler
                0x00000000080044f8                DMA2_Stream1_IRQHandler
                0x00000000080044f8                CAN1_SCE_IRQHandler
                0x00000000080044f8                FLASH_IRQHandler
                0x00000000080044f8                DMA2_Stream4_IRQHandler
                0x00000000080044f8                USART1_IRQHandler
                0x00000000080044f8                OTG_FS_IRQHandler
                0x00000000080044f8                SPI3_IRQHandler
                0x00000000080044f8                DMA1_Stream4_IRQHandler
                0x00000000080044f8                I2C1_ER_IRQHandler
                0x00000000080044f8                FMC_IRQHandler
                0x00000000080044f8                LPTIM1_IRQHandler
                0x00000000080044f8                I2C4_ER_IRQHandler
                0x00000000080044f8                DMA2_Stream6_IRQHandler
                0x00000000080044f8                SAI1_IRQHandler
                0x00000000080044f8                DMA1_Stream3_IRQHandler
 .text.HAL_Init
                0x00000000080044fa       0x1a ./Drivers/STM32F7xx_HAL_Driver/Src/stm32f7xx_hal.o
                0x00000000080044fa                HAL_Init
 .text.HAL_IncTick
                0x0000000008004514       0x28 ./Drivers/STM32F7xx_HAL_Driver/Src/stm32f7xx_hal.o
                0x0000000008004514                HAL_IncTick
 .text.HAL_GetTick
                0x000000000800453c       0x18 ./Drivers/STM32F7xx_HAL_Driver/Src/stm32f7xx_hal.o
                0x000000000800453c                HAL_GetTick
 .text.HAL_Delay
                0x0000000008004554       0x48 ./Drivers/STM32F7xx_HAL_Driver/Src/stm32f7xx_hal.o
                0x0000000008004554                HAL_Delay
 .text.HAL_ADC_Init
                0x000000000800459c       0x88 ./Drivers/STM32F7xx_HAL_Driver/Src/stm32f7xx_hal_adc.o
                0x000000000800459c                HAL_ADC_Init
 .text.HAL_ADC_Start
                0x0000000008004624      0x19c ./Drivers/STM32F7xx_HAL_Driver/Src/stm32f7xx_hal_adc.o
                0x0000000008004624                HAL_ADC_Start
 .text.HAL_ADC_PollForConversion
                0x00000000080047c0      0x116 ./Drivers/STM32F7xx_HAL_Driver/Src/stm32f7xx_hal_adc.o
                0x00000000080047c0                HAL_ADC_PollForConversion
 .text.HAL_ADC_GetValue
                0x00000000080048d6       0x1a ./Drivers/STM32F7xx_HAL_Driver/Src/stm32f7xx_hal_adc.o
                0x00000000080048d6                HAL_ADC_GetValue
 .text.HAL_ADC_ConfigChannel
                0x00000000080048f0      0x2ac ./Drivers/STM32F7xx_HAL_Driver/Src/stm32f7xx_hal_adc.o
                0x00000000080048f0                HAL_ADC_ConfigChannel
 .text.ADC_Init
                0x0000000008004b9c      0x1f4 ./Drivers/STM32F7xx_HAL_Driver/Src/stm32f7xx_hal_adc.o
 .text.__NVIC_SetPriorityGrouping
                0x0000000008004d90       0x48 ./Drivers/STM32F7xx_HAL_Driver/Src/stm32f7xx_hal_cortex.o
 .text.__NVIC_GetPriorityGrouping
                0x0000000008004dd8       0x1c ./Drivers/STM32F7xx_HAL_Driver/Src/stm32f7xx_hal_cortex.o
 .text.__NVIC_EnableIRQ
                0x0000000008004df4       0x3c ./Drivers/STM32F7xx_HAL_Driver/Src/stm32f7xx_hal_cortex.o
 .text.__NVIC_SetPriority
                0x0000000008004e30       0x54 ./Drivers/STM32F7xx_HAL_Driver/Src/stm32f7xx_hal_cortex.o
 .text.NVIC_EncodePriority
                0x0000000008004e84       0x66 ./Drivers/STM32F7xx_HAL_Driver/Src/stm32f7xx_hal_cortex.o
 .text.HAL_NVIC_SetPriorityGrouping
                0x0000000008004eea       0x16 ./Drivers/STM32F7xx_HAL_Driver/Src/stm32f7xx_hal_cortex.o
                0x0000000008004eea                HAL_NVIC_SetPriorityGrouping
 .text.HAL_NVIC_SetPriority
                0x0000000008004f00       0x38 ./Drivers/STM32F7xx_HAL_Driver/Src/stm32f7xx_hal_cortex.o
                0x0000000008004f00                HAL_NVIC_SetPriority
 .text.HAL_NVIC_EnableIRQ
                0x0000000008004f38       0x1c ./Drivers/STM32F7xx_HAL_Driver/Src/stm32f7xx_hal_cortex.o
                0x0000000008004f38                HAL_NVIC_EnableIRQ
 .text.HAL_DAC_Init
                0x0000000008004f54       0x44 ./Drivers/STM32F7xx_HAL_Driver/Src/stm32f7xx_hal_dac.o
                0x0000000008004f54                HAL_DAC_Init
 .text.HAL_DAC_IRQHandler
                0x0000000008004f98       0xb4 ./Drivers/STM32F7xx_HAL_Driver/Src/stm32f7xx_hal_dac.o
                0x0000000008004f98                HAL_DAC_IRQHandler
 .text.HAL_DAC_DMAUnderrunCallbackCh1
                0x000000000800504c       0x14 ./Drivers/STM32F7xx_HAL_Driver/Src/stm32f7xx_hal_dac.o
                0x000000000800504c                HAL_DAC_DMAUnderrunCallbackCh1
 .text.HAL_DAC_ConfigChannel
                0x0000000008005060       0x9e ./Drivers/STM32F7xx_HAL_Driver/Src/stm32f7xx_hal_dac.o
                0x0000000008005060                HAL_DAC_ConfigChannel
 .text.HAL_DACEx_DMAUnderrunCallbackCh2
                0x00000000080050fe       0x14 ./Drivers/STM32F7xx_HAL_Driver/Src/stm32f7xx_hal_dac_ex.o
                0x00000000080050fe                HAL_DACEx_DMAUnderrunCallbackCh2
 *fill*         0x0000000008005112        0x2 
 .text.HAL_DMA_Init
                0x0000000008005114      0x15c ./Drivers/STM32F7xx_HAL_Driver/Src/stm32f7xx_hal_dma.o
                0x0000000008005114                HAL_DMA_Init
 .text.HAL_DMA_DeInit
                0x0000000008005270       0xbc ./Drivers/STM32F7xx_HAL_Driver/Src/stm32f7xx_hal_dma.o
                0x0000000008005270                HAL_DMA_DeInit
 .text.HAL_DMA_Abort
                0x000000000800532c       0xe0 ./Drivers/STM32F7xx_HAL_Driver/Src/stm32f7xx_hal_dma.o
                0x000000000800532c                HAL_DMA_Abort
 .text.HAL_DMA_Abort_IT
                0x000000000800540c       0x44 ./Drivers/STM32F7xx_HAL_Driver/Src/stm32f7xx_hal_dma.o
                0x000000000800540c                HAL_DMA_Abort_IT
 .text.DMA_CalcBaseAndBitshift
                0x0000000008005450       0x6c ./Drivers/STM32F7xx_HAL_Driver/Src/stm32f7xx_hal_dma.o
 .text.DMA_CheckFifoParam
                0x00000000080054bc       0xf8 ./Drivers/STM32F7xx_HAL_Driver/Src/stm32f7xx_hal_dma.o
 .text.HAL_DMA2D_Init
                0x00000000080055b4       0x94 ./Drivers/STM32F7xx_HAL_Driver/Src/stm32f7xx_hal_dma2d.o
                0x00000000080055b4                HAL_DMA2D_Init
 .text.HAL_DMA2D_Start
                0x0000000008005648       0x56 ./Drivers/STM32F7xx_HAL_Driver/Src/stm32f7xx_hal_dma2d.o
                0x0000000008005648                HAL_DMA2D_Start
 .text.HAL_DMA2D_PollForTransfer
                0x000000000800569e      0x1d2 ./Drivers/STM32F7xx_HAL_Driver/Src/stm32f7xx_hal_dma2d.o
                0x000000000800569e                HAL_DMA2D_PollForTransfer
 .text.HAL_DMA2D_IRQHandler
                0x0000000008005870      0x1f8 ./Drivers/STM32F7xx_HAL_Driver/Src/stm32f7xx_hal_dma2d.o
                0x0000000008005870                HAL_DMA2D_IRQHandler
 .text.HAL_DMA2D_LineEventCallback
                0x0000000008005a68       0x14 ./Drivers/STM32F7xx_HAL_Driver/Src/stm32f7xx_hal_dma2d.o
                0x0000000008005a68                HAL_DMA2D_LineEventCallback
 .text.HAL_DMA2D_CLUTLoadingCpltCallback
                0x0000000008005a7c       0x14 ./Drivers/STM32F7xx_HAL_Driver/Src/stm32f7xx_hal_dma2d.o
                0x0000000008005a7c                HAL_DMA2D_CLUTLoadingCpltCallback
 .text.HAL_DMA2D_ConfigLayer
                0x0000000008005a90      0x124 ./Drivers/STM32F7xx_HAL_Driver/Src/stm32f7xx_hal_dma2d.o
                0x0000000008005a90                HAL_DMA2D_ConfigLayer
 .text.DMA2D_SetConfig
                0x0000000008005bb4      0x138 ./Drivers/STM32F7xx_HAL_Driver/Src/stm32f7xx_hal_dma2d.o
 .text.HAL_GPIO_Init
                0x0000000008005cec      0x358 ./Drivers/STM32F7xx_HAL_Driver/Src/stm32f7xx_hal_gpio.o
                0x0000000008005cec                HAL_GPIO_Init
 .text.HAL_GPIO_DeInit
                0x0000000008006044      0x218 ./Drivers/STM32F7xx_HAL_Driver/Src/stm32f7xx_hal_gpio.o
                0x0000000008006044                HAL_GPIO_DeInit
 .text.HAL_GPIO_ReadPin
                0x000000000800625c       0x30 ./Drivers/STM32F7xx_HAL_Driver/Src/stm32f7xx_hal_gpio.o
                0x000000000800625c                HAL_GPIO_ReadPin
 .text.HAL_GPIO_WritePin
                0x000000000800628c       0x32 ./Drivers/STM32F7xx_HAL_Driver/Src/stm32f7xx_hal_gpio.o
                0x000000000800628c                HAL_GPIO_WritePin
 *fill*         0x00000000080062be        0x2 
 .text.HAL_GPIO_EXTI_IRQHandler
                0x00000000080062c0       0x30 ./Drivers/STM32F7xx_HAL_Driver/Src/stm32f7xx_hal_gpio.o
                0x00000000080062c0                HAL_GPIO_EXTI_IRQHandler
 .text.HAL_I2C_Init
                0x00000000080062f0      0x120 ./Drivers/STM32F7xx_HAL_Driver/Src/stm32f7xx_hal_i2c.o
                0x00000000080062f0                HAL_I2C_Init
 .text.HAL_I2C_DeInit
                0x0000000008006410       0x5e ./Drivers/STM32F7xx_HAL_Driver/Src/stm32f7xx_hal_i2c.o
                0x0000000008006410                HAL_I2C_DeInit
 *fill*         0x000000000800646e        0x2 
 .text.HAL_I2C_Mem_Write
                0x0000000008006470      0x228 ./Drivers/STM32F7xx_HAL_Driver/Src/stm32f7xx_hal_i2c.o
                0x0000000008006470                HAL_I2C_Mem_Write
 .text.HAL_I2C_Mem_Read
                0x0000000008006698      0x234 ./Drivers/STM32F7xx_HAL_Driver/Src/stm32f7xx_hal_i2c.o
                0x0000000008006698                HAL_I2C_Mem_Read
 .text.HAL_I2C_GetState
                0x00000000080068cc       0x1c ./Drivers/STM32F7xx_HAL_Driver/Src/stm32f7xx_hal_i2c.o
                0x00000000080068cc                HAL_I2C_GetState
 .text.I2C_RequestMemoryWrite
                0x00000000080068e8       0xa8 ./Drivers/STM32F7xx_HAL_Driver/Src/stm32f7xx_hal_i2c.o
 .text.I2C_RequestMemoryRead
                0x0000000008006990       0xa8 ./Drivers/STM32F7xx_HAL_Driver/Src/stm32f7xx_hal_i2c.o
 .text.I2C_Flush_TXDR
                0x0000000008006a38       0x48 ./Drivers/STM32F7xx_HAL_Driver/Src/stm32f7xx_hal_i2c.o
 .text.I2C_WaitOnFlagUntilTimeout
                0x0000000008006a80       0x80 ./Drivers/STM32F7xx_HAL_Driver/Src/stm32f7xx_hal_i2c.o
 .text.I2C_WaitOnTXISFlagUntilTimeout
                0x0000000008006b00       0x80 ./Drivers/STM32F7xx_HAL_Driver/Src/stm32f7xx_hal_i2c.o
 .text.I2C_WaitOnSTOPFlagUntilTimeout
                0x0000000008006b80       0x78 ./Drivers/STM32F7xx_HAL_Driver/Src/stm32f7xx_hal_i2c.o
 .text.I2C_IsErrorOccurred
                0x0000000008006bf8      0x1d8 ./Drivers/STM32F7xx_HAL_Driver/Src/stm32f7xx_hal_i2c.o
 .text.I2C_TransferConfig
                0x0000000008006dd0       0x64 ./Drivers/STM32F7xx_HAL_Driver/Src/stm32f7xx_hal_i2c.o
 .text.HAL_I2CEx_ConfigAnalogFilter
                0x0000000008006e34       0x96 ./Drivers/STM32F7xx_HAL_Driver/Src/stm32f7xx_hal_i2c_ex.o
                0x0000000008006e34                HAL_I2CEx_ConfigAnalogFilter
 .text.HAL_I2CEx_ConfigDigitalFilter
                0x0000000008006eca       0x98 ./Drivers/STM32F7xx_HAL_Driver/Src/stm32f7xx_hal_i2c_ex.o
                0x0000000008006eca                HAL_I2CEx_ConfigDigitalFilter
 *fill*         0x0000000008006f62        0x2 
 .text.HAL_LTDC_Init
                0x0000000008006f64      0x1a0 ./Drivers/STM32F7xx_HAL_Driver/Src/stm32f7xx_hal_ltdc.o
                0x0000000008006f64                HAL_LTDC_Init
 .text.HAL_LTDC_IRQHandler
                0x0000000008007104      0x148 ./Drivers/STM32F7xx_HAL_Driver/Src/stm32f7xx_hal_ltdc.o
                0x0000000008007104                HAL_LTDC_IRQHandler
 .text.HAL_LTDC_ErrorCallback
                0x000000000800724c       0x14 ./Drivers/STM32F7xx_HAL_Driver/Src/stm32f7xx_hal_ltdc.o
                0x000000000800724c                HAL_LTDC_ErrorCallback
 .text.HAL_LTDC_LineEventCallback
                0x0000000008007260       0x14 ./Drivers/STM32F7xx_HAL_Driver/Src/stm32f7xx_hal_ltdc.o
                0x0000000008007260                HAL_LTDC_LineEventCallback
 .text.HAL_LTDC_ReloadEventCallback
                0x0000000008007274       0x14 ./Drivers/STM32F7xx_HAL_Driver/Src/stm32f7xx_hal_ltdc.o
                0x0000000008007274                HAL_LTDC_ReloadEventCallback
 .text.HAL_LTDC_ConfigLayer
                0x0000000008007288       0x7c ./Drivers/STM32F7xx_HAL_Driver/Src/stm32f7xx_hal_ltdc.o
                0x0000000008007288                HAL_LTDC_ConfigLayer
 .text.HAL_LTDC_GetState
                0x0000000008007304       0x1c ./Drivers/STM32F7xx_HAL_Driver/Src/stm32f7xx_hal_ltdc.o
                0x0000000008007304                HAL_LTDC_GetState
 .text.LTDC_SetConfig
                0x0000000008007320      0x334 ./Drivers/STM32F7xx_HAL_Driver/Src/stm32f7xx_hal_ltdc.o
 .text.HAL_PWR_EnableBkUpAccess
                0x0000000008007654       0x20 ./Drivers/STM32F7xx_HAL_Driver/Src/stm32f7xx_hal_pwr.o
                0x0000000008007654                HAL_PWR_EnableBkUpAccess
 .text.HAL_PWREx_EnableOverDrive
                0x0000000008007674       0xa0 ./Drivers/STM32F7xx_HAL_Driver/Src/stm32f7xx_hal_pwr_ex.o
                0x0000000008007674                HAL_PWREx_EnableOverDrive
 .text.HAL_RCC_OscConfig
                0x0000000008007714      0x548 ./Drivers/STM32F7xx_HAL_Driver/Src/stm32f7xx_hal_rcc.o
                0x0000000008007714                HAL_RCC_OscConfig
 .text.HAL_RCC_ClockConfig
                0x0000000008007c5c      0x1d8 ./Drivers/STM32F7xx_HAL_Driver/Src/stm32f7xx_hal_rcc.o
                0x0000000008007c5c                HAL_RCC_ClockConfig
 .text.HAL_RCC_GetSysClockFreq
                0x0000000008007e34      0x18c ./Drivers/STM32F7xx_HAL_Driver/Src/stm32f7xx_hal_rcc.o
                0x0000000008007e34                HAL_RCC_GetSysClockFreq
 .text.HAL_RCC_GetHCLKFreq
                0x0000000008007fc0       0x18 ./Drivers/STM32F7xx_HAL_Driver/Src/stm32f7xx_hal_rcc.o
                0x0000000008007fc0                HAL_RCC_GetHCLKFreq
 .text.HAL_RCC_GetPCLK1Freq
                0x0000000008007fd8       0x28 ./Drivers/STM32F7xx_HAL_Driver/Src/stm32f7xx_hal_rcc.o
                0x0000000008007fd8                HAL_RCC_GetPCLK1Freq
 .text.HAL_RCC_GetPCLK2Freq
                0x0000000008008000       0x28 ./Drivers/STM32F7xx_HAL_Driver/Src/stm32f7xx_hal_rcc.o
                0x0000000008008000                HAL_RCC_GetPCLK2Freq
 .text.HAL_RCC_GetClockConfig
                0x0000000008008028       0x64 ./Drivers/STM32F7xx_HAL_Driver/Src/stm32f7xx_hal_rcc.o
                0x0000000008008028                HAL_RCC_GetClockConfig
 .text.HAL_RCCEx_PeriphCLKConfig
                0x000000000800808c      0x7e0 ./Drivers/STM32F7xx_HAL_Driver/Src/stm32f7xx_hal_rcc_ex.o
                0x000000000800808c                HAL_RCCEx_PeriphCLKConfig
 .text.HAL_RTC_Init
                0x000000000800886c      0x124 ./Drivers/STM32F7xx_HAL_Driver/Src/stm32f7xx_hal_rtc.o
                0x000000000800886c                HAL_RTC_Init
 .text.HAL_RTC_SetTime
                0x0000000008008990      0x17c ./Drivers/STM32F7xx_HAL_Driver/Src/stm32f7xx_hal_rtc.o
                0x0000000008008990                HAL_RTC_SetTime
 .text.HAL_RTC_SetDate
                0x0000000008008b0c      0x150 ./Drivers/STM32F7xx_HAL_Driver/Src/stm32f7xx_hal_rtc.o
                0x0000000008008b0c                HAL_RTC_SetDate
 .text.HAL_RTC_SetAlarm
                0x0000000008008c5c      0x230 ./Drivers/STM32F7xx_HAL_Driver/Src/stm32f7xx_hal_rtc.o
                0x0000000008008c5c                HAL_RTC_SetAlarm
 .text.HAL_RTC_WaitForSynchro
                0x0000000008008e8c       0x50 ./Drivers/STM32F7xx_HAL_Driver/Src/stm32f7xx_hal_rtc.o
                0x0000000008008e8c                HAL_RTC_WaitForSynchro
 .text.RTC_EnterInitMode
                0x0000000008008edc       0x58 ./Drivers/STM32F7xx_HAL_Driver/Src/stm32f7xx_hal_rtc.o
                0x0000000008008edc                RTC_EnterInitMode
 .text.RTC_ByteToBcd2
                0x0000000008008f34       0x3c ./Drivers/STM32F7xx_HAL_Driver/Src/stm32f7xx_hal_rtc.o
                0x0000000008008f34                RTC_ByteToBcd2
 .text.HAL_RTCEx_SetTimeStamp
                0x0000000008008f70       0xac ./Drivers/STM32F7xx_HAL_Driver/Src/stm32f7xx_hal_rtc_ex.o
                0x0000000008008f70                HAL_RTCEx_SetTimeStamp
 .text.HAL_SDRAM_Init
                0x000000000800901c       0x68 ./Drivers/STM32F7xx_HAL_Driver/Src/stm32f7xx_hal_sdram.o
                0x000000000800901c                HAL_SDRAM_Init
 .text.HAL_SDRAM_SendCommand
                0x0000000008009084       0x6a ./Drivers/STM32F7xx_HAL_Driver/Src/stm32f7xx_hal_sdram.o
                0x0000000008009084                HAL_SDRAM_SendCommand
 .text.HAL_SDRAM_ProgramRefreshRate
                0x00000000080090ee       0x50 ./Drivers/STM32F7xx_HAL_Driver/Src/stm32f7xx_hal_sdram.o
                0x00000000080090ee                HAL_SDRAM_ProgramRefreshRate
 .text.HAL_SPI_Init
                0x000000000800913e      0x156 ./Drivers/STM32F7xx_HAL_Driver/Src/stm32f7xx_hal_spi.o
                0x000000000800913e                HAL_SPI_Init
 .text.HAL_TIM_Base_Init
                0x0000000008009294       0xae ./Drivers/STM32F7xx_HAL_Driver/Src/stm32f7xx_hal_tim.o
                0x0000000008009294                HAL_TIM_Base_Init
 *fill*         0x0000000008009342        0x2 
 .text.HAL_TIM_Base_Start_IT
                0x0000000008009344       0xf0 ./Drivers/STM32F7xx_HAL_Driver/Src/stm32f7xx_hal_tim.o
                0x0000000008009344                HAL_TIM_Base_Start_IT
 .text.HAL_TIM_IRQHandler
                0x0000000008009434      0x23e ./Drivers/STM32F7xx_HAL_Driver/Src/stm32f7xx_hal_tim.o
                0x0000000008009434                HAL_TIM_IRQHandler
 *fill*         0x0000000008009672        0x2 
 .text.HAL_TIM_ConfigClockSource
                0x0000000008009674      0x194 ./Drivers/STM32F7xx_HAL_Driver/Src/stm32f7xx_hal_tim.o
                0x0000000008009674                HAL_TIM_ConfigClockSource
 .text.HAL_TIM_OC_DelayElapsedCallback
                0x0000000008009808       0x14 ./Drivers/STM32F7xx_HAL_Driver/Src/stm32f7xx_hal_tim.o
                0x0000000008009808                HAL_TIM_OC_DelayElapsedCallback
 .text.HAL_TIM_IC_CaptureCallback
                0x000000000800981c       0x14 ./Drivers/STM32F7xx_HAL_Driver/Src/stm32f7xx_hal_tim.o
                0x000000000800981c                HAL_TIM_IC_CaptureCallback
 .text.HAL_TIM_PWM_PulseFinishedCallback
                0x0000000008009830       0x14 ./Drivers/STM32F7xx_HAL_Driver/Src/stm32f7xx_hal_tim.o
                0x0000000008009830                HAL_TIM_PWM_PulseFinishedCallback
 .text.HAL_TIM_TriggerCallback
                0x0000000008009844       0x14 ./Drivers/STM32F7xx_HAL_Driver/Src/stm32f7xx_hal_tim.o
                0x0000000008009844                HAL_TIM_TriggerCallback
 .text.TIM_Base_SetConfig
                0x0000000008009858      0x140 ./Drivers/STM32F7xx_HAL_Driver/Src/stm32f7xx_hal_tim.o
                0x0000000008009858                TIM_Base_SetConfig
 .text.TIM_TI1_ConfigInputStage
                0x0000000008009998       0x5e ./Drivers/STM32F7xx_HAL_Driver/Src/stm32f7xx_hal_tim.o
 .text.TIM_TI2_ConfigInputStage
                0x00000000080099f6       0x60 ./Drivers/STM32F7xx_HAL_Driver/Src/stm32f7xx_hal_tim.o
 .text.TIM_ITRx_SetConfig
                0x0000000008009a56       0x36 ./Drivers/STM32F7xx_HAL_Driver/Src/stm32f7xx_hal_tim.o
 .text.TIM_ETR_SetConfig
                0x0000000008009a8c       0x40 ./Drivers/STM32F7xx_HAL_Driver/Src/stm32f7xx_hal_tim.o
                0x0000000008009a8c                TIM_ETR_SetConfig
 .text.HAL_TIMEx_MasterConfigSynchronization
                0x0000000008009acc      0x11c ./Drivers/STM32F7xx_HAL_Driver/Src/stm32f7xx_hal_tim_ex.o
                0x0000000008009acc                HAL_TIMEx_MasterConfigSynchronization
 .text.HAL_TIMEx_CommutCallback
                0x0000000008009be8       0x14 ./Drivers/STM32F7xx_HAL_Driver/Src/stm32f7xx_hal_tim_ex.o
                0x0000000008009be8                HAL_TIMEx_CommutCallback
 .text.HAL_TIMEx_BreakCallback
                0x0000000008009bfc       0x14 ./Drivers/STM32F7xx_HAL_Driver/Src/stm32f7xx_hal_tim_ex.o
                0x0000000008009bfc                HAL_TIMEx_BreakCallback
 .text.HAL_TIMEx_Break2Callback
                0x0000000008009c10       0x14 ./Drivers/STM32F7xx_HAL_Driver/Src/stm32f7xx_hal_tim_ex.o
                0x0000000008009c10                HAL_TIMEx_Break2Callback
 .text.HAL_UART_Init
                0x0000000008009c24       0x9c ./Drivers/STM32F7xx_HAL_Driver/Src/stm32f7xx_hal_uart.o
                0x0000000008009c24                HAL_UART_Init
 .text.HAL_UART_Transmit_IT
                0x0000000008009cc0       0xdc ./Drivers/STM32F7xx_HAL_Driver/Src/stm32f7xx_hal_uart.o
                0x0000000008009cc0                HAL_UART_Transmit_IT
 .text.HAL_UART_Receive_IT
                0x0000000008009d9c       0x9c ./Drivers/STM32F7xx_HAL_Driver/Src/stm32f7xx_hal_uart.o
                0x0000000008009d9c                HAL_UART_Receive_IT
 .text.HAL_UART_IRQHandler
                0x0000000008009e38      0x594 ./Drivers/STM32F7xx_HAL_Driver/Src/stm32f7xx_hal_uart.o
                0x0000000008009e38                HAL_UART_IRQHandler
 .text.HAL_UART_TxCpltCallback
                0x000000000800a3cc       0x14 ./Drivers/STM32F7xx_HAL_Driver/Src/stm32f7xx_hal_uart.o
                0x000000000800a3cc                HAL_UART_TxCpltCallback
 .text.HAL_UART_ErrorCallback
                0x000000000800a3e0       0x14 ./Drivers/STM32F7xx_HAL_Driver/Src/stm32f7xx_hal_uart.o
                0x000000000800a3e0                HAL_UART_ErrorCallback
 .text.HAL_UARTEx_RxEventCallback
                0x000000000800a3f4       0x18 ./Drivers/STM32F7xx_HAL_Driver/Src/stm32f7xx_hal_uart.o
                0x000000000800a3f4                HAL_UARTEx_RxEventCallback
 .text.UART_SetConfig
                0x000000000800a40c      0x4c8 ./Drivers/STM32F7xx_HAL_Driver/Src/stm32f7xx_hal_uart.o
                0x000000000800a40c                UART_SetConfig
 .text.UART_AdvFeatureConfig
                0x000000000800a8d4      0x144 ./Drivers/STM32F7xx_HAL_Driver/Src/stm32f7xx_hal_uart.o
                0x000000000800a8d4                UART_AdvFeatureConfig
 .text.UART_CheckIdleState
                0x000000000800aa18       0x66 ./Drivers/STM32F7xx_HAL_Driver/Src/stm32f7xx_hal_uart.o
                0x000000000800aa18                UART_CheckIdleState
 .text.UART_WaitOnFlagUntilTimeout
                0x000000000800aa7e      0x188 ./Drivers/STM32F7xx_HAL_Driver/Src/stm32f7xx_hal_uart.o
                0x000000000800aa7e                UART_WaitOnFlagUntilTimeout
 *fill*         0x000000000800ac06        0x2 
 .text.UART_Start_Receive_IT
                0x000000000800ac08      0x194 ./Drivers/STM32F7xx_HAL_Driver/Src/stm32f7xx_hal_uart.o
                0x000000000800ac08                UART_Start_Receive_IT
 .text.UART_EndRxTransfer
                0x000000000800ad9c       0xc6 ./Drivers/STM32F7xx_HAL_Driver/Src/stm32f7xx_hal_uart.o
 .text.UART_DMAAbortOnError
                0x000000000800ae62       0x2c ./Drivers/STM32F7xx_HAL_Driver/Src/stm32f7xx_hal_uart.o
 .text.UART_TxISR_8BIT
                0x000000000800ae8e       0xb6 ./Drivers/STM32F7xx_HAL_Driver/Src/stm32f7xx_hal_uart.o
 .text.UART_TxISR_16BIT
                0x000000000800af44       0xc0 ./Drivers/STM32F7xx_HAL_Driver/Src/stm32f7xx_hal_uart.o
 .text.UART_EndTransmit_IT
                0x000000000800b004       0x54 ./Drivers/STM32F7xx_HAL_Driver/Src/stm32f7xx_hal_uart.o
 .text.UART_RxISR_8BIT
                0x000000000800b058      0x15c ./Drivers/STM32F7xx_HAL_Driver/Src/stm32f7xx_hal_uart.o
 .text.UART_RxISR_16BIT
                0x000000000800b1b4      0x15c ./Drivers/STM32F7xx_HAL_Driver/Src/stm32f7xx_hal_uart.o
 .text.FMC_SDRAM_Init
                0x000000000800b310       0xb8 ./Drivers/STM32F7xx_HAL_Driver/Src/stm32f7xx_ll_fmc.o
                0x000000000800b310                FMC_SDRAM_Init
 .text.FMC_SDRAM_Timing_Init
                0x000000000800b3c8       0xd4 ./Drivers/STM32F7xx_HAL_Driver/Src/stm32f7xx_ll_fmc.o
                0x000000000800b3c8                FMC_SDRAM_Timing_Init
 .text.FMC_SDRAM_SendCommand
                0x000000000800b49c       0x48 ./Drivers/STM32F7xx_HAL_Driver/Src/stm32f7xx_ll_fmc.o
                0x000000000800b49c                FMC_SDRAM_SendCommand
 .text.FMC_SDRAM_ProgramRefreshRate
                0x000000000800b4e4       0x30 ./Drivers/STM32F7xx_HAL_Driver/Src/stm32f7xx_ll_fmc.o
                0x000000000800b4e4                FMC_SDRAM_ProgramRefreshRate
 .text.makeFreeRtosPriority
                0x000000000800b514       0x30 ./Middlewares/Third_Party/FreeRTOS/Source/CMSIS_RTOS/cmsis_os.o
 .text.osKernelStart
                0x000000000800b544        0xe ./Middlewares/Third_Party/FreeRTOS/Source/CMSIS_RTOS/cmsis_os.o
                0x000000000800b544                osKernelStart
 .text.osThreadCreate
                0x000000000800b552       0x98 ./Middlewares/Third_Party/FreeRTOS/Source/CMSIS_RTOS/cmsis_os.o
                0x000000000800b552                osThreadCreate
 .text.osDelay  0x000000000800b5ea       0x28 ./Middlewares/Third_Party/FreeRTOS/Source/CMSIS_RTOS/cmsis_os.o
                0x000000000800b5ea                osDelay
 .text.osMutexCreate
                0x000000000800b612       0x30 ./Middlewares/Third_Party/FreeRTOS/Source/CMSIS_RTOS/cmsis_os.o
                0x000000000800b612                osMutexCreate
 .text.osMessageCreate
                0x000000000800b642       0x50 ./Middlewares/Third_Party/FreeRTOS/Source/CMSIS_RTOS/cmsis_os.o
                0x000000000800b642                osMessageCreate
 .text.vListInitialise
                0x000000000800b692       0x40 ./Middlewares/Third_Party/FreeRTOS/Source/list.o
                0x000000000800b692                vListInitialise
 .text.vListInitialiseItem
                0x000000000800b6d2       0x1a ./Middlewares/Third_Party/FreeRTOS/Source/list.o
                0x000000000800b6d2                vListInitialiseItem
 .text.vListInsertEnd
                0x000000000800b6ec       0x48 ./Middlewares/Third_Party/FreeRTOS/Source/list.o
                0x000000000800b6ec                vListInsertEnd
 .text.vListInsert
                0x000000000800b734       0x72 ./Middlewares/Third_Party/FreeRTOS/Source/list.o
                0x000000000800b734                vListInsert
 .text.uxListRemove
                0x000000000800b7a6       0x54 ./Middlewares/Third_Party/FreeRTOS/Source/list.o
                0x000000000800b7a6                uxListRemove
 *fill*         0x000000000800b7fa        0x2 
 .text.xQueueGenericReset
                0x000000000800b7fc       0xd4 ./Middlewares/Third_Party/FreeRTOS/Source/queue.o
                0x000000000800b7fc                xQueueGenericReset
 .text.xQueueGenericCreateStatic
                0x000000000800b8d0      0x104 ./Middlewares/Third_Party/FreeRTOS/Source/queue.o
                0x000000000800b8d0                xQueueGenericCreateStatic
 .text.xQueueGenericCreate
                0x000000000800b9d4       0x84 ./Middlewares/Third_Party/FreeRTOS/Source/queue.o
                0x000000000800b9d4                xQueueGenericCreate
 .text.prvInitialiseNewQueue
                0x000000000800ba58       0x3e ./Middlewares/Third_Party/FreeRTOS/Source/queue.o
 .text.prvInitialiseMutex
                0x000000000800ba96       0x34 ./Middlewares/Third_Party/FreeRTOS/Source/queue.o
 .text.xQueueCreateMutex
                0x000000000800baca       0x30 ./Middlewares/Third_Party/FreeRTOS/Source/queue.o
                0x000000000800baca                xQueueCreateMutex
 .text.xQueueCreateMutexStatic
                0x000000000800bafa       0x36 ./Middlewares/Third_Party/FreeRTOS/Source/queue.o
                0x000000000800bafa                xQueueCreateMutexStatic
 .text.xQueueGenericSend
                0x000000000800bb30      0x20c ./Middlewares/Third_Party/FreeRTOS/Source/queue.o
                0x000000000800bb30                xQueueGenericSend
 .text.xQueueReceive
                0x000000000800bd3c      0x1cc ./Middlewares/Third_Party/FreeRTOS/Source/queue.o
                0x000000000800bd3c                xQueueReceive
 .text.xQueueSemaphoreTake
                0x000000000800bf08      0x228 ./Middlewares/Third_Party/FreeRTOS/Source/queue.o
                0x000000000800bf08                xQueueSemaphoreTake
 .text.prvGetDisinheritPriorityAfterTimeout
                0x000000000800c130       0x30 ./Middlewares/Third_Party/FreeRTOS/Source/queue.o
 .text.prvCopyDataToQueue
                0x000000000800c160       0xd4 ./Middlewares/Third_Party/FreeRTOS/Source/queue.o
 .text.prvCopyDataFromQueue
                0x000000000800c234       0x4c ./Middlewares/Third_Party/FreeRTOS/Source/queue.o
 .text.prvUnlockQueue
                0x000000000800c280       0xa4 ./Middlewares/Third_Party/FreeRTOS/Source/queue.o
 .text.prvIsQueueEmpty
                0x000000000800c324       0x2c ./Middlewares/Third_Party/FreeRTOS/Source/queue.o
 .text.prvIsQueueFull
                0x000000000800c350       0x30 ./Middlewares/Third_Party/FreeRTOS/Source/queue.o
 .text.xTaskCreateStatic
                0x000000000800c380       0xc6 ./Middlewares/Third_Party/FreeRTOS/Source/tasks.o
                0x000000000800c380                xTaskCreateStatic
 .text.xTaskCreate
                0x000000000800c446       0x8a ./Middlewares/Third_Party/FreeRTOS/Source/tasks.o
                0x000000000800c446                xTaskCreate
 .text.prvInitialiseNewTask
                0x000000000800c4d0      0x140 ./Middlewares/Third_Party/FreeRTOS/Source/tasks.o
 .text.prvAddNewTaskToReadyList
                0x000000000800c610       0xd4 ./Middlewares/Third_Party/FreeRTOS/Source/tasks.o
 .text.vTaskDelete
                0x000000000800c6e4      0x124 ./Middlewares/Third_Party/FreeRTOS/Source/tasks.o
                0x000000000800c6e4                vTaskDelete
 .text.vTaskDelayUntil
                0x000000000800c808      0x108 ./Middlewares/Third_Party/FreeRTOS/Source/tasks.o
                0x000000000800c808                vTaskDelayUntil
 .text.vTaskDelay
                0x000000000800c910       0x6c ./Middlewares/Third_Party/FreeRTOS/Source/tasks.o
                0x000000000800c910                vTaskDelay
 .text.vTaskStartScheduler
                0x000000000800c97c       0xdc ./Middlewares/Third_Party/FreeRTOS/Source/tasks.o
                0x000000000800c97c                vTaskStartScheduler
 .text.vTaskSuspendAll
                0x000000000800ca58       0x1c ./Middlewares/Third_Party/FreeRTOS/Source/tasks.o
                0x000000000800ca58                vTaskSuspendAll
 .text.xTaskResumeAll
                0x000000000800ca74      0x13c ./Middlewares/Third_Party/FreeRTOS/Source/tasks.o
                0x000000000800ca74                xTaskResumeAll
 .text.xTaskIncrementTick
                0x000000000800cbb0      0x174 ./Middlewares/Third_Party/FreeRTOS/Source/tasks.o
                0x000000000800cbb0                xTaskIncrementTick
 .text.vTaskSwitchContext
                0x000000000800cd24       0xc8 ./Middlewares/Third_Party/FreeRTOS/Source/tasks.o
                0x000000000800cd24                vTaskSwitchContext
 .text.vTaskPlaceOnEventList
                0x000000000800cdec       0x4c ./Middlewares/Third_Party/FreeRTOS/Source/tasks.o
                0x000000000800cdec                vTaskPlaceOnEventList
 .text.xTaskRemoveFromEventList
                0x000000000800ce38       0xc8 ./Middlewares/Third_Party/FreeRTOS/Source/tasks.o
                0x000000000800ce38                xTaskRemoveFromEventList
 .text.vTaskInternalSetTimeOutState
                0x000000000800cf00       0x2c ./Middlewares/Third_Party/FreeRTOS/Source/tasks.o
                0x000000000800cf00                vTaskInternalSetTimeOutState
 .text.xTaskCheckForTimeOut
                0x000000000800cf2c       0xcc ./Middlewares/Third_Party/FreeRTOS/Source/tasks.o
                0x000000000800cf2c                xTaskCheckForTimeOut
 .text.vTaskMissedYield
                0x000000000800cff8       0x18 ./Middlewares/Third_Party/FreeRTOS/Source/tasks.o
                0x000000000800cff8                vTaskMissedYield
 .text.prvIdleTask
                0x000000000800d010       0x30 ./Middlewares/Third_Party/FreeRTOS/Source/tasks.o
 .text.prvInitialiseTaskLists
                0x000000000800d040       0x80 ./Middlewares/Third_Party/FreeRTOS/Source/tasks.o
 .text.prvCheckTasksWaitingTermination
                0x000000000800d0c0       0x5c ./Middlewares/Third_Party/FreeRTOS/Source/tasks.o
 .text.prvDeleteTCB
                0x000000000800d11c       0x6c ./Middlewares/Third_Party/FreeRTOS/Source/tasks.o
 .text.prvResetNextTaskUnblockTime
                0x000000000800d188       0x40 ./Middlewares/Third_Party/FreeRTOS/Source/tasks.o
 .text.xTaskGetSchedulerState
                0x000000000800d1c8       0x3c ./Middlewares/Third_Party/FreeRTOS/Source/tasks.o
                0x000000000800d1c8                xTaskGetSchedulerState
 .text.xTaskPriorityInherit
                0x000000000800d204      0x100 ./Middlewares/Third_Party/FreeRTOS/Source/tasks.o
                0x000000000800d204                xTaskPriorityInherit
 .text.xTaskPriorityDisinherit
                0x000000000800d304      0x114 ./Middlewares/Third_Party/FreeRTOS/Source/tasks.o
                0x000000000800d304                xTaskPriorityDisinherit
 .text.vTaskPriorityDisinheritAfterTimeout
                0x000000000800d418      0x13c ./Middlewares/Third_Party/FreeRTOS/Source/tasks.o
                0x000000000800d418                vTaskPriorityDisinheritAfterTimeout
 .text.pvTaskIncrementMutexHeldCount
                0x000000000800d554       0x28 ./Middlewares/Third_Party/FreeRTOS/Source/tasks.o
                0x000000000800d554                pvTaskIncrementMutexHeldCount
 .text.prvAddCurrentTaskToDelayedList
                0x000000000800d57c       0xcc ./Middlewares/Third_Party/FreeRTOS/Source/tasks.o
 .text.pxPortInitialiseStack
                0x000000000800d648       0x68 ./Middlewares/Third_Party/FreeRTOS/Source/portable/GCC/ARM_CM7/r0p1/port.o
                0x000000000800d648                pxPortInitialiseStack
 .text.prvTaskExitError
                0x000000000800d6b0       0x60 ./Middlewares/Third_Party/FreeRTOS/Source/portable/GCC/ARM_CM7/r0p1/port.o
 .text.SVC_Handler
                0x000000000800d710       0x28 ./Middlewares/Third_Party/FreeRTOS/Source/portable/GCC/ARM_CM7/r0p1/port.o
                0x000000000800d710                SVC_Handler
 .text.prvPortStartFirstTask
                0x000000000800d738       0x28 ./Middlewares/Third_Party/FreeRTOS/Source/portable/GCC/ARM_CM7/r0p1/port.o
 .text.xPortStartScheduler
                0x000000000800d760       0xfc ./Middlewares/Third_Party/FreeRTOS/Source/portable/GCC/ARM_CM7/r0p1/port.o
                0x000000000800d760                xPortStartScheduler
 .text.vPortEnterCritical
                0x000000000800d85c       0x68 ./Middlewares/Third_Party/FreeRTOS/Source/portable/GCC/ARM_CM7/r0p1/port.o
                0x000000000800d85c                vPortEnterCritical
 .text.vPortExitCritical
                0x000000000800d8c4       0x58 ./Middlewares/Third_Party/FreeRTOS/Source/portable/GCC/ARM_CM7/r0p1/port.o
                0x000000000800d8c4                vPortExitCritical
 *fill*         0x000000000800d91c        0x4 
 .text.PendSV_Handler
                0x000000000800d920       0x68 ./Middlewares/Third_Party/FreeRTOS/Source/portable/GCC/ARM_CM7/r0p1/port.o
                0x000000000800d920                PendSV_Handler
 .text.SysTick_Handler
                0x000000000800d988       0x48 ./Middlewares/Third_Party/FreeRTOS/Source/portable/GCC/ARM_CM7/r0p1/port.o
                0x000000000800d988                SysTick_Handler
 .text.vPortSetupTimerInterrupt
                0x000000000800d9d0       0x48 ./Middlewares/Third_Party/FreeRTOS/Source/portable/GCC/ARM_CM7/r0p1/port.o
                0x000000000800d9d0                vPortSetupTimerInterrupt
 .text.vPortEnableVFP
                0x000000000800da18       0x14 ./Middlewares/Third_Party/FreeRTOS/Source/portable/GCC/ARM_CM7/r0p1/port.o
 .text.pvPortMalloc
                0x000000000800da2c      0x194 ./Middlewares/Third_Party/FreeRTOS/Source/portable/MemMang/heap_4.o
                0x000000000800da2c                pvPortMalloc
 .text.vPortFree
                0x000000000800dbc0       0xbc ./Middlewares/Third_Party/FreeRTOS/Source/portable/MemMang/heap_4.o
                0x000000000800dbc0                vPortFree
 .text.prvHeapInit
                0x000000000800dc7c       0xc4 ./Middlewares/Third_Party/FreeRTOS/Source/portable/MemMang/heap_4.o
 .text.prvInsertBlockIntoFreeList
                0x000000000800dd40       0xb4 ./Middlewares/Third_Party/FreeRTOS/Source/portable/MemMang/heap_4.o
 .text.__errno  0x000000000800ddf4        0xc c:/st/stm32cubeide_1.8.0/stm32cubeide/plugins/com.st.stm32cube.ide.mcu.externaltools.gnu-tools-for-stm32.10.3-2021.10.win32_1.0.0.202111181127/tools/bin/../lib/gcc/arm-none-eabi/10.3.1/../../../../arm-none-eabi/lib/thumb/v7e-m+fp/hard\libc_nano.a(lib_a-errno.o)
                0x000000000800ddf4                __errno
 .text.__libc_init_array
                0x000000000800de00       0x48 c:/st/stm32cubeide_1.8.0/stm32cubeide/plugins/com.st.stm32cube.ide.mcu.externaltools.gnu-tools-for-stm32.10.3-2021.10.win32_1.0.0.202111181127/tools/bin/../lib/gcc/arm-none-eabi/10.3.1/../../../../arm-none-eabi/lib/thumb/v7e-m+fp/hard\libc_nano.a(lib_a-init.o)
                0x000000000800de00                __libc_init_array
 .text.__retarget_lock_acquire_recursive
                0x000000000800de48        0x2 c:/st/stm32cubeide_1.8.0/stm32cubeide/plugins/com.st.stm32cube.ide.mcu.externaltools.gnu-tools-for-stm32.10.3-2021.10.win32_1.0.0.202111181127/tools/bin/../lib/gcc/arm-none-eabi/10.3.1/../../../../arm-none-eabi/lib/thumb/v7e-m+fp/hard\libc_nano.a(lib_a-lock.o)
                0x000000000800de48                __retarget_lock_acquire_recursive
 .text.__retarget_lock_release_recursive
                0x000000000800de4a        0x2 c:/st/stm32cubeide_1.8.0/stm32cubeide/plugins/com.st.stm32cube.ide.mcu.externaltools.gnu-tools-for-stm32.10.3-2021.10.win32_1.0.0.202111181127/tools/bin/../lib/gcc/arm-none-eabi/10.3.1/../../../../arm-none-eabi/lib/thumb/v7e-m+fp/hard\libc_nano.a(lib_a-lock.o)
                0x000000000800de4a                __retarget_lock_release_recursive
 .text.memcpy   0x000000000800de4c       0x1c c:/st/stm32cubeide_1.8.0/stm32cubeide/plugins/com.st.stm32cube.ide.mcu.externaltools.gnu-tools-for-stm32.10.3-2021.10.win32_1.0.0.202111181127/tools/bin/../lib/gcc/arm-none-eabi/10.3.1/../../../../arm-none-eabi/lib/thumb/v7e-m+fp/hard\libc_nano.a(lib_a-memcpy-stub.o)
                0x000000000800de4c                memcpy
 .text.memset   0x000000000800de68       0x10 c:/st/stm32cubeide_1.8.0/stm32cubeide/plugins/com.st.stm32cube.ide.mcu.externaltools.gnu-tools-for-stm32.10.3-2021.10.win32_1.0.0.202111181127/tools/bin/../lib/gcc/arm-none-eabi/10.3.1/../../../../arm-none-eabi/lib/thumb/v7e-m+fp/hard\libc_nano.a(lib_a-memset.o)
                0x000000000800de68                memset
 .text.sbrk_aligned
                0x000000000800de78       0x40 c:/st/stm32cubeide_1.8.0/stm32cubeide/plugins/com.st.stm32cube.ide.mcu.externaltools.gnu-tools-for-stm32.10.3-2021.10.win32_1.0.0.202111181127/tools/bin/../lib/gcc/arm-none-eabi/10.3.1/../../../../arm-none-eabi/lib/thumb/v7e-m+fp/hard\libc_nano.a(lib_a-nano-mallocr.o)
 .text._malloc_r
                0x000000000800deb8       0xe8 c:/st/stm32cubeide_1.8.0/stm32cubeide/plugins/com.st.stm32cube.ide.mcu.externaltools.gnu-tools-for-stm32.10.3-2021.10.win32_1.0.0.202111181127/tools/bin/../lib/gcc/arm-none-eabi/10.3.1/../../../../arm-none-eabi/lib/thumb/v7e-m+fp/hard\libc_nano.a(lib_a-nano-mallocr.o)
                0x000000000800deb8                _malloc_r
 .text.cleanup_glue
                0x000000000800dfa0       0x1a c:/st/stm32cubeide_1.8.0/stm32cubeide/plugins/com.st.stm32cube.ide.mcu.externaltools.gnu-tools-for-stm32.10.3-2021.10.win32_1.0.0.202111181127/tools/bin/../lib/gcc/arm-none-eabi/10.3.1/../../../../arm-none-eabi/lib/thumb/v7e-m+fp/hard\libc_nano.a(lib_a-reent.o)
                0x000000000800dfa0                cleanup_glue
 *fill*         0x000000000800dfba        0x2 
 .text._reclaim_reent
                0x000000000800dfbc       0xb8 c:/st/stm32cubeide_1.8.0/stm32cubeide/plugins/com.st.stm32cube.ide.mcu.externaltools.gnu-tools-for-stm32.10.3-2021.10.win32_1.0.0.202111181127/tools/bin/../lib/gcc/arm-none-eabi/10.3.1/../../../../arm-none-eabi/lib/thumb/v7e-m+fp/hard\libc_nano.a(lib_a-reent.o)
                0x000000000800dfbc                _reclaim_reent
 .text._sbrk_r  0x000000000800e074       0x20 c:/st/stm32cubeide_1.8.0/stm32cubeide/plugins/com.st.stm32cube.ide.mcu.externaltools.gnu-tools-for-stm32.10.3-2021.10.win32_1.0.0.202111181127/tools/bin/../lib/gcc/arm-none-eabi/10.3.1/../../../../arm-none-eabi/lib/thumb/v7e-m+fp/hard\libc_nano.a(lib_a-sbrkr.o)
                0x000000000800e074                _sbrk_r
 .text.sprintf  0x000000000800e094       0x40 c:/st/stm32cubeide_1.8.0/stm32cubeide/plugins/com.st.stm32cube.ide.mcu.externaltools.gnu-tools-for-stm32.10.3-2021.10.win32_1.0.0.202111181127/tools/bin/../lib/gcc/arm-none-eabi/10.3.1/../../../../arm-none-eabi/lib/thumb/v7e-m+fp/hard\libc_nano.a(lib_a-sprintf.o)
                0x000000000800e094                siprintf
                0x000000000800e094                sprintf
 .text.__malloc_lock
                0x000000000800e0d4        0xc c:/st/stm32cubeide_1.8.0/stm32cubeide/plugins/com.st.stm32cube.ide.mcu.externaltools.gnu-tools-for-stm32.10.3-2021.10.win32_1.0.0.202111181127/tools/bin/../lib/gcc/arm-none-eabi/10.3.1/../../../../arm-none-eabi/lib/thumb/v7e-m+fp/hard\libc_nano.a(lib_a-mlock.o)
                0x000000000800e0d4                __malloc_lock
 .text.__malloc_unlock
                0x000000000800e0e0        0xc c:/st/stm32cubeide_1.8.0/stm32cubeide/plugins/com.st.stm32cube.ide.mcu.externaltools.gnu-tools-for-stm32.10.3-2021.10.win32_1.0.0.202111181127/tools/bin/../lib/gcc/arm-none-eabi/10.3.1/../../../../arm-none-eabi/lib/thumb/v7e-m+fp/hard\libc_nano.a(lib_a-mlock.o)
                0x000000000800e0e0                __malloc_unlock
 .text._free_r  0x000000000800e0ec       0x98 c:/st/stm32cubeide_1.8.0/stm32cubeide/plugins/com.st.stm32cube.ide.mcu.externaltools.gnu-tools-for-stm32.10.3-2021.10.win32_1.0.0.202111181127/tools/bin/../lib/gcc/arm-none-eabi/10.3.1/../../../../arm-none-eabi/lib/thumb/v7e-m+fp/hard\libc_nano.a(lib_a-nano-freer.o)
                0x000000000800e0ec                _free_r
 .text.__ssputs_r
                0x000000000800e184       0xb6 c:/st/stm32cubeide_1.8.0/stm32cubeide/plugins/com.st.stm32cube.ide.mcu.externaltools.gnu-tools-for-stm32.10.3-2021.10.win32_1.0.0.202111181127/tools/bin/../lib/gcc/arm-none-eabi/10.3.1/../../../../arm-none-eabi/lib/thumb/v7e-m+fp/hard\libc_nano.a(lib_a-nano-svfprintf.o)
                0x000000000800e184                __ssputs_r
 *fill*         0x000000000800e23a        0x2 
 .text._svfprintf_r
                0x000000000800e23c      0x200 c:/st/stm32cubeide_1.8.0/stm32cubeide/plugins/com.st.stm32cube.ide.mcu.externaltools.gnu-tools-for-stm32.10.3-2021.10.win32_1.0.0.202111181127/tools/bin/../lib/gcc/arm-none-eabi/10.3.1/../../../../arm-none-eabi/lib/thumb/v7e-m+fp/hard\libc_nano.a(lib_a-nano-svfprintf.o)
                0x000000000800e23c                _svfiprintf_r
                0x000000000800e23c                _svfprintf_r
 .text._printf_common
                0x000000000800e43c       0xda c:/st/stm32cubeide_1.8.0/stm32cubeide/plugins/com.st.stm32cube.ide.mcu.externaltools.gnu-tools-for-stm32.10.3-2021.10.win32_1.0.0.202111181127/tools/bin/../lib/gcc/arm-none-eabi/10.3.1/../../../../arm-none-eabi/lib/thumb/v7e-m+fp/hard\libc_nano.a(lib_a-nano-vfprintf_i.o)
                0x000000000800e43c                _printf_common
 *fill*         0x000000000800e516        0x2 
 .text._printf_i
                0x000000000800e518      0x24c c:/st/stm32cubeide_1.8.0/stm32cubeide/plugins/com.st.stm32cube.ide.mcu.externaltools.gnu-tools-for-stm32.10.3-2021.10.win32_1.0.0.202111181127/tools/bin/../lib/gcc/arm-none-eabi/10.3.1/../../../../arm-none-eabi/lib/thumb/v7e-m+fp/hard\libc_nano.a(lib_a-nano-vfprintf_i.o)
                0x000000000800e518                _printf_i
 .text.memmove  0x000000000800e764       0x34 c:/st/stm32cubeide_1.8.0/stm32cubeide/plugins/com.st.stm32cube.ide.mcu.externaltools.gnu-tools-for-stm32.10.3-2021.10.win32_1.0.0.202111181127/tools/bin/../lib/gcc/arm-none-eabi/10.3.1/../../../../arm-none-eabi/lib/thumb/v7e-m+fp/hard\libc_nano.a(lib_a-memmove.o)
                0x000000000800e764                memmove
 .text._realloc_r
                0x000000000800e798       0x5e c:/st/stm32cubeide_1.8.0/stm32cubeide/plugins/com.st.stm32cube.ide.mcu.externaltools.gnu-tools-for-stm32.10.3-2021.10.win32_1.0.0.202111181127/tools/bin/../lib/gcc/arm-none-eabi/10.3.1/../../../../arm-none-eabi/lib/thumb/v7e-m+fp/hard\libc_nano.a(lib_a-nano-reallocr.o)
                0x000000000800e798                _realloc_r
 .text._malloc_usable_size_r
                0x000000000800e7f6       0x10 c:/st/stm32cubeide_1.8.0/stm32cubeide/plugins/com.st.stm32cube.ide.mcu.externaltools.gnu-tools-for-stm32.10.3-2021.10.win32_1.0.0.202111181127/tools/bin/../lib/gcc/arm-none-eabi/10.3.1/../../../../arm-none-eabi/lib/thumb/v7e-m+fp/hard\libc_nano.a(lib_a-nano-msizer.o)
                0x000000000800e7f6                _malloc_usable_size_r
 *(.glue_7)
 .glue_7        0x000000000800e806        0x0 linker stubs
 *(.glue_7t)
 .glue_7t       0x000000000800e806        0x0 linker stubs
 *(.eh_frame)
 *fill*         0x000000000800e806        0x2 
 .eh_frame      0x000000000800e808        0x0 c:/st/stm32cubeide_1.8.0/stm32cubeide/plugins/com.st.stm32cube.ide.mcu.externaltools.gnu-tools-for-stm32.10.3-2021.10.win32_1.0.0.202111181127/tools/bin/../lib/gcc/arm-none-eabi/10.3.1/thumb/v7e-m+fp/hard/crtbegin.o
 *(.init)
 .init          0x000000000800e808        0x4 c:/st/stm32cubeide_1.8.0/stm32cubeide/plugins/com.st.stm32cube.ide.mcu.externaltools.gnu-tools-for-stm32.10.3-2021.10.win32_1.0.0.202111181127/tools/bin/../lib/gcc/arm-none-eabi/10.3.1/thumb/v7e-m+fp/hard/crti.o
                0x000000000800e808                _init
 .init          0x000000000800e80c        0x8 c:/st/stm32cubeide_1.8.0/stm32cubeide/plugins/com.st.stm32cube.ide.mcu.externaltools.gnu-tools-for-stm32.10.3-2021.10.win32_1.0.0.202111181127/tools/bin/../lib/gcc/arm-none-eabi/10.3.1/thumb/v7e-m+fp/hard/crtn.o
 *(.fini)
 .fini          0x000000000800e814        0x4 c:/st/stm32cubeide_1.8.0/stm32cubeide/plugins/com.st.stm32cube.ide.mcu.externaltools.gnu-tools-for-stm32.10.3-2021.10.win32_1.0.0.202111181127/tools/bin/../lib/gcc/arm-none-eabi/10.3.1/thumb/v7e-m+fp/hard/crti.o
                0x000000000800e814                _fini
 .fini          0x000000000800e818        0x8 c:/st/stm32cubeide_1.8.0/stm32cubeide/plugins/com.st.stm32cube.ide.mcu.externaltools.gnu-tools-for-stm32.10.3-2021.10.win32_1.0.0.202111181127/tools/bin/../lib/gcc/arm-none-eabi/10.3.1/thumb/v7e-m+fp/hard/crtn.o
                0x000000000800e820                . = ALIGN (0x4)
                0x000000000800e820                _etext = .

.vfp11_veneer   0x000000000800e820        0x0
 .vfp11_veneer  0x000000000800e820        0x0 linker stubs

.v4_bx          0x000000000800e820        0x0
 .v4_bx         0x000000000800e820        0x0 linker stubs

.iplt           0x000000000800e820        0x0
 .iplt          0x000000000800e820        0x0 c:/st/stm32cubeide_1.8.0/stm32cubeide/plugins/com.st.stm32cube.ide.mcu.externaltools.gnu-tools-for-stm32.10.3-2021.10.win32_1.0.0.202111181127/tools/bin/../lib/gcc/arm-none-eabi/10.3.1/thumb/v7e-m+fp/hard/crtbegin.o

.rodata         0x000000000800e820     0x4cdc
                0x000000000800e820                . = ALIGN (0x4)
 *(.rodata)
 .rodata        0x000000000800e820      0x12c ./Core/Src/main.o
 .rodata        0x000000000800e94c        0x5 ./Middlewares/Third_Party/FreeRTOS/Source/tasks.o
 *(.rodata*)
 *fill*         0x000000000800e951        0x3 
 .rodata.diableRGB565_bmp
                0x000000000800e954     0x182e ./Core/Src/main.o
                0x000000000800e954                diableRGB565_bmp
 *fill*         0x0000000008010182        0x2 
 .rodata.batmanRGB565_bmp
                0x0000000008010184      0xf1e ./Core/Src/main.o
                0x0000000008010184                batmanRGB565_bmp
 *fill*         0x00000000080110a2        0x2 
 .rodata.missile_diableRGB565_bmp
                0x00000000080110a4      0x29e ./Core/Src/main.o
                0x00000000080110a4                missile_diableRGB565_bmp
 *fill*         0x0000000008011342        0x2 
 .rodata.missileRGB565_bmp
                0x0000000008011344      0x1d6 ./Core/Src/main.o
                0x0000000008011344                missileRGB565_bmp
 *fill*         0x000000000801151a        0x2 
 .rodata.Font24_Table
                0x000000000801151c     0x1ab8 ./Core/Src/stm32746g_discovery_lcd.o
                0x000000000801151c                Font24_Table
 .rodata.Font12_Table
                0x0000000008012fd4      0x474 ./Core/Src/stm32746g_discovery_lcd.o
                0x0000000008012fd4                Font12_Table
 .rodata.AHBPrescTable
                0x0000000008013448       0x10 ./Core/Src/system_stm32f7xx.o
                0x0000000008013448                AHBPrescTable
 .rodata.APBPrescTable
                0x0000000008013458        0x8 ./Core/Src/system_stm32f7xx.o
                0x0000000008013458                APBPrescTable
 .rodata.flagBitshiftOffset.0
                0x0000000008013460        0x8 ./Drivers/STM32F7xx_HAL_Driver/Src/stm32f7xx_hal_dma.o
 .rodata.__sf_fake_stderr
                0x0000000008013468       0x20 c:/st/stm32cubeide_1.8.0/stm32cubeide/plugins/com.st.stm32cube.ide.mcu.externaltools.gnu-tools-for-stm32.10.3-2021.10.win32_1.0.0.202111181127/tools/bin/../lib/gcc/arm-none-eabi/10.3.1/../../../../arm-none-eabi/lib/thumb/v7e-m+fp/hard\libc_nano.a(lib_a-findfp.o)
                0x0000000008013468                __sf_fake_stderr
 .rodata.__sf_fake_stdin
                0x0000000008013488       0x20 c:/st/stm32cubeide_1.8.0/stm32cubeide/plugins/com.st.stm32cube.ide.mcu.externaltools.gnu-tools-for-stm32.10.3-2021.10.win32_1.0.0.202111181127/tools/bin/../lib/gcc/arm-none-eabi/10.3.1/../../../../arm-none-eabi/lib/thumb/v7e-m+fp/hard\libc_nano.a(lib_a-findfp.o)
                0x0000000008013488                __sf_fake_stdin
 .rodata.__sf_fake_stdout
                0x00000000080134a8       0x20 c:/st/stm32cubeide_1.8.0/stm32cubeide/plugins/com.st.stm32cube.ide.mcu.externaltools.gnu-tools-for-stm32.10.3-2021.10.win32_1.0.0.202111181127/tools/bin/../lib/gcc/arm-none-eabi/10.3.1/../../../../arm-none-eabi/lib/thumb/v7e-m+fp/hard\libc_nano.a(lib_a-findfp.o)
                0x00000000080134a8                __sf_fake_stdout
 .rodata._svfprintf_r.str1.1
                0x00000000080134c8       0x11 c:/st/stm32cubeide_1.8.0/stm32cubeide/plugins/com.st.stm32cube.ide.mcu.externaltools.gnu-tools-for-stm32.10.3-2021.10.win32_1.0.0.202111181127/tools/bin/../lib/gcc/arm-none-eabi/10.3.1/../../../../arm-none-eabi/lib/thumb/v7e-m+fp/hard\libc_nano.a(lib_a-nano-svfprintf.o)
 .rodata._printf_i.str1.1
                0x00000000080134d9       0x22 c:/st/stm32cubeide_1.8.0/stm32cubeide/plugins/com.st.stm32cube.ide.mcu.externaltools.gnu-tools-for-stm32.10.3-2021.10.win32_1.0.0.202111181127/tools/bin/../lib/gcc/arm-none-eabi/10.3.1/../../../../arm-none-eabi/lib/thumb/v7e-m+fp/hard\libc_nano.a(lib_a-nano-vfprintf_i.o)
                0x00000000080134fc                . = ALIGN (0x4)
 *fill*         0x00000000080134fb        0x1 

.ARM.extab      0x00000000080134fc        0x0
                0x00000000080134fc                . = ALIGN (0x4)
 *(.ARM.extab* .gnu.linkonce.armextab.*)
                0x00000000080134fc                . = ALIGN (0x4)

.ARM            0x00000000080134fc        0x8
                0x00000000080134fc                . = ALIGN (0x4)
                0x00000000080134fc                __exidx_start = .
 *(.ARM.exidx*)
 .ARM.exidx     0x00000000080134fc        0x8 c:/st/stm32cubeide_1.8.0/stm32cubeide/plugins/com.st.stm32cube.ide.mcu.externaltools.gnu-tools-for-stm32.10.3-2021.10.win32_1.0.0.202111181127/tools/bin/../lib/gcc/arm-none-eabi/10.3.1/thumb/v7e-m+fp/hard\libgcc.a(_udivmoddi4.o)
                0x0000000008013504                __exidx_end = .
                0x0000000008013504                . = ALIGN (0x4)

.rel.dyn        0x0000000008013504        0x0
 .rel.iplt      0x0000000008013504        0x0 c:/st/stm32cubeide_1.8.0/stm32cubeide/plugins/com.st.stm32cube.ide.mcu.externaltools.gnu-tools-for-stm32.10.3-2021.10.win32_1.0.0.202111181127/tools/bin/../lib/gcc/arm-none-eabi/10.3.1/thumb/v7e-m+fp/hard/crtbegin.o

.preinit_array  0x0000000008013504        0x0
                0x0000000008013504                . = ALIGN (0x4)
                0x0000000008013504                PROVIDE (__preinit_array_start = .)
 *(.preinit_array*)
                0x0000000008013504                PROVIDE (__preinit_array_end = .)
                0x0000000008013504                . = ALIGN (0x4)

.init_array     0x0000000008013504        0x4
                0x0000000008013504                . = ALIGN (0x4)
                0x0000000008013504                PROVIDE (__init_array_start = .)
 *(SORT_BY_NAME(.init_array.*))
 *(.init_array*)
 .init_array    0x0000000008013504        0x4 c:/st/stm32cubeide_1.8.0/stm32cubeide/plugins/com.st.stm32cube.ide.mcu.externaltools.gnu-tools-for-stm32.10.3-2021.10.win32_1.0.0.202111181127/tools/bin/../lib/gcc/arm-none-eabi/10.3.1/thumb/v7e-m+fp/hard/crtbegin.o
                0x0000000008013508                PROVIDE (__init_array_end = .)
                0x0000000008013508                . = ALIGN (0x4)

.fini_array     0x0000000008013508        0x4
                0x0000000008013508                . = ALIGN (0x4)
                [!provide]                        PROVIDE (__fini_array_start = .)
 *(SORT_BY_NAME(.fini_array.*))
 *(.fini_array*)
 .fini_array    0x0000000008013508        0x4 c:/st/stm32cubeide_1.8.0/stm32cubeide/plugins/com.st.stm32cube.ide.mcu.externaltools.gnu-tools-for-stm32.10.3-2021.10.win32_1.0.0.202111181127/tools/bin/../lib/gcc/arm-none-eabi/10.3.1/thumb/v7e-m+fp/hard/crtbegin.o
                [!provide]                        PROVIDE (__fini_array_end = .)
                0x000000000801350c                . = ALIGN (0x4)
                0x000000000801350c                _sidata = LOADADDR (.data)

.data           0x0000000020000000       0xb0 load address 0x000000000801350c
                0x0000000020000000                . = ALIGN (0x4)
                0x0000000020000000                _sdata = .
 *(.data)
 *(.data*)
 .data.ft5336_ts_drv
                0x0000000020000000       0x28 ./Core/Src/ft5336.o
                0x0000000020000000                ft5336_ts_drv
 .data.Font24   0x0000000020000028        0x8 ./Core/Src/stm32746g_discovery_lcd.o
                0x0000000020000028                Font24
 .data.Font12   0x0000000020000030        0x8 ./Core/Src/stm32746g_discovery_lcd.o
                0x0000000020000030                Font12
 .data.sdramstatus.3
                0x0000000020000038        0x1 ./Core/Src/stm32746g_discovery_sdram.o
 *fill*         0x0000000020000039        0x3 
 .data.SystemCoreClock
                0x000000002000003c        0x4 ./Core/Src/system_stm32f7xx.o
                0x000000002000003c                SystemCoreClock
 .data.uwTickPrio
                0x0000000020000040        0x4 ./Drivers/STM32F7xx_HAL_Driver/Src/stm32f7xx_hal.o
                0x0000000020000040                uwTickPrio
 .data.uwTickFreq
                0x0000000020000044        0x1 ./Drivers/STM32F7xx_HAL_Driver/Src/stm32f7xx_hal.o
                0x0000000020000044                uwTickFreq
 *fill*         0x0000000020000045        0x3 
 .data.uxCriticalNesting
                0x0000000020000048        0x4 ./Middlewares/Third_Party/FreeRTOS/Source/portable/GCC/ARM_CM7/r0p1/port.o
 .data._impure_ptr
                0x000000002000004c        0x4 c:/st/stm32cubeide_1.8.0/stm32cubeide/plugins/com.st.stm32cube.ide.mcu.externaltools.gnu-tools-for-stm32.10.3-2021.10.win32_1.0.0.202111181127/tools/bin/../lib/gcc/arm-none-eabi/10.3.1/../../../../arm-none-eabi/lib/thumb/v7e-m+fp/hard\libc_nano.a(lib_a-impure.o)
                0x000000002000004c                _impure_ptr
 .data.impure_data
                0x0000000020000050       0x60 c:/st/stm32cubeide_1.8.0/stm32cubeide/plugins/com.st.stm32cube.ide.mcu.externaltools.gnu-tools-for-stm32.10.3-2021.10.win32_1.0.0.202111181127/tools/bin/../lib/gcc/arm-none-eabi/10.3.1/../../../../arm-none-eabi/lib/thumb/v7e-m+fp/hard\libc_nano.a(lib_a-impure.o)
 *(.RamFunc)
 *(.RamFunc*)
                0x00000000200000b0                . = ALIGN (0x4)
                0x00000000200000b0                _edata = .

.igot.plt       0x00000000200000b0        0x0 load address 0x00000000080135bc
 .igot.plt      0x00000000200000b0        0x0 c:/st/stm32cubeide_1.8.0/stm32cubeide/plugins/com.st.stm32cube.ide.mcu.externaltools.gnu-tools-for-stm32.10.3-2021.10.win32_1.0.0.202111181127/tools/bin/../lib/gcc/arm-none-eabi/10.3.1/thumb/v7e-m+fp/hard/crtbegin.o
                0x00000000200000b0                . = ALIGN (0x4)

.bss            0x00000000200000b0     0x495c load address 0x00000000080135bc
                0x00000000200000b0                _sbss = .
                0x00000000200000b0                __bss_start__ = _sbss
 *(.bss)
 .bss           0x00000000200000b0       0x1c c:/st/stm32cubeide_1.8.0/stm32cubeide/plugins/com.st.stm32cube.ide.mcu.externaltools.gnu-tools-for-stm32.10.3-2021.10.win32_1.0.0.202111181127/tools/bin/../lib/gcc/arm-none-eabi/10.3.1/thumb/v7e-m+fp/hard/crtbegin.o
 *(.bss*)
 .bss.xIdleTaskTCBBuffer
                0x00000000200000cc       0xb4 ./Core/Src/freertos.o
 .bss.xIdleStack
                0x0000000020000180      0x200 ./Core/Src/freertos.o
 .bss.ft5336_handle
                0x0000000020000380        0x3 ./Core/Src/ft5336.o
 *fill*         0x0000000020000383        0x1 
 .bss.coord.0   0x0000000020000384        0x2 ./Core/Src/ft5336.o
 *fill*         0x0000000020000386        0x2 
 .bss.hadc1     0x0000000020000388       0x48 ./Core/Src/main.o
                0x0000000020000388                hadc1
 .bss.hadc3     0x00000000200003d0       0x48 ./Core/Src/main.o
                0x00000000200003d0                hadc3
 .bss.hdac      0x0000000020000418       0x14 ./Core/Src/main.o
                0x0000000020000418                hdac
 .bss.hdma2d    0x000000002000042c       0x40 ./Core/Src/main.o
                0x000000002000042c                hdma2d
 .bss.hi2c1     0x000000002000046c       0x4c ./Core/Src/main.o
                0x000000002000046c                hi2c1
 .bss.hi2c3     0x00000000200004b8       0x4c ./Core/Src/main.o
                0x00000000200004b8                hi2c3
 .bss.hltdc     0x0000000020000504       0xa8 ./Core/Src/main.o
                0x0000000020000504                hltdc
 .bss.hrtc      0x00000000200005ac       0x20 ./Core/Src/main.o
                0x00000000200005ac                hrtc
 .bss.hspi2     0x00000000200005cc       0x64 ./Core/Src/main.o
                0x00000000200005cc                hspi2
 .bss.htim1     0x0000000020000630       0x4c ./Core/Src/main.o
                0x0000000020000630                htim1
 .bss.htim2     0x000000002000067c       0x4c ./Core/Src/main.o
                0x000000002000067c                htim2
 .bss.htim3     0x00000000200006c8       0x4c ./Core/Src/main.o
                0x00000000200006c8                htim3
 .bss.htim5     0x0000000020000714       0x4c ./Core/Src/main.o
                0x0000000020000714                htim5
 .bss.htim8     0x0000000020000760       0x4c ./Core/Src/main.o
                0x0000000020000760                htim8
 .bss.huart7    0x00000000200007ac       0x84 ./Core/Src/main.o
                0x00000000200007ac                huart7
 .bss.huart1    0x0000000020000830       0x84 ./Core/Src/main.o
                0x0000000020000830                huart1
 .bss.huart6    0x00000000200008b4       0x84 ./Core/Src/main.o
                0x00000000200008b4                huart6
 .bss.hsdram1   0x0000000020000938       0x34 ./Core/Src/main.o
                0x0000000020000938                hsdram1
 .bss.defaultTaskHandle
                0x000000002000096c        0x4 ./Core/Src/main.o
                0x000000002000096c                defaultTaskHandle
 .bss.Task_1Handle
                0x0000000020000970        0x4 ./Core/Src/main.o
                0x0000000020000970                Task_1Handle
 .bss.myTask03Handle
                0x0000000020000974        0x4 ./Core/Src/main.o
                0x0000000020000974                myTask03Handle
 .bss.myTask06Handle
                0x0000000020000978        0x4 ./Core/Src/main.o
                0x0000000020000978                myTask06Handle
 .bss.myTask05Handle
                0x000000002000097c        0x4 ./Core/Src/main.o
                0x000000002000097c                myTask05Handle
 .bss.myTask07Handle
                0x0000000020000980        0x4 ./Core/Src/main.o
                0x0000000020000980                myTask07Handle
 .bss.myQueueP2VHandle
                0x0000000020000984        0x4 ./Core/Src/main.o
                0x0000000020000984                myQueueP2VHandle
 .bss.myQueueU2HHandle
                0x0000000020000988        0x4 ./Core/Src/main.o
                0x0000000020000988                myQueueU2HHandle
 .bss.myQueueHommePosHandle
                0x000000002000098c        0x4 ./Core/Src/main.o
                0x000000002000098c                myQueueHommePosHandle
 .bss.myQueueBompeHandle
                0x0000000020000990        0x4 ./Core/Src/main.o
                0x0000000020000990                myQueueBompeHandle
 .bss.MUTEXHandle
                0x0000000020000994        0x4 ./Core/Src/main.o
                0x0000000020000994                MUTEXHandle
 .bss.rxbuffer  0x0000000020000998        0xa ./Core/Src/main.o
                0x0000000020000998                rxbuffer
 *fill*         0x00000000200009a2        0x2 
 .bss.txbuffer  0x00000000200009a4        0xa ./Core/Src/main.o
                0x00000000200009a4                txbuffer
 .bss.x_homme   0x00000000200009ae        0x2 ./Core/Src/main.o
                0x00000000200009ae                x_homme
 .bss.pos_diablex
                0x00000000200009b0        0x2 ./Core/Src/main.o
                0x00000000200009b0                pos_diablex
 .bss.pos_Bompey
                0x00000000200009b2        0x2 ./Core/Src/main.o
                0x00000000200009b2                pos_Bompey
 .bss.y_missile
                0x00000000200009b4        0x2 ./Core/Src/main.o
                0x00000000200009b4                y_missile
 .bss.Game_Over
                0x00000000200009b6        0x2 ./Core/Src/main.o
                0x00000000200009b6                Game_Over
 .bss.hI2cAudioHandler
                0x00000000200009b8       0x4c ./Core/Src/stm32746g_discovery.o
 .bss.hLtdcHandler
                0x0000000020000a04       0xa8 ./Core/Src/stm32746g_discovery_lcd.o
                0x0000000020000a04                hLtdcHandler
 .bss.hDma2dHandler
                0x0000000020000aac       0x40 ./Core/Src/stm32746g_discovery_lcd.o
 .bss.ActiveLayer
                0x0000000020000aec        0x4 ./Core/Src/stm32746g_discovery_lcd.o
 .bss.DrawProp  0x0000000020000af0       0x18 ./Core/Src/stm32746g_discovery_lcd.o
 .bss.periph_clk_init_struct.0
                0x0000000020000b08       0x84 ./Core/Src/stm32746g_discovery_lcd.o
 .bss.sdramHandle
                0x0000000020000b8c       0x34 ./Core/Src/stm32746g_discovery_sdram.o
                0x0000000020000b8c                sdramHandle
 .bss.Timing    0x0000000020000bc0       0x1c ./Core/Src/stm32746g_discovery_sdram.o