Archive member included to satisfy reference by file (symbol)

c:/st/stm32cubeide_1.8.0/stm32cubeide/plugins/com.st.stm32cube.ide.mcu.externaltools.gnu-tools-for-stm32.10.3-2021.10.win32_1.0.0.202111181127/tools/bin/../lib/gcc/arm-none-eabi/10.3.1/../../../../arm-none-eabi/lib/thumb/v7e-m+fp/hard\libc_nano.a(lib_a-errno.o)
                              ./Core/Src/syscalls.o (__errno)
c:/st/stm32cubeide_1.8.0/stm32cubeide/plugins/com.st.stm32cube.ide.mcu.externaltools.gnu-tools-for-stm32.10.3-2021.10.win32_1.0.0.202111181127/tools/bin/../lib/gcc/arm-none-eabi/10.3.1/../../../../arm-none-eabi/lib/thumb/v7e-m+fp/hard\libc_nano.a(lib_a-exit.o)
                              c:/st/stm32cubeide_1.8.0/stm32cubeide/plugins/com.st.stm32cube.ide.mcu.externaltools.gnu-tools-for-stm32.10.3-2021.10.win32_1.0.0.202111181127/tools/bin/../lib/gcc/arm-none-eabi/10.3.1/../../../../arm-none-eabi/lib/thumb/v7e-m+fp/hard/crt0.o (exit)
c:/st/stm32cubeide_1.8.0/stm32cubeide/plugins/com.st.stm32cube.ide.mcu.externaltools.gnu-tools-for-stm32.10.3-2021.10.win32_1.0.0.202111181127/tools/bin/../lib/gcc/arm-none-eabi/10.3.1/../../../../arm-none-eabi/lib/thumb/v7e-m+fp/hard\libc_nano.a(lib_a-findfp.o)
                              ./Middlewares/Third_Party/FreeRTOS/Source/tasks.o (__sf_fake_stderr)
c:/st/stm32cubeide_1.8.0/stm32cubeide/plugins/com.st.stm32cube.ide.mcu.externaltools.gnu-tools-for-stm32.10.3-2021.10.win32_1.0.0.202111181127/tools/bin/../lib/gcc/arm-none-eabi/10.3.1/../../../../arm-none-eabi/lib/thumb/v7e-m+fp/hard\libc_nano.a(lib_a-fwalk.o)
                              c:/st/stm32cubeide_1.8.0/stm32cubeide/plugins/com.st.stm32cube.ide.mcu.externaltools.gnu-tools-for-stm32.10.3-2021.10.win32_1.0.0.202111181127/tools/bin/../lib/gcc/arm-none-eabi/10.3.1/../../../../arm-none-eabi/lib/thumb/v7e-m+fp/hard\libc_nano.a(lib_a-findfp.o) (_fwalk)
c:/st/stm32cubeide_1.8.0/stm32cubeide/plugins/com.st.stm32cube.ide.mcu.externaltools.gnu-tools-for-stm32.10.3-2021.10.win32_1.0.0.202111181127/tools/bin/../lib/gcc/arm-none-eabi/10.3.1/../../../../arm-none-eabi/lib/thumb/v7e-m+fp/hard\libc_nano.a(lib_a-impure.o)
                              c:/st/stm32cubeide_1.8.0/stm32cubeide/plugins/com.st.stm32cube.ide.mcu.externaltools.gnu-tools-for-stm32.10.3-2021.10.win32_1.0.0.202111181127/tools/bin/../lib/gcc/arm-none-eabi/10.3.1/../../../../arm-none-eabi/lib/thumb/v7e-m+fp/hard\libc_nano.a(lib_a-exit.o) (_global_impure_ptr)
c:/st/stm32cubeide_1.8.0/stm32cubeide/plugins/com.st.stm32cube.ide.mcu.externaltools.gnu-tools-for-stm32.10.3-2021.10.win32_1.0.0.202111181127/tools/bin/../lib/gcc/arm-none-eabi/10.3.1/../../../../arm-none-eabi/lib/thumb/v7e-m+fp/hard\libc_nano.a(lib_a-init.o)
                              c:/st/stm32cubeide_1.8.0/stm32cubeide/plugins/com.st.stm32cube.ide.mcu.externaltools.gnu-tools-for-stm32.10.3-2021.10.win32_1.0.0.202111181127/tools/bin/../lib/gcc/arm-none-eabi/10.3.1/../../../../arm-none-eabi/lib/thumb/v7e-m+fp/hard/crt0.o (__libc_init_array)
c:/st/stm32cubeide_1.8.0/stm32cubeide/plugins/com.st.stm32cube.ide.mcu.externaltools.gnu-tools-for-stm32.10.3-2021.10.win32_1.0.0.202111181127/tools/bin/../lib/gcc/arm-none-eabi/10.3.1/../../../../arm-none-eabi/lib/thumb/v7e-m+fp/hard\libc_nano.a(lib_a-lock.o)
                              c:/st/stm32cubeide_1.8.0/stm32cubeide/plugins/com.st.stm32cube.ide.mcu.externaltools.gnu-tools-for-stm32.10.3-2021.10.win32_1.0.0.202111181127/tools/bin/../lib/gcc/arm-none-eabi/10.3.1/../../../../arm-none-eabi/lib/thumb/v7e-m+fp/hard\libc_nano.a(lib_a-findfp.o) (__retarget_lock_init_recursive)
c:/st/stm32cubeide_1.8.0/stm32cubeide/plugins/com.st.stm32cube.ide.mcu.externaltools.gnu-tools-for-stm32.10.3-2021.10.win32_1.0.0.202111181127/tools/bin/../lib/gcc/arm-none-eabi/10.3.1/../../../../arm-none-eabi/lib/thumb/v7e-m+fp/hard\libc_nano.a(lib_a-memcpy-stub.o)
                              ./Middlewares/Third_Party/FreeRTOS/Source/queue.o (memcpy)
c:/st/stm32cubeide_1.8.0/stm32cubeide/plugins/com.st.stm32cube.ide.mcu.externaltools.gnu-tools-for-stm32.10.3-2021.10.win32_1.0.0.202111181127/tools/bin/../lib/gcc/arm-none-eabi/10.3.1/../../../../arm-none-eabi/lib/thumb/v7e-m+fp/hard\libc_nano.a(lib_a-memset.o)
                              c:/st/stm32cubeide_1.8.0/stm32cubeide/plugins/com.st.stm32cube.ide.mcu.externaltools.gnu-tools-for-stm32.10.3-2021.10.win32_1.0.0.202111181127/tools/bin/../lib/gcc/arm-none-eabi/10.3.1/../../../../arm-none-eabi/lib/thumb/v7e-m+fp/hard/crt0.o (memset)
c:/st/stm32cubeide_1.8.0/stm32cubeide/plugins/com.st.stm32cube.ide.mcu.externaltools.gnu-tools-for-stm32.10.3-2021.10.win32_1.0.0.202111181127/tools/bin/../lib/gcc/arm-none-eabi/10.3.1/../../../../arm-none-eabi/lib/thumb/v7e-m+fp/hard\libc_nano.a(lib_a-nano-mallocr.o)
[...]
Memory Configuration

Name             Origin             Length             Attributes
RAM              0x0000000020000000 0x0000000000050000 xrw
FLASH            0x0000000008000000 0x0000000000100000 xr
*default*        0x0000000000000000 0xffffffffffffffff

Linker script and memory map

LOAD c:/st/stm32cubeide_1.8.0/stm32cubeide/plugins/com.st.stm32cube.ide.mcu.externaltools.gnu-tools-for-stm32.10.3-2021.10.win32_1.0.0.202111181127/tools/bin/../lib/gcc/arm-none-eabi/10.3.1/thumb/v7e-m+fp/hard/crti.o
LOAD c:/st/stm32cubeide_1.8.0/stm32cubeide/plugins/com.st.stm32cube.ide.mcu.externaltools.gnu-tools-for-stm32.10.3-2021.10.win32_1.0.0.202111181127/tools/bin/../lib/gcc/arm-none-eabi/10.3.1/thumb/v7e-m+fp/hard/crtbegin.o
LOAD c:/st/stm32cubeide_1.8.0/stm32cubeide/plugins/com.st.stm32cube.ide.mcu.externaltools.gnu-tools-for-stm32.10.3-2021.10.win32_1.0.0.202111181127/tools/bin/../lib/gcc/arm-none-eabi/10.3.1/../../../../arm-none-eabi/lib/thumb/v7e-m+fp/hard/crt0.o
LOAD ./Core/Src/freertos.o
LOAD ./Core/Src/ft5336.o
LOAD ./Core/Src/main.o
LOAD ./Core/Src/stm32746g_discovery.o
LOAD ./Core/Src/stm32746g_discovery_lcd.o
LOAD ./Core/Src/stm32746g_discovery_sdram.o
LOAD ./Core/Src/stm32746g_discovery_ts.o
LOAD ./Core/Src/stm32f7xx_hal_msp.o
LOAD ./Core/Src/stm32f7xx_hal_timebase_tim.o
LOAD ./Core/Src/stm32f7xx_it.o
LOAD ./Core/Src/syscalls.o
LOAD ./Core/Src/sysmem.o
LOAD ./Core/Src/system_stm32f7xx.o
LOAD ./Core/Startup/startup_stm32f746nghx.o
LOAD ./Drivers/STM32F7xx_HAL_Driver/Src/stm32f7xx_hal.o
LOAD ./Drivers/STM32F7xx_HAL_Driver/Src/stm32f7xx_hal_adc.o
LOAD ./Drivers/STM32F7xx_HAL_Driver/Src/stm32f7xx_hal_adc_ex.o
LOAD ./Drivers/STM32F7xx_HAL_Driver/Src/stm32f7xx_hal_cortex.o
LOAD ./Drivers/STM32F7xx_HAL_Driver/Src/stm32f7xx_hal_dac.o
LOAD ./Drivers/STM32F7xx_HAL_Driver/Src/stm32f7xx_hal_dac_ex.o
LOAD ./Drivers/STM32F7xx_HAL_Driver/Src/stm32f7xx_hal_dma.o
LOAD ./Drivers/STM32F7xx_HAL_Driver/Src/stm32f7xx_hal_dma2d.o
LOAD ./Drivers/STM32F7xx_HAL_Driver/Src/stm32f7xx_hal_dma_ex.o
LOAD ./Drivers/STM32F7xx_HAL_Driver/Src/stm32f7xx_hal_dsi.o
LOAD ./Drivers/STM32F7xx_HAL_Driver/Src/stm32f7xx_hal_exti.o
LOAD ./Drivers/STM32F7xx_HAL_Driver/Src/stm32f7xx_hal_flash.o
LOAD ./Drivers/STM32F7xx_HAL_Driver/Src/stm32f7xx_hal_flash_ex.o
LOAD ./Drivers/STM32F7xx_HAL_Driver/Src/stm32f7xx_hal_gpio.o
LOAD ./Drivers/STM32F7xx_HAL_Driver/Src/stm32f7xx_hal_i2c.o
LOAD ./Drivers/STM32F7xx_HAL_Driver/Src/stm32f7xx_hal_i2c_ex.o
LOAD ./Drivers/STM32F7xx_HAL_Driver/Src/stm32f7xx_hal_ltdc.o
LOAD ./Drivers/STM32F7xx_HAL_Driver/Src/stm32f7xx_hal_ltdc_ex.o
LOAD ./Drivers/STM32F7xx_HAL_Driver/Src/stm32f7xx_hal_pwr.o
LOAD ./Drivers/STM32F7xx_HAL_Driver/Src/stm32f7xx_hal_pwr_ex.o
LOAD ./Drivers/STM32F7xx_HAL_Driver/Src/stm32f7xx_hal_rcc.o
LOAD ./Drivers/STM32F7xx_HAL_Driver/Src/stm32f7xx_hal_rcc_ex.o
LOAD ./Drivers/STM32F7xx_HAL_Driver/Src/stm32f7xx_hal_rtc.o
LOAD ./Drivers/STM32F7xx_HAL_Driver/Src/stm32f7xx_hal_rtc_ex.o
LOAD ./Drivers/STM32F7xx_HAL_Driver/Src/stm32f7xx_hal_sdram.o
LOAD ./Drivers/STM32F7xx_HAL_Driver/Src/stm32f7xx_hal_spi.o
LOAD ./Drivers/STM32F7xx_HAL_Driver/Src/stm32f7xx_hal_spi_ex.o
LOAD ./Drivers/STM32F7xx_HAL_Driver/Src/stm32f7xx_hal_tim.o
LOAD ./Drivers/STM32F7xx_HAL_Driver/Src/stm32f7xx_hal_tim_ex.o
LOAD ./Drivers/STM32F7xx_HAL_Driver/Src/stm32f7xx_hal_uart.o
LOAD ./Drivers/STM32F7xx_HAL_Driver/Src/stm32f7xx_hal_uart_ex.o
LOAD ./Drivers/STM32F7xx_HAL_Driver/Src/stm32f7xx_ll_fmc.o
LOAD ./Middlewares/Third_Party/FreeRTOS/Source/CMSIS_RTOS/cmsis_os.o
LOAD ./Middlewares/Third_Party/FreeRTOS/Source/croutine.o
LOAD ./Middlewares/Third_Party/FreeRTOS/Source/event_groups.o
LOAD ./Middlewares/Third_Party/FreeRTOS/Source/list.o
LOAD ./Middlewares/Third_Party/FreeRTOS/Source/queue.o
LOAD ./Middlewares/Third_Party/FreeRTOS/Source/stream_buffer.o
LOAD ./Middlewares/Third_Party/FreeRTOS/Source/tasks.o
LOAD ./Middlewares/Third_Party/FreeRTOS/Source/timers.o
LOAD ./Middlewares/Third_Party/FreeRTOS/Source/portable/GCC/ARM_CM7/r0p1/port.o
LOAD ./Middlewares/Third_Party/FreeRTOS/Source/portable/MemMang/heap_4.o
START GROUP
LOAD c:/st/stm32cubeide_1.8.0/stm32cubeide/plugins/com.st.stm32cube.ide.mcu.externaltools.gnu-tools-for-stm32.10.3-2021.10.win32_1.0.0.202111181127/tools/bin/../lib/gcc/arm-none-eabi/10.3.1/../../../../arm-none-eabi/lib/thumb/v7e-m+fp/hard\libc_nano.a
LOAD c:/st/stm32cubeide_1.8.0/stm32cubeide/plugins/com.st.stm32cube.ide.mcu.externaltools.gnu-tools-for-stm32.10.3-2021.10.win32_1.0.0.202111181127/tools/bin/../lib/gcc/arm-none-eabi/10.3.1/../../../../arm-none-eabi/lib/thumb/v7e-m+fp/hard\libm.a
END GROUP
START GROUP
LOAD c:/st/stm32cubeide_1.8.0/stm32cubeide/plugins/com.st.stm32cube.ide.mcu.externaltools.gnu-tools-for-stm32.10.3-2021.10.win32_1.0.0.202111181127/tools/bin/../lib/gcc/arm-none-eabi/10.3.1/thumb/v7e-m+fp/hard\libgcc.a
LOAD c:/st/stm32cubeide_1.8.0/stm32cubeide/plugins/com.st.stm32cube.ide.mcu.externaltools.gnu-tools-for-stm32.10.3-2021.10.win32_1.0.0.202111181127/tools/bin/../lib/gcc/arm-none-eabi/10.3.1/../../../../arm-none-eabi/lib/thumb/v7e-m+fp/hard\libc_nano.a
END GROUP
START GROUP
LOAD c:/st/stm32cubeide_1.8.0/stm32cubeide/plugins/com.st.stm32cube.ide.mcu.externaltools.gnu-tools-for-stm32.10.3-2021.10.win32_1.0.0.202111181127/tools/bin/../lib/gcc/arm-none-eabi/10.3.1/thumb/v7e-m+fp/hard\libgcc.a
LOAD c:/st/stm32cubeide_1.8.0/stm32cubeide/plugins/com.st.stm32cube.ide.mcu.externaltools.gnu-tools-for-stm32.10.3-2021.10.win32_1.0.0.202111181127/tools/bin/../lib/gcc/arm-none-eabi/10.3.1/../../../../arm-none-eabi/lib/thumb/v7e-m+fp/hard\libc_nano.a
LOAD c:/st/stm32cubeide_1.8.0/stm32cubeide/plugins/com.st.stm32cube.ide.mcu.externaltools.gnu-tools-for-stm32.10.3-2021.10.win32_1.0.0.202111181127/tools/bin/../lib/gcc/arm-none-eabi/10.3.1/../../../../arm-none-eabi/lib/thumb/v7e-m+fp/hard\libnosys.a
END GROUP
START GROUP
LOAD c:/st/stm32cubeide_1.8.0/stm32cubeide/plugins/com.st.stm32cube.ide.mcu.externaltools.gnu-tools-for-stm32.10.3-2021.10.win32_1.0.0.202111181127/tools/bin/../lib/gcc/arm-none-eabi/10.3.1/thumb/v7e-m+fp/hard\libgcc.a
LOAD c:/st/stm32cubeide_1.8.0/stm32cubeide/plugins/com.st.stm32cube.ide.mcu.externaltools.gnu-tools-for-stm32.10.3-2021.10.win32_1.0.0.202111181127/tools/bin/../lib/gcc/arm-none-eabi/10.3.1/../../../../arm-none-eabi/lib/thumb/v7e-m+fp/hard\libc_nano.a
LOAD c:/st/stm32cubeide_1.8.0/stm32cubeide/plugins/com.st.stm32cube.ide.mcu.externaltools.gnu-tools-for-stm32.10.3-2021.10.win32_1.0.0.202111181127/tools/bin/../lib/gcc/arm-none-eabi/10.3.1/../../../../arm-none-eabi/lib/thumb/v7e-m+fp/hard\libnosys.a
END GROUP
LOAD c:/st/stm32cubeide_1.8.0/stm32cubeide/plugins/com.st.stm32cube.ide.mcu.externaltools.gnu-tools-for-stm32.10.3-2021.10.win32_1.0.0.202111181127/tools/bin/../lib/gcc/arm-none-eabi/10.3.1/thumb/v7e-m+fp/hard/crtend.o
LOAD c:/st/stm32cubeide_1.8.0/stm32cubeide/plugins/com.st.stm32cube.ide.mcu.externaltools.gnu-tools-for-stm32.10.3-2021.10.win32_1.0.0.202111181127/tools/bin/../lib/gcc/arm-none-eabi/10.3.1/thumb/v7e-m+fp/hard/crtn.o
                0x0000000020050000                _estack = (ORIGIN (RAM) + LENGTH (RAM))
                0x0000000000000200                _Min_Heap_Size = 0x200
                0x0000000000000400                _Min_Stack_Size = 0x400

.isr_vector     0x0000000008000000      0x1c8
                0x0000000008000000                . = ALIGN (0x4)
 *(.isr_vector)
 .isr_vector    0x0000000008000000      0x1c8 ./Core/Startup/startup_stm32f746nghx.o
                0x0000000008000000                g_pfnVectors
                0x00000000080001c8                . = ALIGN (0x4)

.text           0x00000000080001d0     0xd5a0
                0x00000000080001d0                . = ALIGN (0x4)
 *(.text)
 .text          0x00000000080001d0       0x40 c:/st/stm32cubeide_1.8.0/stm32cubeide/plugins/com.st.stm32cube.ide.mcu.externaltools.gnu-tools-for-stm32.10.3-2021.10.win32_1.0.0.202111181127/tools/bin/../lib/gcc/arm-none-eabi/10.3.1/thumb/v7e-m+fp/hard/crtbegin.o
 .text          0x0000000008000210       0xa0 c:/st/stm32cubeide_1.8.0/stm32cubeide/plugins/com.st.stm32cube.ide.mcu.externaltools.gnu-tools-for-stm32.10.3-2021.10.win32_1.0.0.202111181127/tools/bin/../lib/gcc/arm-none-eabi/10.3.1/../../../../arm-none-eabi/lib/thumb/v7e-m+fp/hard\libc_nano.a(lib_a-memchr.o)
                0x0000000008000210                memchr
 .text          0x00000000080002b0       0x30 c:/st/stm32cubeide_1.8.0/stm32cubeide/plugins/com.st.stm32cube.ide.mcu.externaltools.gnu-tools-for-stm32.10.3-2021.10.win32_1.0.0.202111181127/tools/bin/../lib/gcc/arm-none-eabi/10.3.1/thumb/v7e-m+fp/hard\libgcc.a(_aeabi_uldivmod.o)
                0x00000000080002b0                __aeabi_uldivmod
 .text          0x00000000080002e0      0x2d0 c:/st/stm32cubeide_1.8.0/stm32cubeide/plugins/com.st.stm32cube.ide.mcu.externaltools.gnu-tools-for-stm32.10.3-2021.10.win32_1.0.0.202111181127/tools/bin/../lib/gcc/arm-none-eabi/10.3.1/thumb/v7e-m+fp/hard\libgcc.a(_udivmoddi4.o)
                0x00000000080002e0                __udivmoddi4
 .text          0x00000000080005b0        0x4 c:/st/stm32cubeide_1.8.0/stm32cubeide/plugins/com.st.stm32cube.ide.mcu.externaltools.gnu-tools-for-stm32.10.3-2021.10.win32_1.0.0.202111181127/tools/bin/../lib/gcc/arm-none-eabi/10.3.1/thumb/v7e-m+fp/hard\libgcc.a(_dvmd_tls.o)
                0x00000000080005b0                __aeabi_idiv0
                0x00000000080005b0                __aeabi_ldiv0
 *(.text*)
 .text.vApplicationGetIdleTaskMemory
                0x00000000080005b4       0x34 ./Core/Src/freertos.o
                0x00000000080005b4                vApplicationGetIdleTaskMemory
 .text.ft5336_Init
                0x00000000080005e8       0x1c ./Core/Src/ft5336.o
                0x00000000080005e8                ft5336_Init
 .text.ft5336_Reset
                0x0000000008000604       0x16 ./Core/Src/ft5336.o
                0x0000000008000604                ft5336_Reset
 .text.ft5336_ReadID
                0x000000000800061a       0x5c ./Core/Src/ft5336.o
                0x000000000800061a                ft5336_ReadID
 .text.ft5336_TS_Start
                0x0000000008000676       0x22 ./Core/Src/ft5336.o
                0x0000000008000676                ft5336_TS_Start
 .text.ft5336_TS_DetectTouch
                0x0000000008000698       0x54 ./Core/Src/ft5336.o
                0x0000000008000698                ft5336_TS_DetectTouch
 .text.ft5336_TS_GetXY
                0x00000000080006ec      0x1e0 ./Core/Src/ft5336.o
                0x00000000080006ec                ft5336_TS_GetXY
 .text.ft5336_TS_EnableIT
                0x00000000080008cc       0x28 ./Core/Src/ft5336.o
                0x00000000080008cc                ft5336_TS_EnableIT
 .text.ft5336_TS_DisableIT
                0x00000000080008f4       0x28 ./Core/Src/ft5336.o
                0x00000000080008f4                ft5336_TS_DisableIT
 .text.ft5336_TS_ITStatus
                0x000000000800091c       0x18 ./Core/Src/ft5336.o
                0x000000000800091c                ft5336_TS_ITStatus
 .text.ft5336_TS_ClearIT
                0x0000000008000934       0x16 ./Core/Src/ft5336.o
                0x0000000008000934                ft5336_TS_ClearIT
 *fill*         0x000000000800094a        0x2 
 .text.ft5336_Get_I2C_InitializedStatus
                0x000000000800094c       0x18 ./Core/Src/ft5336.o
 .text.ft5336_I2C_InitializeIfRequired
                0x0000000008000964       0x20 ./Core/Src/ft5336.o
 .text.ft5336_TS_Configure
                0x0000000008000984       0x1c ./Core/Src/ft5336.o
 .text.main     0x00000000080009a0      0x298 ./Core/Src/main.o
                0x00000000080009a0                main
 .text.SystemClock_Config
                0x0000000008000c38       0xe4 ./Core/Src/main.o
                0x0000000008000c38                SystemClock_Config
 .text.MX_ADC1_Init
                0x0000000008000d1c       0xa4 ./Core/Src/main.o
 .text.MX_ADC3_Init
                0x0000000008000dc0       0xa4 ./Core/Src/main.o
 .text.MX_DAC_Init
                0x0000000008000e64       0x54 ./Core/Src/main.o
 .text.MX_DMA2D_Init
                0x0000000008000eb8       0x64 ./Core/Src/main.o
 .text.MX_I2C1_Init
                0x0000000008000f1c       0x80 ./Core/Src/main.o
 .text.MX_I2C3_Init
                0x0000000008000f9c       0x80 ./Core/Src/main.o
 .text.MX_LTDC_Init
                0x000000000800101c      0x104 ./Core/Src/main.o
 .text.MX_RTC_Init
                0x0000000008001120      0x14c ./Core/Src/main.o
 .text.MX_SPI2_Init
                0x000000000800126c       0x7c ./Core/Src/main.o
 .text.MX_TIM1_Init
                0x00000000080012e8       0xa8 ./Core/Src/main.o
 .text.MX_TIM2_Init
                0x0000000008001390       0x9c ./Core/Src/main.o
 .text.MX_TIM3_Init
                0x000000000800142c       0x9c ./Core/Src/main.o
 .text.MX_TIM5_Init
                0x00000000080014c8       0x9c ./Core/Src/main.o
 .text.MX_TIM8_Init
                0x0000000008001564       0xa8 ./Core/Src/main.o
 .text.MX_UART7_Init
                0x000000000800160c       0x60 ./Core/Src/main.o
 .text.MX_USART1_UART_Init
                0x000000000800166c       0x60 ./Core/Src/main.o
 .text.MX_USART6_UART_Init
                0x00000000080016cc       0x60 ./Core/Src/main.o
 .text.MX_FMC_Init
                0x000000000800172c       0xa0 ./Core/Src/main.o
 .text.MX_GPIO_Init
                0x00000000080017cc      0x5ac ./Core/Src/main.o
 .text.HAL_GPIO_EXTI_Callback
                0x0000000008001d78       0x28 ./Core/Src/main.o
                0x0000000008001d78                HAL_GPIO_EXTI_Callback
 .text.StartDefaultTask
                0x0000000008001da0       0x10 ./Core/Src/main.o
                0x0000000008001da0                StartDefaultTask
 .text.Task_diable
                0x0000000008001db0      0x174 ./Core/Src/main.o
                0x0000000008001db0                Task_diable
 .text.Task_homme
                0x0000000008001f24      0x14c ./Core/Src/main.o
                0x0000000008001f24                Task_homme
 .text.Task_virus
                0x0000000008002070      0x234 ./Core/Src/main.o
                0x0000000008002070                Task_virus
 .text.Task_Game_Over
                0x00000000080022a4       0x74 ./Core/Src/main.o
                0x00000000080022a4                Task_Game_Over
 .text.HAL_TIM_PeriodElapsedCallback
                0x0000000008002318       0x24 ./Core/Src/main.o
                0x0000000008002318                HAL_TIM_PeriodElapsedCallback
 .text.Error_Handler
                0x000000000800233c        0xa ./Core/Src/main.o
                0x000000000800233c                Error_Handler
 *fill*         0x0000000008002346        0x2 
 .text.I2Cx_MspInit
                0x0000000008002348      0x160 ./Core/Src/stm32746g_discovery.o
 .text.I2Cx_Init
                0x00000000080024a8       0x78 ./Core/Src/stm32746g_discovery.o
 .text.I2Cx_ReadMultiple
                0x0000000008002520       0x5a ./Core/Src/stm32746g_discovery.o
 .text.I2Cx_WriteMultiple
                0x000000000800257a       0x5a ./Core/Src/stm32746g_discovery.o
 .text.I2Cx_Error
                0x00000000080025d4       0x20 ./Core/Src/stm32746g_discovery.o
 .text.TS_IO_Init
                0x00000000080025f4       0x14 ./Core/Src/stm32746g_discovery.o
                0x00000000080025f4                TS_IO_Init
 .text.TS_IO_Write
                0x0000000008002608       0x34 ./Core/Src/stm32746g_discovery.o
                0x0000000008002608                TS_IO_Write
 .text.TS_IO_Read
                0x000000000800263c       0x3c ./Core/Src/stm32746g_discovery.o
                0x000000000800263c                TS_IO_Read
 .text.TS_IO_Delay
                0x0000000008002678       0x16 ./Core/Src/stm32746g_discovery.o
                0x0000000008002678                TS_IO_Delay
 *fill*         0x000000000800268e        0x2 
 .text.BSP_LCD_Init
                0x0000000008002690       0xe0 ./Core/Src/stm32746g_discovery_lcd.o
                0x0000000008002690                BSP_LCD_Init
 .text.BSP_LCD_GetXSize
                0x0000000008002770       0x28 ./Core/Src/stm32746g_discovery_lcd.o
                0x0000000008002770                BSP_LCD_GetXSize
 .text.BSP_LCD_GetYSize
                0x0000000008002798       0x28 ./Core/Src/stm32746g_discovery_lcd.o
                0x0000000008002798                BSP_LCD_GetYSize
 .text.BSP_LCD_LayerDefaultInit
                0x00000000080027c0       0xc0 ./Core/Src/stm32746g_discovery_lcd.o
                0x00000000080027c0                BSP_LCD_LayerDefaultInit
 .text.BSP_LCD_SelectLayer
                0x0000000008002880       0x20 ./Core/Src/stm32746g_discovery_lcd.o
                0x0000000008002880                BSP_LCD_SelectLayer
 .text.BSP_LCD_SetTextColor
                0x00000000080028a0       0x30 ./Core/Src/stm32746g_discovery_lcd.o
                0x00000000080028a0                BSP_LCD_SetTextColor
 .text.BSP_LCD_SetBackColor
                0x00000000080028d0       0x34 ./Core/Src/stm32746g_discovery_lcd.o
                0x00000000080028d0                BSP_LCD_SetBackColor
 .text.BSP_LCD_SetFont
                0x0000000008002904       0x34 ./Core/Src/stm32746g_discovery_lcd.o
                0x0000000008002904                BSP_LCD_SetFont
 .text.BSP_LCD_Clear
                0x0000000008002938       0x50 ./Core/Src/stm32746g_discovery_lcd.o
                0x0000000008002938                BSP_LCD_Clear
 .text.BSP_LCD_DisplayChar
                0x0000000008002988       0x88 ./Core/Src/stm32746g_discovery_lcd.o
                0x0000000008002988                BSP_LCD_DisplayChar
 .text.BSP_LCD_DisplayStringAt
                0x0000000008002a10      0x190 ./Core/Src/stm32746g_discovery_lcd.o
                0x0000000008002a10                BSP_LCD_DisplayStringAt
 .text.BSP_LCD_DrawPixel
                0x0000000008002ba0       0x90 ./Core/Src/stm32746g_discovery_lcd.o
                0x0000000008002ba0                BSP_LCD_DrawPixel
 .text.BSP_LCD_DrawBitmap
                0x0000000008002c30      0x164 ./Core/Src/stm32746g_discovery_lcd.o
                0x0000000008002c30                BSP_LCD_DrawBitmap
 .text.BSP_LCD_DisplayOn
                0x0000000008002d94       0x3c ./Core/Src/stm32746g_discovery_lcd.o
                0x0000000008002d94                BSP_LCD_DisplayOn
 .text.BSP_LCD_MspInit
                0x0000000008002dd0      0x1b4 ./Core/Src/stm32746g_discovery_lcd.o
                0x0000000008002dd0                BSP_LCD_MspInit
 .text.BSP_LCD_ClockConfig
                0x0000000008002f84       0x38 ./Core/Src/stm32746g_discovery_lcd.o
                0x0000000008002f84                BSP_LCD_ClockConfig
 .text.DrawChar
                0x0000000008002fbc      0x170 ./Core/Src/stm32746g_discovery_lcd.o
 .text.LL_FillBuffer
                0x000000000800312c       0x98 ./Core/Src/stm32746g_discovery_lcd.o
 .text.LL_ConvertLineToARGB8888
                0x00000000080031c4       0x88 ./Core/Src/stm32746g_discovery_lcd.o
 .text.BSP_SDRAM_Init
                0x000000000800324c       0xbc ./Core/Src/stm32746g_discovery_sdram.o
                0x000000000800324c                BSP_SDRAM_Init
 .text.BSP_SDRAM_Initialization_sequence
                0x0000000008003308       0xc0 ./Core/Src/stm32746g_discovery_sdram.o
                0x0000000008003308                BSP_SDRAM_Initialization_sequence
 .text.BSP_SDRAM_MspInit
                0x00000000080033c8      0x1f0 ./Core/Src/stm32746g_discovery_sdram.o
                0x00000000080033c8                BSP_SDRAM_MspInit
 .text.BSP_TS_Init
                0x00000000080035b8       0x80 ./Core/Src/stm32746g_discovery_ts.o
                0x00000000080035b8                BSP_TS_Init
 .text.HAL_MspInit
                0x0000000008003638       0x50 ./Core/Src/stm32f7xx_hal_msp.o
                0x0000000008003638                HAL_MspInit
 .text.HAL_ADC_MspInit
                0x0000000008003688       0xdc ./Core/Src/stm32f7xx_hal_msp.o
                0x0000000008003688                HAL_ADC_MspInit
 .text.HAL_DAC_MspInit
                0x0000000008003764       0x90 ./Core/Src/stm32f7xx_hal_msp.o
                0x0000000008003764                HAL_DAC_MspInit
 .text.HAL_DMA2D_MspInit
                0x00000000080037f4       0x4c ./Core/Src/stm32f7xx_hal_msp.o
                0x00000000080037f4                HAL_DMA2D_MspInit
 .text.HAL_I2C_MspInit
                0x0000000008003840      0x150 ./Core/Src/stm32f7xx_hal_msp.o
                0x0000000008003840                HAL_I2C_MspInit
 .text.HAL_I2C_MspDeInit
                0x0000000008003990       0x78 ./Core/Src/stm32f7xx_hal_msp.o
                0x0000000008003990                HAL_I2C_MspDeInit
 .text.HAL_LTDC_MspInit
                0x0000000008003a08      0x204 ./Core/Src/stm32f7xx_hal_msp.o
                0x0000000008003a08                HAL_LTDC_MspInit
 .text.HAL_RTC_MspInit
                0x0000000008003c0c       0x5c ./Core/Src/stm32f7xx_hal_msp.o
                0x0000000008003c0c                HAL_RTC_MspInit
 .text.HAL_SPI_MspInit
                0x0000000008003c68       0xc4 ./Core/Src/stm32f7xx_hal_msp.o
                0x0000000008003c68                HAL_SPI_MspInit
 .text.HAL_TIM_Base_MspInit
                0x0000000008003d2c      0x124 ./Core/Src/stm32f7xx_hal_msp.o
                0x0000000008003d2c                HAL_TIM_Base_MspInit
 .text.HAL_UART_MspInit
                0x0000000008003e50      0x220 ./Core/Src/stm32f7xx_hal_msp.o
                0x0000000008003e50                HAL_UART_MspInit
 .text.HAL_FMC_MspInit
                0x0000000008004070      0x120 ./Core/Src/stm32f7xx_hal_msp.o
 .text.HAL_SDRAM_MspInit
                0x0000000008004190       0x14 ./Core/Src/stm32f7xx_hal_msp.o
                0x0000000008004190                HAL_SDRAM_MspInit
 .text.HAL_InitTick
                0x00000000080041a4       0xb0 ./Core/Src/stm32f7xx_hal_timebase_tim.o
                0x00000000080041a4                HAL_InitTick
 .text.NMI_Handler
                0x0000000008004254        0x6 ./Core/Src/stm32f7xx_it.o
                0x0000000008004254                NMI_Handler
 .text.HardFault_Handler
                0x000000000800425a        0x6 ./Core/Src/stm32f7xx_it.o
                0x000000000800425a                HardFault_Handler
 .text.MemManage_Handler
                0x0000000008004260        0x6 ./Core/Src/stm32f7xx_it.o
                0x0000000008004260                MemManage_Handler
 .text.BusFault_Handler
                0x0000000008004266        0x6 ./Core/Src/stm32f7xx_it.o
                0x0000000008004266                BusFault_Handler
 .text.UsageFault_Handler
                0x000000000800426c        0x6 ./Core/Src/stm32f7xx_it.o
                0x000000000800426c                UsageFault_Handler
 .text.DebugMon_Handler
                0x0000000008004272        0xe ./Core/Src/stm32f7xx_it.o
                0x0000000008004272                DebugMon_Handler
 .text.EXTI15_10_IRQHandler
                0x0000000008004280       0x10 ./Core/Src/stm32f7xx_it.o
                0x0000000008004280                EXTI15_10_IRQHandler
 .text.TIM6_DAC_IRQHandler
                0x0000000008004290       0x28 ./Core/Src/stm32f7xx_it.o
                0x0000000008004290                TIM6_DAC_IRQHandler
 .text.LTDC_IRQHandler
                0x00000000080042b8       0x14 ./Core/Src/stm32f7xx_it.o
                0x00000000080042b8                LTDC_IRQHandler
 .text.DMA2D_IRQHandler
                0x00000000080042cc       0x14 ./Core/Src/stm32f7xx_it.o
                0x00000000080042cc                DMA2D_IRQHandler
 .text._sbrk    0x00000000080042e0       0x6c ./Core/Src/sysmem.o
                0x00000000080042e0                _sbrk
 .text.SystemInit
                0x000000000800434c       0x24 ./Core/Src/system_stm32f7xx.o
                0x000000000800434c                SystemInit
 .text.Reset_Handler
                0x0000000008004370       0x50 ./Core/Startup/startup_stm32f746nghx.o
                0x0000000008004370                Reset_Handler
 .text.Default_Handler
                0x00000000080043c0        0x2 ./Core/Startup/startup_stm32f746nghx.o
                0x00000000080043c0                RTC_Alarm_IRQHandler
                0x00000000080043c0                EXTI2_IRQHandler
                0x00000000080043c0                TIM8_CC_IRQHandler
                0x00000000080043c0                UART8_IRQHandler
                0x00000000080043c0                SPI4_IRQHandler
                0x00000000080043c0                TIM1_CC_IRQHandler
                0x00000000080043c0                DMA2_Stream5_IRQHandler
                0x00000000080043c0                DMA1_Stream5_IRQHandler
                0x00000000080043c0                PVD_IRQHandler
                0x00000000080043c0                TAMP_STAMP_IRQHandler
                0x00000000080043c0                CAN2_RX1_IRQHandler
                0x00000000080043c0                EXTI3_IRQHandler
                0x00000000080043c0                TIM8_TRG_COM_TIM14_IRQHandler
                0x00000000080043c0                TIM1_UP_TIM10_IRQHandler
                0x00000000080043c0                TIM8_UP_TIM13_IRQHandler
                0x00000000080043c0                I2C3_ER_IRQHandler
                0x00000000080043c0                EXTI0_IRQHandler
                0x00000000080043c0                I2C2_EV_IRQHandler
                0x00000000080043c0                DMA1_Stream2_IRQHandler
                0x00000000080043c0                CAN1_RX0_IRQHandler
                0x00000000080043c0                FPU_IRQHandler
                0x00000000080043c0                OTG_HS_WKUP_IRQHandler
                0x00000000080043c0                LTDC_ER_IRQHandler
                0x00000000080043c0                CAN2_SCE_IRQHandler
                0x00000000080043c0                DMA2_Stream2_IRQHandler
                0x00000000080043c0                SPI1_IRQHandler
                0x00000000080043c0                TIM1_BRK_TIM9_IRQHandler
                0x00000000080043c0                DCMI_IRQHandler
                0x00000000080043c0                CAN2_RX0_IRQHandler
                0x00000000080043c0                DMA2_Stream3_IRQHandler
                0x00000000080043c0                SAI2_IRQHandler
                0x00000000080043c0                USART6_IRQHandler
                0x00000000080043c0                USART3_IRQHandler
                0x00000000080043c0                CAN1_RX1_IRQHandler
                0x00000000080043c0                UART5_IRQHandler
                0x00000000080043c0                DMA2_Stream0_IRQHandler
                0x00000000080043c0                TIM4_IRQHandler
                0x00000000080043c0                QUADSPI_IRQHandler
                0x00000000080043c0                I2C1_EV_IRQHandler
                0x00000000080043c0                DMA1_Stream6_IRQHandler
                0x00000000080043c0                DMA1_Stream1_IRQHandler
                0x00000000080043c0                UART4_IRQHandler
                0x00000000080043c0                TIM3_IRQHandler
                0x00000000080043c0                RCC_IRQHandler
                0x00000000080043c0                TIM8_BRK_TIM12_IRQHandler
                0x00000000080043c0                Default_Handler
                0x00000000080043c0                CEC_IRQHandler
                0x00000000080043c0                ADC_IRQHandler
                0x00000000080043c0                DMA1_Stream7_IRQHandler
                0x00000000080043c0                SPI5_IRQHandler
                0x00000000080043c0                TIM7_IRQHandler
                0x00000000080043c0                SDMMC1_IRQHandler
                0x00000000080043c0                CAN2_TX_IRQHandler
                0x00000000080043c0                TIM5_IRQHandler
                0x00000000080043c0                DMA2_Stream7_IRQHandler
                0x00000000080043c0                I2C3_EV_IRQHandler
                0x00000000080043c0                EXTI9_5_IRQHandler
                0x00000000080043c0                RTC_WKUP_IRQHandler
                0x00000000080043c0                ETH_WKUP_IRQHandler
                0x00000000080043c0                SPDIF_RX_IRQHandler
                0x00000000080043c0                SPI2_IRQHandler
                0x00000000080043c0                OTG_HS_EP1_IN_IRQHandler
                0x00000000080043c0                DMA1_Stream0_IRQHandler
                0x00000000080043c0                CAN1_TX_IRQHandler
                0x00000000080043c0                EXTI4_IRQHandler
                0x00000000080043c0                RNG_IRQHandler
                0x00000000080043c0                ETH_IRQHandler
                0x00000000080043c0                OTG_HS_EP1_OUT_IRQHandler
                0x00000000080043c0                WWDG_IRQHandler
                0x00000000080043c0                SPI6_IRQHandler
                0x00000000080043c0                I2C4_EV_IRQHandler
                0x00000000080043c0                TIM2_IRQHandler
                0x00000000080043c0                OTG_FS_WKUP_IRQHandler
                0x00000000080043c0                TIM1_TRG_COM_TIM11_IRQHandler
                0x00000000080043c0                OTG_HS_IRQHandler
                0x00000000080043c0                EXTI1_IRQHandler
                0x00000000080043c0                UART7_IRQHandler
                0x00000000080043c0                USART2_IRQHandler
                0x00000000080043c0                I2C2_ER_IRQHandler
                0x00000000080043c0                DMA2_Stream1_IRQHandler
                0x00000000080043c0                CAN1_SCE_IRQHandler
                0x00000000080043c0                FLASH_IRQHandler
                0x00000000080043c0                DMA2_Stream4_IRQHandler
                0x00000000080043c0                USART1_IRQHandler
                0x00000000080043c0                OTG_FS_IRQHandler
                0x00000000080043c0                SPI3_IRQHandler
                0x00000000080043c0                DMA1_Stream4_IRQHandler
                0x00000000080043c0                I2C1_ER_IRQHandler
                0x00000000080043c0                FMC_IRQHandler
                0x00000000080043c0                LPTIM1_IRQHandler
                0x00000000080043c0                I2C4_ER_IRQHandler
                0x00000000080043c0                DMA2_Stream6_IRQHandler
                0x00000000080043c0                SAI1_IRQHandler
                0x00000000080043c0                DMA1_Stream3_IRQHandler
 .text.HAL_Init
                0x00000000080043c2       0x1a ./Drivers/STM32F7xx_HAL_Driver/Src/stm32f7xx_hal.o
                0x00000000080043c2                HAL_Init
 .text.HAL_IncTick
                0x00000000080043dc       0x28 ./Drivers/STM32F7xx_HAL_Driver/Src/stm32f7xx_hal.o
                0x00000000080043dc                HAL_IncTick
 .text.HAL_GetTick
                0x0000000008004404       0x18 ./Drivers/STM32F7xx_HAL_Driver/Src/stm32f7xx_hal.o
                0x0000000008004404                HAL_GetTick
 .text.HAL_Delay
                0x000000000800441c       0x48 ./Drivers/STM32F7xx_HAL_Driver/Src/stm32f7xx_hal.o
                0x000000000800441c                HAL_Delay
 .text.HAL_ADC_Init
                0x0000000008004464       0x88 ./Drivers/STM32F7xx_HAL_Driver/Src/stm32f7xx_hal_adc.o
                0x0000000008004464                HAL_ADC_Init
 .text.HAL_ADC_Start
                0x00000000080044ec      0x19c ./Drivers/STM32F7xx_HAL_Driver/Src/stm32f7xx_hal_adc.o
                0x00000000080044ec                HAL_ADC_Start
 .text.HAL_ADC_PollForConversion
                0x0000000008004688      0x116 ./Drivers/STM32F7xx_HAL_Driver/Src/stm32f7xx_hal_adc.o
                0x0000000008004688                HAL_ADC_PollForConversion
 .text.HAL_ADC_GetValue
                0x000000000800479e       0x1a ./Drivers/STM32F7xx_HAL_Driver/Src/stm32f7xx_hal_adc.o
                0x000000000800479e                HAL_ADC_GetValue
 .text.HAL_ADC_ConfigChannel
                0x00000000080047b8      0x2ac ./Drivers/STM32F7xx_HAL_Driver/Src/stm32f7xx_hal_adc.o
                0x00000000080047b8                HAL_ADC_ConfigChannel
 .text.ADC_Init
                0x0000000008004a64      0x1f4 ./Drivers/STM32F7xx_HAL_Driver/Src/stm32f7xx_hal_adc.o
 .text.__NVIC_SetPriorityGrouping
                0x0000000008004c58       0x48 ./Drivers/STM32F7xx_HAL_Driver/Src/stm32f7xx_hal_cortex.o
 .text.__NVIC_GetPriorityGrouping
                0x0000000008004ca0       0x1c ./Drivers/STM32F7xx_HAL_Driver/Src/stm32f7xx_hal_cortex.o
 .text.__NVIC_EnableIRQ
                0x0000000008004cbc       0x3c ./Drivers/STM32F7xx_HAL_Driver/Src/stm32f7xx_hal_cortex.o
 .text.__NVIC_SetPriority
                0x0000000008004cf8       0x54 ./Drivers/STM32F7xx_HAL_Driver/Src/stm32f7xx_hal_cortex.o
 .text.NVIC_EncodePriority
                0x0000000008004d4c       0x66 ./Drivers/STM32F7xx_HAL_Driver/Src/stm32f7xx_hal_cortex.o
 .text.HAL_NVIC_SetPriorityGrouping
                0x0000000008004db2       0x16 ./Drivers/STM32F7xx_HAL_Driver/Src/stm32f7xx_hal_cortex.o
                0x0000000008004db2                HAL_NVIC_SetPriorityGrouping
 .text.HAL_NVIC_SetPriority
                0x0000000008004dc8       0x38 ./Drivers/STM32F7xx_HAL_Driver/Src/stm32f7xx_hal_cortex.o
                0x0000000008004dc8                HAL_NVIC_SetPriority
 .text.HAL_NVIC_EnableIRQ
                0x0000000008004e00       0x1c ./Drivers/STM32F7xx_HAL_Driver/Src/stm32f7xx_hal_cortex.o
                0x0000000008004e00                HAL_NVIC_EnableIRQ
 .text.HAL_DAC_Init
                0x0000000008004e1c       0x44 ./Drivers/STM32F7xx_HAL_Driver/Src/stm32f7xx_hal_dac.o
                0x0000000008004e1c                HAL_DAC_Init
 .text.HAL_DAC_IRQHandler
                0x0000000008004e60       0xb4 ./Drivers/STM32F7xx_HAL_Driver/Src/stm32f7xx_hal_dac.o
                0x0000000008004e60                HAL_DAC_IRQHandler
 .text.HAL_DAC_DMAUnderrunCallbackCh1
                0x0000000008004f14       0x14 ./Drivers/STM32F7xx_HAL_Driver/Src/stm32f7xx_hal_dac.o
                0x0000000008004f14                HAL_DAC_DMAUnderrunCallbackCh1
 .text.HAL_DAC_ConfigChannel
                0x0000000008004f28       0x9e ./Drivers/STM32F7xx_HAL_Driver/Src/stm32f7xx_hal_dac.o
                0x0000000008004f28                HAL_DAC_ConfigChannel
 .text.HAL_DACEx_DMAUnderrunCallbackCh2
                0x0000000008004fc6       0x14 ./Drivers/STM32F7xx_HAL_Driver/Src/stm32f7xx_hal_dac_ex.o
                0x0000000008004fc6                HAL_DACEx_DMAUnderrunCallbackCh2
 *fill*         0x0000000008004fda        0x2 
 .text.HAL_DMA_Init
                0x0000000008004fdc      0x15c ./Drivers/STM32F7xx_HAL_Driver/Src/stm32f7xx_hal_dma.o
                0x0000000008004fdc                HAL_DMA_Init
 .text.HAL_DMA_DeInit
                0x0000000008005138       0xbc ./Drivers/STM32F7xx_HAL_Driver/Src/stm32f7xx_hal_dma.o
                0x0000000008005138                HAL_DMA_DeInit
 .text.DMA_CalcBaseAndBitshift
                0x00000000080051f4       0x6c ./Drivers/STM32F7xx_HAL_Driver/Src/stm32f7xx_hal_dma.o
 .text.DMA_CheckFifoParam
                0x0000000008005260       0xf8 ./Drivers/STM32F7xx_HAL_Driver/Src/stm32f7xx_hal_dma.o
 .text.HAL_DMA2D_Init
                0x0000000008005358       0x94 ./Drivers/STM32F7xx_HAL_Driver/Src/stm32f7xx_hal_dma2d.o
                0x0000000008005358                HAL_DMA2D_Init
 .text.HAL_DMA2D_Start
                0x00000000080053ec       0x56 ./Drivers/STM32F7xx_HAL_Driver/Src/stm32f7xx_hal_dma2d.o
                0x00000000080053ec                HAL_DMA2D_Start
 .text.HAL_DMA2D_PollForTransfer
                0x0000000008005442      0x1d2 ./Drivers/STM32F7xx_HAL_Driver/Src/stm32f7xx_hal_dma2d.o
                0x0000000008005442                HAL_DMA2D_PollForTransfer
 .text.HAL_DMA2D_IRQHandler
                0x0000000008005614      0x1f8 ./Drivers/STM32F7xx_HAL_Driver/Src/stm32f7xx_hal_dma2d.o
                0x0000000008005614                HAL_DMA2D_IRQHandler
 .text.HAL_DMA2D_LineEventCallback
                0x000000000800580c       0x14 ./Drivers/STM32F7xx_HAL_Driver/Src/stm32f7xx_hal_dma2d.o
                0x000000000800580c                HAL_DMA2D_LineEventCallback
 .text.HAL_DMA2D_CLUTLoadingCpltCallback
                0x0000000008005820       0x14 ./Drivers/STM32F7xx_HAL_Driver/Src/stm32f7xx_hal_dma2d.o
                0x0000000008005820                HAL_DMA2D_CLUTLoadingCpltCallback
 .text.HAL_DMA2D_ConfigLayer
                0x0000000008005834      0x124 ./Drivers/STM32F7xx_HAL_Driver/Src/stm32f7xx_hal_dma2d.o
                0x0000000008005834                HAL_DMA2D_ConfigLayer
 .text.DMA2D_SetConfig
                0x0000000008005958      0x138 ./Drivers/STM32F7xx_HAL_Driver/Src/stm32f7xx_hal_dma2d.o
 .text.HAL_GPIO_Init
                0x0000000008005a90      0x358 ./Drivers/STM32F7xx_HAL_Driver/Src/stm32f7xx_hal_gpio.o
                0x0000000008005a90                HAL_GPIO_Init
 .text.HAL_GPIO_DeInit
                0x0000000008005de8      0x218 ./Drivers/STM32F7xx_HAL_Driver/Src/stm32f7xx_hal_gpio.o
                0x0000000008005de8                HAL_GPIO_DeInit
 .text.HAL_GPIO_ReadPin
                0x0000000008006000       0x30 ./Drivers/STM32F7xx_HAL_Driver/Src/stm32f7xx_hal_gpio.o
                0x0000000008006000                HAL_GPIO_ReadPin
 .text.HAL_GPIO_WritePin
                0x0000000008006030       0x32 ./Drivers/STM32F7xx_HAL_Driver/Src/stm32f7xx_hal_gpio.o
                0x0000000008006030                HAL_GPIO_WritePin
 *fill*         0x0000000008006062        0x2 
 .text.HAL_GPIO_EXTI_IRQHandler
                0x0000000008006064       0x30 ./Drivers/STM32F7xx_HAL_Driver/Src/stm32f7xx_hal_gpio.o
                0x0000000008006064                HAL_GPIO_EXTI_IRQHandler
 .text.HAL_I2C_Init
                0x0000000008006094      0x120 ./Drivers/STM32F7xx_HAL_Driver/Src/stm32f7xx_hal_i2c.o
                0x0000000008006094                HAL_I2C_Init
 .text.HAL_I2C_DeInit
                0x00000000080061b4       0x5e ./Drivers/STM32F7xx_HAL_Driver/Src/stm32f7xx_hal_i2c.o
                0x00000000080061b4                HAL_I2C_DeInit
 *fill*         0x0000000008006212        0x2 
 .text.HAL_I2C_Mem_Write
                0x0000000008006214      0x228 ./Drivers/STM32F7xx_HAL_Driver/Src/stm32f7xx_hal_i2c.o
                0x0000000008006214                HAL_I2C_Mem_Write
 .text.HAL_I2C_Mem_Read
                0x000000000800643c      0x234 ./Drivers/STM32F7xx_HAL_Driver/Src/stm32f7xx_hal_i2c.o
                0x000000000800643c                HAL_I2C_Mem_Read
 .text.HAL_I2C_GetState
                0x0000000008006670       0x1c ./Drivers/STM32F7xx_HAL_Driver/Src/stm32f7xx_hal_i2c.o
                0x0000000008006670                HAL_I2C_GetState
 .text.I2C_RequestMemoryWrite
                0x000000000800668c       0xa8 ./Drivers/STM32F7xx_HAL_Driver/Src/stm32f7xx_hal_i2c.o
 .text.I2C_RequestMemoryRead
                0x0000000008006734       0xa8 ./Drivers/STM32F7xx_HAL_Driver/Src/stm32f7xx_hal_i2c.o
 .text.I2C_Flush_TXDR
                0x00000000080067dc       0x48 ./Drivers/STM32F7xx_HAL_Driver/Src/stm32f7xx_hal_i2c.o
 .text.I2C_WaitOnFlagUntilTimeout
                0x0000000008006824       0x80 ./Drivers/STM32F7xx_HAL_Driver/Src/stm32f7xx_hal_i2c.o
 .text.I2C_WaitOnTXISFlagUntilTimeout
                0x00000000080068a4       0x80 ./Drivers/STM32F7xx_HAL_Driver/Src/stm32f7xx_hal_i2c.o
 .text.I2C_WaitOnSTOPFlagUntilTimeout
                0x0000000008006924       0x78 ./Drivers/STM32F7xx_HAL_Driver/Src/stm32f7xx_hal_i2c.o
 .text.I2C_IsErrorOccurred
                0x000000000800699c      0x1d8 ./Drivers/STM32F7xx_HAL_Driver/Src/stm32f7xx_hal_i2c.o
 .text.I2C_TransferConfig
                0x0000000008006b74       0x64 ./Drivers/STM32F7xx_HAL_Driver/Src/stm32f7xx_hal_i2c.o
 .text.HAL_I2CEx_ConfigAnalogFilter
                0x0000000008006bd8       0x96 ./Drivers/STM32F7xx_HAL_Driver/Src/stm32f7xx_hal_i2c_ex.o
                0x0000000008006bd8                HAL_I2CEx_ConfigAnalogFilter
 .text.HAL_I2CEx_ConfigDigitalFilter
                0x0000000008006c6e       0x98 ./Drivers/STM32F7xx_HAL_Driver/Src/stm32f7xx_hal_i2c_ex.o
                0x0000000008006c6e                HAL_I2CEx_ConfigDigitalFilter
 *fill*         0x0000000008006d06        0x2 
 .text.HAL_LTDC_Init
                0x0000000008006d08      0x1a0 ./Drivers/STM32F7xx_HAL_Driver/Src/stm32f7xx_hal_ltdc.o
                0x0000000008006d08                HAL_LTDC_Init
 .text.HAL_LTDC_IRQHandler
                0x0000000008006ea8      0x148 ./Drivers/STM32F7xx_HAL_Driver/Src/stm32f7xx_hal_ltdc.o
                0x0000000008006ea8                HAL_LTDC_IRQHandler
 .text.HAL_LTDC_ErrorCallback
                0x0000000008006ff0       0x14 ./Drivers/STM32F7xx_HAL_Driver/Src/stm32f7xx_hal_ltdc.o
                0x0000000008006ff0                HAL_LTDC_ErrorCallback
 .text.HAL_LTDC_LineEventCallback
                0x0000000008007004       0x14 ./Drivers/STM32F7xx_HAL_Driver/Src/stm32f7xx_hal_ltdc.o
                0x0000000008007004                HAL_LTDC_LineEventCallback
 .text.HAL_LTDC_ReloadEventCallback
                0x0000000008007018       0x14 ./Drivers/STM32F7xx_HAL_Driver/Src/stm32f7xx_hal_ltdc.o
                0x0000000008007018                HAL_LTDC_ReloadEventCallback
 .text.HAL_LTDC_ConfigLayer
                0x000000000800702c       0x7c ./Drivers/STM32F7xx_HAL_Driver/Src/stm32f7xx_hal_ltdc.o
                0x000000000800702c                HAL_LTDC_ConfigLayer
 .text.HAL_LTDC_GetState
                0x00000000080070a8       0x1c ./Drivers/STM32F7xx_HAL_Driver/Src/stm32f7xx_hal_ltdc.o
                0x00000000080070a8                HAL_LTDC_GetState
 .text.LTDC_SetConfig
                0x00000000080070c4      0x334 ./Drivers/STM32F7xx_HAL_Driver/Src/stm32f7xx_hal_ltdc.o
 .text.HAL_PWR_EnableBkUpAccess
                0x00000000080073f8       0x20 ./Drivers/STM32F7xx_HAL_Driver/Src/stm32f7xx_hal_pwr.o
                0x00000000080073f8                HAL_PWR_EnableBkUpAccess
 .text.HAL_PWREx_EnableOverDrive
                0x0000000008007418       0xa0 ./Drivers/STM32F7xx_HAL_Driver/Src/stm32f7xx_hal_pwr_ex.o
                0x0000000008007418                HAL_PWREx_EnableOverDrive
 .text.HAL_RCC_OscConfig
                0x00000000080074b8      0x548 ./Drivers/STM32F7xx_HAL_Driver/Src/stm32f7xx_hal_rcc.o
                0x00000000080074b8                HAL_RCC_OscConfig
 .text.HAL_RCC_ClockConfig
                0x0000000008007a00      0x1d8 ./Drivers/STM32F7xx_HAL_Driver/Src/stm32f7xx_hal_rcc.o
                0x0000000008007a00                HAL_RCC_ClockConfig
 .text.HAL_RCC_GetSysClockFreq
                0x0000000008007bd8      0x18c ./Drivers/STM32F7xx_HAL_Driver/Src/stm32f7xx_hal_rcc.o
                0x0000000008007bd8                HAL_RCC_GetSysClockFreq
 .text.HAL_RCC_GetHCLKFreq
                0x0000000008007d64       0x18 ./Drivers/STM32F7xx_HAL_Driver/Src/stm32f7xx_hal_rcc.o
                0x0000000008007d64                HAL_RCC_GetHCLKFreq
 .text.HAL_RCC_GetPCLK1Freq
                0x0000000008007d7c       0x28 ./Drivers/STM32F7xx_HAL_Driver/Src/stm32f7xx_hal_rcc.o
                0x0000000008007d7c                HAL_RCC_GetPCLK1Freq
 .text.HAL_RCC_GetPCLK2Freq
                0x0000000008007da4       0x28 ./Drivers/STM32F7xx_HAL_Driver/Src/stm32f7xx_hal_rcc.o
                0x0000000008007da4                HAL_RCC_GetPCLK2Freq
 .text.HAL_RCC_GetClockConfig
                0x0000000008007dcc       0x64 ./Drivers/STM32F7xx_HAL_Driver/Src/stm32f7xx_hal_rcc.o
                0x0000000008007dcc                HAL_RCC_GetClockConfig
 .text.HAL_RCCEx_PeriphCLKConfig
                0x0000000008007e30      0x7e0 ./Drivers/STM32F7xx_HAL_Driver/Src/stm32f7xx_hal_rcc_ex.o
                0x0000000008007e30                HAL_RCCEx_PeriphCLKConfig
 .text.HAL_RTC_Init
                0x0000000008008610      0x124 ./Drivers/STM32F7xx_HAL_Driver/Src/stm32f7xx_hal_rtc.o
                0x0000000008008610                HAL_RTC_Init
 .text.HAL_RTC_SetTime
                0x0000000008008734      0x17c ./Drivers/STM32F7xx_HAL_Driver/Src/stm32f7xx_hal_rtc.o
                0x0000000008008734                HAL_RTC_SetTime
 .text.HAL_RTC_SetDate
                0x00000000080088b0      0x150 ./Drivers/STM32F7xx_HAL_Driver/Src/stm32f7xx_hal_rtc.o
                0x00000000080088b0                HAL_RTC_SetDate
 .text.HAL_RTC_SetAlarm
                0x0000000008008a00      0x230 ./Drivers/STM32F7xx_HAL_Driver/Src/stm32f7xx_hal_rtc.o
                0x0000000008008a00                HAL_RTC_SetAlarm
 .text.HAL_RTC_WaitForSynchro
                0x0000000008008c30       0x50 ./Drivers/STM32F7xx_HAL_Driver/Src/stm32f7xx_hal_rtc.o
                0x0000000008008c30                HAL_RTC_WaitForSynchro
 .text.RTC_EnterInitMode
                0x0000000008008c80       0x58 ./Drivers/STM32F7xx_HAL_Driver/Src/stm32f7xx_hal_rtc.o
                0x0000000008008c80                RTC_EnterInitMode
 .text.RTC_ByteToBcd2
                0x0000000008008cd8       0x3c ./Drivers/STM32F7xx_HAL_Driver/Src/stm32f7xx_hal_rtc.o
                0x0000000008008cd8                RTC_ByteToBcd2
 .text.HAL_RTCEx_SetTimeStamp
                0x0000000008008d14       0xac ./Drivers/STM32F7xx_HAL_Driver/Src/stm32f7xx_hal_rtc_ex.o
                0x0000000008008d14                HAL_RTCEx_SetTimeStamp
 .text.HAL_SDRAM_Init
                0x0000000008008dc0       0x68 ./Drivers/STM32F7xx_HAL_Driver/Src/stm32f7xx_hal_sdram.o
                0x0000000008008dc0                HAL_SDRAM_Init
 .text.HAL_SDRAM_SendCommand
                0x0000000008008e28       0x6a ./Drivers/STM32F7xx_HAL_Driver/Src/stm32f7xx_hal_sdram.o
                0x0000000008008e28                HAL_SDRAM_SendCommand
 .text.HAL_SDRAM_ProgramRefreshRate
                0x0000000008008e92       0x50 ./Drivers/STM32F7xx_HAL_Driver/Src/stm32f7xx_hal_sdram.o
                0x0000000008008e92                HAL_SDRAM_ProgramRefreshRate
 .text.HAL_SPI_Init
                0x0000000008008ee2      0x156 ./Drivers/STM32F7xx_HAL_Driver/Src/stm32f7xx_hal_spi.o
                0x0000000008008ee2                HAL_SPI_Init
 .text.HAL_TIM_Base_Init
                0x0000000008009038       0xae ./Drivers/STM32F7xx_HAL_Driver/Src/stm32f7xx_hal_tim.o
                0x0000000008009038                HAL_TIM_Base_Init
 *fill*         0x00000000080090e6        0x2 
 .text.HAL_TIM_Base_Start_IT
                0x00000000080090e8       0xf0 ./Drivers/STM32F7xx_HAL_Driver/Src/stm32f7xx_hal_tim.o
                0x00000000080090e8                HAL_TIM_Base_Start_IT
 .text.HAL_TIM_IRQHandler
                0x00000000080091d8      0x23e ./Drivers/STM32F7xx_HAL_Driver/Src/stm32f7xx_hal_tim.o
                0x00000000080091d8                HAL_TIM_IRQHandler
 *fill*         0x0000000008009416        0x2 
 .text.HAL_TIM_ConfigClockSource
                0x0000000008009418      0x194 ./Drivers/STM32F7xx_HAL_Driver/Src/stm32f7xx_hal_tim.o
                0x0000000008009418                HAL_TIM_ConfigClockSource
 .text.HAL_TIM_OC_DelayElapsedCallback
                0x00000000080095ac       0x14 ./Drivers/STM32F7xx_HAL_Driver/Src/stm32f7xx_hal_tim.o
                0x00000000080095ac                HAL_TIM_OC_DelayElapsedCallback
 .text.HAL_TIM_IC_CaptureCallback
                0x00000000080095c0       0x14 ./Drivers/STM32F7xx_HAL_Driver/Src/stm32f7xx_hal_tim.o
                0x00000000080095c0                HAL_TIM_IC_CaptureCallback
 .text.HAL_TIM_PWM_PulseFinishedCallback
                0x00000000080095d4       0x14 ./Drivers/STM32F7xx_HAL_Driver/Src/stm32f7xx_hal_tim.o
                0x00000000080095d4                HAL_TIM_PWM_PulseFinishedCallback
 .text.HAL_TIM_TriggerCallback
                0x00000000080095e8       0x14 ./Drivers/STM32F7xx_HAL_Driver/Src/stm32f7xx_hal_tim.o
                0x00000000080095e8                HAL_TIM_TriggerCallback
 .text.TIM_Base_SetConfig
                0x00000000080095fc      0x140 ./Drivers/STM32F7xx_HAL_Driver/Src/stm32f7xx_hal_tim.o
                0x00000000080095fc                TIM_Base_SetConfig
 .text.TIM_TI1_ConfigInputStage
                0x000000000800973c       0x5e ./Drivers/STM32F7xx_HAL_Driver/Src/stm32f7xx_hal_tim.o
 .text.TIM_TI2_ConfigInputStage
                0x000000000800979a       0x60 ./Drivers/STM32F7xx_HAL_Driver/Src/stm32f7xx_hal_tim.o
 .text.TIM_ITRx_SetConfig
                0x00000000080097fa       0x36 ./Drivers/STM32F7xx_HAL_Driver/Src/stm32f7xx_hal_tim.o
 .text.TIM_ETR_SetConfig
                0x0000000008009830       0x40 ./Drivers/STM32F7xx_HAL_Driver/Src/stm32f7xx_hal_tim.o
                0x0000000008009830                TIM_ETR_SetConfig
 .text.HAL_TIMEx_MasterConfigSynchronization
                0x0000000008009870      0x11c ./Drivers/STM32F7xx_HAL_Driver/Src/stm32f7xx_hal_tim_ex.o
                0x0000000008009870                HAL_TIMEx_MasterConfigSynchronization
 .text.HAL_TIMEx_CommutCallback
                0x000000000800998c       0x14 ./Drivers/STM32F7xx_HAL_Driver/Src/stm32f7xx_hal_tim_ex.o
                0x000000000800998c                HAL_TIMEx_CommutCallback
 .text.HAL_TIMEx_BreakCallback
                0x00000000080099a0       0x14 ./Drivers/STM32F7xx_HAL_Driver/Src/stm32f7xx_hal_tim_ex.o
                0x00000000080099a0                HAL_TIMEx_BreakCallback
 .text.HAL_TIMEx_Break2Callback
                0x00000000080099b4       0x14 ./Drivers/STM32F7xx_HAL_Driver/Src/stm32f7xx_hal_tim_ex.o
                0x00000000080099b4                HAL_TIMEx_Break2Callback
 .text.HAL_UART_Init
                0x00000000080099c8       0x9c ./Drivers/STM32F7xx_HAL_Driver/Src/stm32f7xx_hal_uart.o
                0x00000000080099c8                HAL_UART_Init
 .text.UART_SetConfig
                0x0000000008009a64      0x4c8 ./Drivers/STM32F7xx_HAL_Driver/Src/stm32f7xx_hal_uart.o
                0x0000000008009a64                UART_SetConfig
 .text.UART_AdvFeatureConfig
                0x0000000008009f2c      0x144 ./Drivers/STM32F7xx_HAL_Driver/Src/stm32f7xx_hal_uart.o
                0x0000000008009f2c                UART_AdvFeatureConfig
 .text.UART_CheckIdleState
                0x000000000800a070       0x66 ./Drivers/STM32F7xx_HAL_Driver/Src/stm32f7xx_hal_uart.o
                0x000000000800a070                UART_CheckIdleState
 .text.UART_WaitOnFlagUntilTimeout
                0x000000000800a0d6      0x188 ./Drivers/STM32F7xx_HAL_Driver/Src/stm32f7xx_hal_uart.o
                0x000000000800a0d6                UART_WaitOnFlagUntilTimeout
 *fill*         0x000000000800a25e        0x2 
 .text.FMC_SDRAM_Init
                0x000000000800a260       0xb8 ./Drivers/STM32F7xx_HAL_Driver/Src/stm32f7xx_ll_fmc.o
                0x000000000800a260                FMC_SDRAM_Init
 .text.FMC_SDRAM_Timing_Init
                0x000000000800a318       0xd4 ./Drivers/STM32F7xx_HAL_Driver/Src/stm32f7xx_ll_fmc.o
                0x000000000800a318                FMC_SDRAM_Timing_Init
 .text.FMC_SDRAM_SendCommand
                0x000000000800a3ec       0x48 ./Drivers/STM32F7xx_HAL_Driver/Src/stm32f7xx_ll_fmc.o
                0x000000000800a3ec                FMC_SDRAM_SendCommand
 .text.FMC_SDRAM_ProgramRefreshRate
                0x000000000800a434       0x30 ./Drivers/STM32F7xx_HAL_Driver/Src/stm32f7xx_ll_fmc.o
                0x000000000800a434                FMC_SDRAM_ProgramRefreshRate
 .text.makeFreeRtosPriority
                0x000000000800a464       0x30 ./Middlewares/Third_Party/FreeRTOS/Source/CMSIS_RTOS/cmsis_os.o
 .text.osKernelStart
                0x000000000800a494        0xe ./Middlewares/Third_Party/FreeRTOS/Source/CMSIS_RTOS/cmsis_os.o
                0x000000000800a494                osKernelStart
 .text.osThreadCreate
                0x000000000800a4a2       0x98 ./Middlewares/Third_Party/FreeRTOS/Source/CMSIS_RTOS/cmsis_os.o
                0x000000000800a4a2                osThreadCreate
 .text.osDelay  0x000000000800a53a       0x28 ./Middlewares/Third_Party/FreeRTOS/Source/CMSIS_RTOS/cmsis_os.o
                0x000000000800a53a                osDelay
 .text.osMutexCreate
                0x000000000800a562       0x30 ./Middlewares/Third_Party/FreeRTOS/Source/CMSIS_RTOS/cmsis_os.o
                0x000000000800a562                osMutexCreate
 .text.osMessageCreate
                0x000000000800a592       0x50 ./Middlewares/Third_Party/FreeRTOS/Source/CMSIS_RTOS/cmsis_os.o
                0x000000000800a592                osMessageCreate
 .text.vListInitialise
                0x000000000800a5e2       0x40 ./Middlewares/Third_Party/FreeRTOS/Source/list.o
                0x000000000800a5e2                vListInitialise
 .text.vListInitialiseItem
                0x000000000800a622       0x1a ./Middlewares/Third_Party/FreeRTOS/Source/list.o
                0x000000000800a622                vListInitialiseItem
 .text.vListInsertEnd
                0x000000000800a63c       0x48 ./Middlewares/Third_Party/FreeRTOS/Source/list.o
                0x000000000800a63c                vListInsertEnd
 .text.vListInsert
                0x000000000800a684       0x72 ./Middlewares/Third_Party/FreeRTOS/Source/list.o
                0x000000000800a684                vListInsert
 .text.uxListRemove
                0x000000000800a6f6       0x54 ./Middlewares/Third_Party/FreeRTOS/Source/list.o
                0x000000000800a6f6                uxListRemove
 *fill*         0x000000000800a74a        0x2 
 .text.xQueueGenericReset
                0x000000000800a74c       0xd4 ./Middlewares/Third_Party/FreeRTOS/Source/queue.o
                0x000000000800a74c                xQueueGenericReset
 .text.xQueueGenericCreateStatic
                0x000000000800a820      0x104 ./Middlewares/Third_Party/FreeRTOS/Source/queue.o
                0x000000000800a820                xQueueGenericCreateStatic
 .text.xQueueGenericCreate
                0x000000000800a924       0x84 ./Middlewares/Third_Party/FreeRTOS/Source/queue.o
                0x000000000800a924                xQueueGenericCreate
 .text.prvInitialiseNewQueue
                0x000000000800a9a8       0x3e ./Middlewares/Third_Party/FreeRTOS/Source/queue.o
 .text.prvInitialiseMutex
                0x000000000800a9e6       0x34 ./Middlewares/Third_Party/FreeRTOS/Source/queue.o
 .text.xQueueCreateMutex
                0x000000000800aa1a       0x30 ./Middlewares/Third_Party/FreeRTOS/Source/queue.o
                0x000000000800aa1a                xQueueCreateMutex
 .text.xQueueCreateMutexStatic
                0x000000000800aa4a       0x36 ./Middlewares/Third_Party/FreeRTOS/Source/queue.o
                0x000000000800aa4a                xQueueCreateMutexStatic
 .text.xQueueGenericSend
                0x000000000800aa80      0x20c ./Middlewares/Third_Party/FreeRTOS/Source/queue.o
                0x000000000800aa80                xQueueGenericSend
 .text.xQueueReceive
                0x000000000800ac8c      0x1cc ./Middlewares/Third_Party/FreeRTOS/Source/queue.o
                0x000000000800ac8c                xQueueReceive
 .text.xQueueSemaphoreTake
                0x000000000800ae58      0x228 ./Middlewares/Third_Party/FreeRTOS/Source/queue.o
                0x000000000800ae58                xQueueSemaphoreTake
 .text.prvGetDisinheritPriorityAfterTimeout
                0x000000000800b080       0x30 ./Middlewares/Third_Party/FreeRTOS/Source/queue.o
 .text.prvCopyDataToQueue
                0x000000000800b0b0       0xd4 ./Middlewares/Third_Party/FreeRTOS/Source/queue.o
 .text.prvCopyDataFromQueue
                0x000000000800b184       0x4c ./Middlewares/Third_Party/FreeRTOS/Source/queue.o
 .text.prvUnlockQueue
                0x000000000800b1d0       0xa4 ./Middlewares/Third_Party/FreeRTOS/Source/queue.o
 .text.prvIsQueueEmpty
                0x000000000800b274       0x2c ./Middlewares/Third_Party/FreeRTOS/Source/queue.o
 .text.prvIsQueueFull
                0x000000000800b2a0       0x30 ./Middlewares/Third_Party/FreeRTOS/Source/queue.o
 .text.xTaskCreateStatic
                0x000000000800b2d0       0xc6 ./Middlewares/Third_Party/FreeRTOS/Source/tasks.o
                0x000000000800b2d0                xTaskCreateStatic
 .text.xTaskCreate
                0x000000000800b396       0x8a ./Middlewares/Third_Party/FreeRTOS/Source/tasks.o
                0x000000000800b396                xTaskCreate
 .text.prvInitialiseNewTask
                0x000000000800b420      0x140 ./Middlewares/Third_Party/FreeRTOS/Source/tasks.o
 .text.prvAddNewTaskToReadyList
                0x000000000800b560       0xd4 ./Middlewares/Third_Party/FreeRTOS/Source/tasks.o
 .text.vTaskDelete
                0x000000000800b634      0x124 ./Middlewares/Third_Party/FreeRTOS/Source/tasks.o
                0x000000000800b634                vTaskDelete
 .text.vTaskDelayUntil
                0x000000000800b758      0x108 ./Middlewares/Third_Party/FreeRTOS/Source/tasks.o
                0x000000000800b758                vTaskDelayUntil
 .text.vTaskDelay
                0x000000000800b860       0x6c ./Middlewares/Third_Party/FreeRTOS/Source/tasks.o
                0x000000000800b860                vTaskDelay
 .text.vTaskStartScheduler
                0x000000000800b8cc       0xdc ./Middlewares/Third_Party/FreeRTOS/Source/tasks.o
                0x000000000800b8cc                vTaskStartScheduler
 .text.vTaskSuspendAll
                0x000000000800b9a8       0x1c ./Middlewares/Third_Party/FreeRTOS/Source/tasks.o
                0x000000000800b9a8                vTaskSuspendAll
 .text.xTaskResumeAll
                0x000000000800b9c4      0x13c ./Middlewares/Third_Party/FreeRTOS/Source/tasks.o
                0x000000000800b9c4                xTaskResumeAll
 .text.xTaskIncrementTick
                0x000000000800bb00      0x174 ./Middlewares/Third_Party/FreeRTOS/Source/tasks.o
                0x000000000800bb00                xTaskIncrementTick
 .text.vTaskSwitchContext
                0x000000000800bc74       0xc8 ./Middlewares/Third_Party/FreeRTOS/Source/tasks.o
                0x000000000800bc74                vTaskSwitchContext
 .text.vTaskPlaceOnEventList
                0x000000000800bd3c       0x4c ./Middlewares/Third_Party/FreeRTOS/Source/tasks.o
                0x000000000800bd3c                vTaskPlaceOnEventList
 .text.xTaskRemoveFromEventList
                0x000000000800bd88       0xc8 ./Middlewares/Third_Party/FreeRTOS/Source/tasks.o
                0x000000000800bd88                xTaskRemoveFromEventList
 .text.vTaskInternalSetTimeOutState
                0x000000000800be50       0x2c ./Middlewares/Third_Party/FreeRTOS/Source/tasks.o
                0x000000000800be50                vTaskInternalSetTimeOutState
 .text.xTaskCheckForTimeOut
                0x000000000800be7c       0xcc ./Middlewares/Third_Party/FreeRTOS/Source/tasks.o
                0x000000000800be7c                xTaskCheckForTimeOut
 .text.vTaskMissedYield
                0x000000000800bf48       0x18 ./Middlewares/Third_Party/FreeRTOS/Source/tasks.o
                0x000000000800bf48                vTaskMissedYield
 .text.prvIdleTask
                0x000000000800bf60       0x30 ./Middlewares/Third_Party/FreeRTOS/Source/tasks.o
 .text.prvInitialiseTaskLists
                0x000000000800bf90       0x80 ./Middlewares/Third_Party/FreeRTOS/Source/tasks.o
 .text.prvCheckTasksWaitingTermination
                0x000000000800c010       0x5c ./Middlewares/Third_Party/FreeRTOS/Source/tasks.o
 .text.prvDeleteTCB
                0x000000000800c06c       0x6c ./Middlewares/Third_Party/FreeRTOS/Source/tasks.o
 .text.prvResetNextTaskUnblockTime
                0x000000000800c0d8       0x40 ./Middlewares/Third_Party/FreeRTOS/Source/tasks.o
 .text.xTaskGetSchedulerState
                0x000000000800c118       0x3c ./Middlewares/Third_Party/FreeRTOS/Source/tasks.o
                0x000000000800c118                xTaskGetSchedulerState
 .text.xTaskPriorityInherit
                0x000000000800c154      0x100 ./Middlewares/Third_Party/FreeRTOS/Source/tasks.o
                0x000000000800c154                xTaskPriorityInherit
 .text.xTaskPriorityDisinherit
                0x000000000800c254      0x114 ./Middlewares/Third_Party/FreeRTOS/Source/tasks.o
                0x000000000800c254                xTaskPriorityDisinherit
 .text.vTaskPriorityDisinheritAfterTimeout
                0x000000000800c368      0x13c ./Middlewares/Third_Party/FreeRTOS/Source/tasks.o
                0x000000000800c368                vTaskPriorityDisinheritAfterTimeout
 .text.pvTaskIncrementMutexHeldCount
                0x000000000800c4a4       0x28 ./Middlewares/Third_Party/FreeRTOS/Source/tasks.o
                0x000000000800c4a4                pvTaskIncrementMutexHeldCount
 .text.prvAddCurrentTaskToDelayedList
                0x000000000800c4cc       0xcc ./Middlewares/Third_Party/FreeRTOS/Source/tasks.o
 .text.pxPortInitialiseStack
                0x000000000800c598       0x68 ./Middlewares/Third_Party/FreeRTOS/Source/portable/GCC/ARM_CM7/r0p1/port.o
                0x000000000800c598                pxPortInitialiseStack
 .text.prvTaskExitError
                0x000000000800c600       0x60 ./Middlewares/Third_Party/FreeRTOS/Source/portable/GCC/ARM_CM7/r0p1/port.o
 .text.SVC_Handler
                0x000000000800c660       0x28 ./Middlewares/Third_Party/FreeRTOS/Source/portable/GCC/ARM_CM7/r0p1/port.o
                0x000000000800c660                SVC_Handler
 .text.prvPortStartFirstTask
                0x000000000800c688       0x28 ./Middlewares/Third_Party/FreeRTOS/Source/portable/GCC/ARM_CM7/r0p1/port.o
 .text.xPortStartScheduler
                0x000000000800c6b0       0xfc ./Middlewares/Third_Party/FreeRTOS/Source/portable/GCC/ARM_CM7/r0p1/port.o
                0x000000000800c6b0                xPortStartScheduler
 .text.vPortEnterCritical
                0x000000000800c7ac       0x68 ./Middlewares/Third_Party/FreeRTOS/Source/portable/GCC/ARM_CM7/r0p1/port.o
                0x000000000800c7ac                vPortEnterCritical
 .text.vPortExitCritical
                0x000000000800c814       0x58 ./Middlewares/Third_Party/FreeRTOS/Source/portable/GCC/ARM_CM7/r0p1/port.o
                0x000000000800c814                vPortExitCritical
 *fill*         0x000000000800c86c        0x4 
 .text.PendSV_Handler
                0x000000000800c870       0x68 ./Middlewares/Third_Party/FreeRTOS/Source/portable/GCC/ARM_CM7/r0p1/port.o
                0x000000000800c870                PendSV_Handler
 .text.SysTick_Handler
                0x000000000800c8d8       0x48 ./Middlewares/Third_Party/FreeRTOS/Source/portable/GCC/ARM_CM7/r0p1/port.o
                0x000000000800c8d8                SysTick_Handler
 .text.vPortSetupTimerInterrupt
                0x000000000800c920       0x48 ./Middlewares/Third_Party/FreeRTOS/Source/portable/GCC/ARM_CM7/r0p1/port.o
                0x000000000800c920                vPortSetupTimerInterrupt
 .text.vPortEnableVFP
                0x000000000800c968       0x14 ./Middlewares/Third_Party/FreeRTOS/Source/portable/GCC/ARM_CM7/r0p1/port.o
 .text.pvPortMalloc
                0x000000000800c97c      0x194 ./Middlewares/Third_Party/FreeRTOS/Source/portable/MemMang/heap_4.o
                0x000000000800c97c                pvPortMalloc
 .text.vPortFree
                0x000000000800cb10       0xbc ./Middlewares/Third_Party/FreeRTOS/Source/portable/MemMang/heap_4.o
                0x000000000800cb10                vPortFree
 .text.prvHeapInit
                0x000000000800cbcc       0xc4 ./Middlewares/Third_Party/FreeRTOS/Source/portable/MemMang/heap_4.o
 .text.prvInsertBlockIntoFreeList
                0x000000000800cc90       0xb4 ./Middlewares/Third_Party/FreeRTOS/Source/portable/MemMang/heap_4.o
 .text.__errno  0x000000000800cd44        0xc c:/st/stm32cubeide_1.8.0/stm32cubeide/plugins/com.st.stm32cube.ide.mcu.externaltools.gnu-tools-for-stm32.10.3-2021.10.win32_1.0.0.202111181127/tools/bin/../lib/gcc/arm-none-eabi/10.3.1/../../../../arm-none-eabi/lib/thumb/v7e-m+fp/hard\libc_nano.a(lib_a-errno.o)
                0x000000000800cd44                __errno
 .text.__libc_init_array
                0x000000000800cd50       0x48 c:/st/stm32cubeide_1.8.0/stm32cubeide/plugins/com.st.stm32cube.ide.mcu.externaltools.gnu-tools-for-stm32.10.3-2021.10.win32_1.0.0.202111181127/tools/bin/../lib/gcc/arm-none-eabi/10.3.1/../../../../arm-none-eabi/lib/thumb/v7e-m+fp/hard\libc_nano.a(lib_a-init.o)
                0x000000000800cd50                __libc_init_array
 .text.__retarget_lock_acquire_recursive
                0x000000000800cd98        0x2 c:/st/stm32cubeide_1.8.0/stm32cubeide/plugins/com.st.stm32cube.ide.mcu.externaltools.gnu-tools-for-stm32.10.3-2021.10.win32_1.0.0.202111181127/tools/bin/../lib/gcc/arm-none-eabi/10.3.1/../../../../arm-none-eabi/lib/thumb/v7e-m+fp/hard\libc_nano.a(lib_a-lock.o)
                0x000000000800cd98                __retarget_lock_acquire_recursive
 .text.__retarget_lock_release_recursive
                0x000000000800cd9a        0x2 c:/st/stm32cubeide_1.8.0/stm32cubeide/plugins/com.st.stm32cube.ide.mcu.externaltools.gnu-tools-for-stm32.10.3-2021.10.win32_1.0.0.202111181127/tools/bin/../lib/gcc/arm-none-eabi/10.3.1/../../../../arm-none-eabi/lib/thumb/v7e-m+fp/hard\libc_nano.a(lib_a-lock.o)
                0x000000000800cd9a                __retarget_lock_release_recursive
 .text.memcpy   0x000000000800cd9c       0x1c c:/st/stm32cubeide_1.8.0/stm32cubeide/plugins/com.st.stm32cube.ide.mcu.externaltools.gnu-tools-for-stm32.10.3-2021.10.win32_1.0.0.202111181127/tools/bin/../lib/gcc/arm-none-eabi/10.3.1/../../../../arm-none-eabi/lib/thumb/v7e-m+fp/hard\libc_nano.a(lib_a-memcpy-stub.o)
                0x000000000800cd9c                memcpy
 .text.memset   0x000000000800cdb8       0x10 c:/st/stm32cubeide_1.8.0/stm32cubeide/plugins/com.st.stm32cube.ide.mcu.externaltools.gnu-tools-for-stm32.10.3-2021.10.win32_1.0.0.202111181127/tools/bin/../lib/gcc/arm-none-eabi/10.3.1/../../../../arm-none-eabi/lib/thumb/v7e-m+fp/hard\libc_nano.a(lib_a-memset.o)
                0x000000000800cdb8                memset
 .text.sbrk_aligned
                0x000000000800cdc8       0x40 c:/st/stm32cubeide_1.8.0/stm32cubeide/plugins/com.st.stm32cube.ide.mcu.externaltools.gnu-tools-for-stm32.10.3-2021.10.win32_1.0.0.202111181127/tools/bin/../lib/gcc/arm-none-eabi/10.3.1/../../../../arm-none-eabi/lib/thumb/v7e-m+fp/hard\libc_nano.a(lib_a-nano-mallocr.o)
 .text._malloc_r
                0x000000000800ce08       0xe8 c:/st/stm32cubeide_1.8.0/stm32cubeide/plugins/com.st.stm32cube.ide.mcu.externaltools.gnu-tools-for-stm32.10.3-2021.10.win32_1.0.0.202111181127/tools/bin/../lib/gcc/arm-none-eabi/10.3.1/../../../../arm-none-eabi/lib/thumb/v7e-m+fp/hard\libc_nano.a(lib_a-nano-mallocr.o)
                0x000000000800ce08                _malloc_r
 .text.cleanup_glue
                0x000000000800cef0       0x1a c:/st/stm32cubeide_1.8.0/stm32cubeide/plugins/com.st.stm32cube.ide.mcu.externaltools.gnu-tools-for-stm32.10.3-2021.10.win32_1.0.0.202111181127/tools/bin/../lib/gcc/arm-none-eabi/10.3.1/../../../../arm-none-eabi/lib/thumb/v7e-m+fp/hard\libc_nano.a(lib_a-reent.o)
                0x000000000800cef0                cleanup_glue
 *fill*         0x000000000800cf0a        0x2 
 .text._reclaim_reent
                0x000000000800cf0c       0xb8 c:/st/stm32cubeide_1.8.0/stm32cubeide/plugins/com.st.stm32cube.ide.mcu.externaltools.gnu-tools-for-stm32.10.3-2021.10.win32_1.0.0.202111181127/tools/bin/../lib/gcc/arm-none-eabi/10.3.1/../../../../arm-none-eabi/lib/thumb/v7e-m+fp/hard\libc_nano.a(lib_a-reent.o)
                0x000000000800cf0c                _reclaim_reent
 .text._sbrk_r  0x000000000800cfc4       0x20 c:/st/stm32cubeide_1.8.0/stm32cubeide/plugins/com.st.stm32cube.ide.mcu.externaltools.gnu-tools-for-stm32.10.3-2021.10.win32_1.0.0.202111181127/tools/bin/../lib/gcc/arm-none-eabi/10.3.1/../../../../arm-none-eabi/lib/thumb/v7e-m+fp/hard\libc_nano.a(lib_a-sbrkr.o)
                0x000000000800cfc4                _sbrk_r
 .text.sprintf  0x000000000800cfe4       0x40 c:/st/stm32cubeide_1.8.0/stm32cubeide/plugins/com.st.stm32cube.ide.mcu.externaltools.gnu-tools-for-stm32.10.3-2021.10.win32_1.0.0.202111181127/tools/bin/../lib/gcc/arm-none-eabi/10.3.1/../../../../arm-none-eabi/lib/thumb/v7e-m+fp/hard\libc_nano.a(lib_a-sprintf.o)
                0x000000000800cfe4                siprintf
                0x000000000800cfe4                sprintf
 .text.__malloc_lock
                0x000000000800d024        0xc c:/st/stm32cubeide_1.8.0/stm32cubeide/plugins/com.st.stm32cube.ide.mcu.externaltools.gnu-tools-for-stm32.10.3-2021.10.win32_1.0.0.202111181127/tools/bin/../lib/gcc/arm-none-eabi/10.3.1/../../../../arm-none-eabi/lib/thumb/v7e-m+fp/hard\libc_nano.a(lib_a-mlock.o)
                0x000000000800d024                __malloc_lock
 .text.__malloc_unlock
                0x000000000800d030        0xc c:/st/stm32cubeide_1.8.0/stm32cubeide/plugins/com.st.stm32cube.ide.mcu.externaltools.gnu-tools-for-stm32.10.3-2021.10.win32_1.0.0.202111181127/tools/bin/../lib/gcc/arm-none-eabi/10.3.1/../../../../arm-none-eabi/lib/thumb/v7e-m+fp/hard\libc_nano.a(lib_a-mlock.o)
                0x000000000800d030                __malloc_unlock
 .text._free_r  0x000000000800d03c       0x98 c:/st/stm32cubeide_1.8.0/stm32cubeide/plugins/com.st.stm32cube.ide.mcu.externaltools.gnu-tools-for-stm32.10.3-2021.10.win32_1.0.0.202111181127/tools/bin/../lib/gcc/arm-none-eabi/10.3.1/../../../../arm-none-eabi/lib/thumb/v7e-m+fp/hard\libc_nano.a(lib_a-nano-freer.o)
                0x000000000800d03c                _free_r
 .text.__ssputs_r
                0x000000000800d0d4       0xb6 c:/st/stm32cubeide_1.8.0/stm32cubeide/plugins/com.st.stm32cube.ide.mcu.externaltools.gnu-tools-for-stm32.10.3-2021.10.win32_1.0.0.202111181127/tools/bin/../lib/gcc/arm-none-eabi/10.3.1/../../../../arm-none-eabi/lib/thumb/v7e-m+fp/hard\libc_nano.a(lib_a-nano-svfprintf.o)
                0x000000000800d0d4                __ssputs_r
 *fill*         0x000000000800d18a        0x2 
 .text._svfprintf_r
                0x000000000800d18c      0x200 c:/st/stm32cubeide_1.8.0/stm32cubeide/plugins/com.st.stm32cube.ide.mcu.externaltools.gnu-tools-for-stm32.10.3-2021.10.win32_1.0.0.202111181127/tools/bin/../lib/gcc/arm-none-eabi/10.3.1/../../../../arm-none-eabi/lib/thumb/v7e-m+fp/hard\libc_nano.a(lib_a-nano-svfprintf.o)
                0x000000000800d18c                _svfiprintf_r
                0x000000000800d18c                _svfprintf_r
 .text._printf_common
                0x000000000800d38c       0xda c:/st/stm32cubeide_1.8.0/stm32cubeide/plugins/com.st.stm32cube.ide.mcu.externaltools.gnu-tools-for-stm32.10.3-2021.10.win32_1.0.0.202111181127/tools/bin/../lib/gcc/arm-none-eabi/10.3.1/../../../../arm-none-eabi/lib/thumb/v7e-m+fp/hard\libc_nano.a(lib_a-nano-vfprintf_i.o)
                0x000000000800d38c                _printf_common
 *fill*         0x000000000800d466        0x2 
 .text._printf_i
                0x000000000800d468      0x24c c:/st/stm32cubeide_1.8.0/stm32cubeide/plugins/com.st.stm32cube.ide.mcu.externaltools.gnu-tools-for-stm32.10.3-2021.10.win32_1.0.0.202111181127/tools/bin/../lib/gcc/arm-none-eabi/10.3.1/../../../../arm-none-eabi/lib/thumb/v7e-m+fp/hard\libc_nano.a(lib_a-nano-vfprintf_i.o)
                0x000000000800d468                _printf_i
 .text.memmove  0x000000000800d6b4       0x34 c:/st/stm32cubeide_1.8.0/stm32cubeide/plugins/com.st.stm32cube.ide.mcu.externaltools.gnu-tools-for-stm32.10.3-2021.10.win32_1.0.0.202111181127/tools/bin/../lib/gcc/arm-none-eabi/10.3.1/../../../../arm-none-eabi/lib/thumb/v7e-m+fp/hard\libc_nano.a(lib_a-memmove.o)
                0x000000000800d6b4                memmove
 .text._realloc_r
                0x000000000800d6e8       0x5e c:/st/stm32cubeide_1.8.0/stm32cubeide/plugins/com.st.stm32cube.ide.mcu.externaltools.gnu-tools-for-stm32.10.3-2021.10.win32_1.0.0.202111181127/tools/bin/../lib/gcc/arm-none-eabi/10.3.1/../../../../arm-none-eabi/lib/thumb/v7e-m+fp/hard\libc_nano.a(lib_a-nano-reallocr.o)
                0x000000000800d6e8                _realloc_r
 .text._malloc_usable_size_r
                0x000000000800d746       0x10 c:/st/stm32cubeide_1.8.0/stm32cubeide/plugins/com.st.stm32cube.ide.mcu.externaltools.gnu-tools-for-stm32.10.3-2021.10.win32_1.0.0.202111181127/tools/bin/../lib/gcc/arm-none-eabi/10.3.1/../../../../arm-none-eabi/lib/thumb/v7e-m+fp/hard\libc_nano.a(lib_a-nano-msizer.o)
                0x000000000800d746                _malloc_usable_size_r
 *(.glue_7)
 .glue_7        0x000000000800d756        0x0 linker stubs
 *(.glue_7t)
 .glue_7t       0x000000000800d756        0x0 linker stubs
 *(.eh_frame)
 *fill*         0x000000000800d756        0x2 
 .eh_frame      0x000000000800d758        0x0 c:/st/stm32cubeide_1.8.0/stm32cubeide/plugins/com.st.stm32cube.ide.mcu.externaltools.gnu-tools-for-stm32.10.3-2021.10.win32_1.0.0.202111181127/tools/bin/../lib/gcc/arm-none-eabi/10.3.1/thumb/v7e-m+fp/hard/crtbegin.o
 *(.init)
 .init          0x000000000800d758        0x4 c:/st/stm32cubeide_1.8.0/stm32cubeide/plugins/com.st.stm32cube.ide.mcu.externaltools.gnu-tools-for-stm32.10.3-2021.10.win32_1.0.0.202111181127/tools/bin/../lib/gcc/arm-none-eabi/10.3.1/thumb/v7e-m+fp/hard/crti.o
                0x000000000800d758                _init
 .init          0x000000000800d75c        0x8 c:/st/stm32cubeide_1.8.0/stm32cubeide/plugins/com.st.stm32cube.ide.mcu.externaltools.gnu-tools-for-stm32.10.3-2021.10.win32_1.0.0.202111181127/tools/bin/../lib/gcc/arm-none-eabi/10.3.1/thumb/v7e-m+fp/hard/crtn.o
 *(.fini)
 .fini          0x000000000800d764        0x4 c:/st/stm32cubeide_1.8.0/stm32cubeide/plugins/com.st.stm32cube.ide.mcu.externaltools.gnu-tools-for-stm32.10.3-2021.10.win32_1.0.0.202111181127/tools/bin/../lib/gcc/arm-none-eabi/10.3.1/thumb/v7e-m+fp/hard/crti.o
                0x000000000800d764                _fini
 .fini          0x000000000800d768        0x8 c:/st/stm32cubeide_1.8.0/stm32cubeide/plugins/com.st.stm32cube.ide.mcu.externaltools.gnu-tools-for-stm32.10.3-2021.10.win32_1.0.0.202111181127/tools/bin/../lib/gcc/arm-none-eabi/10.3.1/thumb/v7e-m+fp/hard/crtn.o
                0x000000000800d770                . = ALIGN (0x4)
                0x000000000800d770                _etext = .

.vfp11_veneer   0x000000000800d770        0x0
 .vfp11_veneer  0x000000000800d770        0x0 linker stubs

.v4_bx          0x000000000800d770        0x0
 .v4_bx         0x000000000800d770        0x0 linker stubs

.iplt           0x000000000800d770        0x0
 .iplt          0x000000000800d770        0x0 c:/st/stm32cubeide_1.8.0/stm32cubeide/plugins/com.st.stm32cube.ide.mcu.externaltools.gnu-tools-for-stm32.10.3-2021.10.win32_1.0.0.202111181127/tools/bin/../lib/gcc/arm-none-eabi/10.3.1/thumb/v7e-m+fp/hard/crtbegin.o

.rodata         0x000000000800d770     0x4cc4
                0x000000000800d770                . = ALIGN (0x4)
 *(.rodata)
 .rodata        0x000000000800d770      0x113 ./Core/Src/main.o
 *fill*         0x000000000800d883        0x1 
 .rodata        0x000000000800d884        0x5 ./Middlewares/Third_Party/FreeRTOS/Source/tasks.o
 *(.rodata*)
 *fill*         0x000000000800d889        0x3 
 .rodata.diableRGB565_bmp
                0x000000000800d88c     0x182e ./Core/Src/main.o
                0x000000000800d88c                diableRGB565_bmp
 *fill*         0x000000000800f0ba        0x2 
 .rodata.batmanRGB565_bmp
                0x000000000800f0bc      0xf1e ./Core/Src/main.o
                0x000000000800f0bc                batmanRGB565_bmp
 *fill*         0x000000000800ffda        0x2 
 .rodata.missile_diableRGB565_bmp
                0x000000000800ffdc      0x29e ./Core/Src/main.o
                0x000000000800ffdc                missile_diableRGB565_bmp
 *fill*         0x000000000801027a        0x2 
 .rodata.missileRGB565_bmp
                0x000000000801027c      0x1d6 ./Core/Src/main.o
                0x000000000801027c                missileRGB565_bmp
 *fill*         0x0000000008010452        0x2 
 .rodata.Font24_Table
                0x0000000008010454     0x1ab8 ./Core/Src/stm32746g_discovery_lcd.o
                0x0000000008010454                Font24_Table
 .rodata.Font12_Table
                0x0000000008011f0c      0x474 ./Core/Src/stm32746g_discovery_lcd.o
                0x0000000008011f0c                Font12_Table
 .rodata.AHBPrescTable
                0x0000000008012380       0x10 ./Core/Src/system_stm32f7xx.o
                0x0000000008012380                AHBPrescTable
 .rodata.APBPrescTable
                0x0000000008012390        0x8 ./Core/Src/system_stm32f7xx.o
                0x0000000008012390                APBPrescTable
 .rodata.flagBitshiftOffset.0
                0x0000000008012398        0x8 ./Drivers/STM32F7xx_HAL_Driver/Src/stm32f7xx_hal_dma.o
 .rodata.__sf_fake_stderr
                0x00000000080123a0       0x20 c:/st/stm32cubeide_1.8.0/stm32cubeide/plugins/com.st.stm32cube.ide.mcu.externaltools.gnu-tools-for-stm32.10.3-2021.10.win32_1.0.0.202111181127/tools/bin/../lib/gcc/arm-none-eabi/10.3.1/../../../../arm-none-eabi/lib/thumb/v7e-m+fp/hard\libc_nano.a(lib_a-findfp.o)
                0x00000000080123a0                __sf_fake_stderr
 .rodata.__sf_fake_stdin
                0x00000000080123c0       0x20 c:/st/stm32cubeide_1.8.0/stm32cubeide/plugins/com.st.stm32cube.ide.mcu.externaltools.gnu-tools-for-stm32.10.3-2021.10.win32_1.0.0.202111181127/tools/bin/../lib/gcc/arm-none-eabi/10.3.1/../../../../arm-none-eabi/lib/thumb/v7e-m+fp/hard\libc_nano.a(lib_a-findfp.o)
                0x00000000080123c0                __sf_fake_stdin
 .rodata.__sf_fake_stdout
                0x00000000080123e0       0x20 c:/st/stm32cubeide_1.8.0/stm32cubeide/plugins/com.st.stm32cube.ide.mcu.externaltools.gnu-tools-for-stm32.10.3-2021.10.win32_1.0.0.202111181127/tools/bin/../lib/gcc/arm-none-eabi/10.3.1/../../../../arm-none-eabi/lib/thumb/v7e-m+fp/hard\libc_nano.a(lib_a-findfp.o)
                0x00000000080123e0                __sf_fake_stdout
 .rodata._svfprintf_r.str1.1
                0x0000000008012400       0x11 c:/st/stm32cubeide_1.8.0/stm32cubeide/plugins/com.st.stm32cube.ide.mcu.externaltools.gnu-tools-for-stm32.10.3-2021.10.win32_1.0.0.202111181127/tools/bin/../lib/gcc/arm-none-eabi/10.3.1/../../../../arm-none-eabi/lib/thumb/v7e-m+fp/hard\libc_nano.a(lib_a-nano-svfprintf.o)
 .rodata._printf_i.str1.1
                0x0000000008012411       0x22 c:/st/stm32cubeide_1.8.0/stm32cubeide/plugins/com.st.stm32cube.ide.mcu.externaltools.gnu-tools-for-stm32.10.3-2021.10.win32_1.0.0.202111181127/tools/bin/../lib/gcc/arm-none-eabi/10.3.1/../../../../arm-none-eabi/lib/thumb/v7e-m+fp/hard\libc_nano.a(lib_a-nano-vfprintf_i.o)
                0x0000000008012434                . = ALIGN (0x4)
 *fill*         0x0000000008012433        0x1 

.ARM.extab      0x0000000008012434        0x0
                0x0000000008012434                . = ALIGN (0x4)
 *(.ARM.extab* .gnu.linkonce.armextab.*)
                0x0000000008012434                . = ALIGN (0x4)

.ARM            0x0000000008012434        0x8
                0x0000000008012434                . = ALIGN (0x4)
                0x0000000008012434                __exidx_start = .
 *(.ARM.exidx*)
 .ARM.exidx     0x0000000008012434        0x8 c:/st/stm32cubeide_1.8.0/stm32cubeide/plugins/com.st.stm32cube.ide.mcu.externaltools.gnu-tools-for-stm32.10.3-2021.10.win32_1.0.0.202111181127/tools/bin/../lib/gcc/arm-none-eabi/10.3.1/thumb/v7e-m+fp/hard\libgcc.a(_udivmoddi4.o)
                0x000000000801243c                __exidx_end = .
                0x000000000801243c                . = ALIGN (0x4)

.rel.dyn        0x000000000801243c        0x0
 .rel.iplt      0x000000000801243c        0x0 c:/st/stm32cubeide_1.8.0/stm32cubeide/plugins/com.st.stm32cube.ide.mcu.externaltools.gnu-tools-for-stm32.10.3-2021.10.win32_1.0.0.202111181127/tools/bin/../lib/gcc/arm-none-eabi/10.3.1/thumb/v7e-m+fp/hard/crtbegin.o

.preinit_array  0x000000000801243c        0x0
                0x000000000801243c                . = ALIGN (0x4)
                0x000000000801243c                PROVIDE (__preinit_array_start = .)
 *(.preinit_array*)
                0x000000000801243c                PROVIDE (__preinit_array_end = .)
                0x000000000801243c                . = ALIGN (0x4)

.init_array     0x000000000801243c        0x4
                0x000000000801243c                . = ALIGN (0x4)
                0x000000000801243c                PROVIDE (__init_array_start = .)
 *(SORT_BY_NAME(.init_array.*))
 *(.init_array*)
 .init_array    0x000000000801243c        0x4 c:/st/stm32cubeide_1.8.0/stm32cubeide/plugins/com.st.stm32cube.ide.mcu.externaltools.gnu-tools-for-stm32.10.3-2021.10.win32_1.0.0.202111181127/tools/bin/../lib/gcc/arm-none-eabi/10.3.1/thumb/v7e-m+fp/hard/crtbegin.o
                0x0000000008012440                PROVIDE (__init_array_end = .)
                0x0000000008012440                . = ALIGN (0x4)

.fini_array     0x0000000008012440        0x4
                0x0000000008012440                . = ALIGN (0x4)
                [!provide]                        PROVIDE (__fini_array_start = .)
 *(SORT_BY_NAME(.fini_array.*))
 *(.fini_array*)
 .fini_array    0x0000000008012440        0x4 c:/st/stm32cubeide_1.8.0/stm32cubeide/plugins/com.st.stm32cube.ide.mcu.externaltools.gnu-tools-for-stm32.10.3-2021.10.win32_1.0.0.202111181127/tools/bin/../lib/gcc/arm-none-eabi/10.3.1/thumb/v7e-m+fp/hard/crtbegin.o
                [!provide]                        PROVIDE (__fini_array_end = .)
                0x0000000008012444                . = ALIGN (0x4)
                0x0000000008012444                _sidata = LOADADDR (.data)

.data           0x0000000020000000       0xb0 load address 0x0000000008012444
                0x0000000020000000                . = ALIGN (0x4)
                0x0000000020000000                _sdata = .
 *(.data)
 *(.data*)
 .data.ft5336_ts_drv
                0x0000000020000000       0x28 ./Core/Src/ft5336.o
                0x0000000020000000                ft5336_ts_drv
 .data.Font24   0x0000000020000028        0x8 ./Core/Src/stm32746g_discovery_lcd.o
                0x0000000020000028                Font24
 .data.Font12   0x0000000020000030        0x8 ./Core/Src/stm32746g_discovery_lcd.o
                0x0000000020000030                Font12
 .data.sdramstatus.3
                0x0000000020000038        0x1 ./Core/Src/stm32746g_discovery_sdram.o
 *fill*         0x0000000020000039        0x3 
 .data.SystemCoreClock
                0x000000002000003c        0x4 ./Core/Src/system_stm32f7xx.o
                0x000000002000003c                SystemCoreClock
 .data.uwTickPrio
                0x0000000020000040        0x4 ./Drivers/STM32F7xx_HAL_Driver/Src/stm32f7xx_hal.o
                0x0000000020000040                uwTickPrio
 .data.uwTickFreq
                0x0000000020000044        0x1 ./Drivers/STM32F7xx_HAL_Driver/Src/stm32f7xx_hal.o
                0x0000000020000044                uwTickFreq
 *fill*         0x0000000020000045        0x3 
 .data.uxCriticalNesting
                0x0000000020000048        0x4 ./Middlewares/Third_Party/FreeRTOS/Source/portable/GCC/ARM_CM7/r0p1/port.o
 .data._impure_ptr
                0x000000002000004c        0x4 c:/st/stm32cubeide_1.8.0/stm32cubeide/plugins/com.st.stm32cube.ide.mcu.externaltools.gnu-tools-for-stm32.10.3-2021.10.win32_1.0.0.202111181127/tools/bin/../lib/gcc/arm-none-eabi/10.3.1/../../../../arm-none-eabi/lib/thumb/v7e-m+fp/hard\libc_nano.a(lib_a-impure.o)
                0x000000002000004c                _impure_ptr
 .data.impure_data
                0x0000000020000050       0x60 c:/st/stm32cubeide_1.8.0/stm32cubeide/plugins/com.st.stm32cube.ide.mcu.externaltools.gnu-tools-for-stm32.10.3-2021.10.win32_1.0.0.202111181127/tools/bin/../lib/gcc/arm-none-eabi/10.3.1/../../../../arm-none-eabi/lib/thumb/v7e-m+fp/hard\libc_nano.a(lib_a-impure.o)
 *(.RamFunc)
 *(.RamFunc*)
                0x00000000200000b0                . = ALIGN (0x4)
                0x00000000200000b0                _edata = .

.igot.plt       0x00000000200000b0        0x0 load address 0x00000000080124f4
 .igot.plt      0x00000000200000b0        0x0 c:/st/stm32cubeide_1.8.0/stm32cubeide/plugins/com.st.stm32cube.ide.mcu.externaltools.gnu-tools-for-stm32.10.3-2021.10.win32_1.0.0.202111181127/tools/bin/../lib/gcc/arm-none-eabi/10.3.1/thumb/v7e-m+fp/hard/crtbegin.o
                0x00000000200000b0                . = ALIGN (0x4)

.bss            0x00000000200000b0     0x4940 load address 0x00000000080124f4
                0x00000000200000b0                _sbss = .
                0x00000000200000b0                __bss_start__ = _sbss
 *(.bss)
 .bss           0x00000000200000b0       0x1c c:/st/stm32cubeide_1.8.0/stm32cubeide/plugins/com.st.stm32cube.ide.mcu.externaltools.gnu-tools-for-stm32.10.3-2021.10.win32_1.0.0.202111181127/tools/bin/../lib/gcc/arm-none-eabi/10.3.1/thumb/v7e-m+fp/hard/crtbegin.o
 *(.bss*)
 .bss.xIdleTaskTCBBuffer
                0x00000000200000cc       0xb4 ./Core/Src/freertos.o
 .bss.xIdleStack
                0x0000000020000180      0x200 ./Core/Src/freertos.o
 .bss.ft5336_handle
                0x0000000020000380        0x3 ./Core/Src/ft5336.o
 *fill*         0x0000000020000383        0x1 
 .bss.coord.0   0x0000000020000384        0x2 ./Core/Src/ft5336.o
 *fill*         0x0000000020000386        0x2 
 .bss.hadc1     0x0000000020000388       0x48 ./Core/Src/main.o
                0x0000000020000388                hadc1
 .bss.hadc3     0x00000000200003d0       0x48 ./Core/Src/main.o
                0x00000000200003d0                hadc3
 .bss.hdac      0x0000000020000418       0x14 ./Core/Src/main.o
                0x0000000020000418                hdac
 .bss.hdma2d    0x000000002000042c       0x40 ./Core/Src/main.o
                0x000000002000042c                hdma2d
 .bss.hi2c1     0x000000002000046c       0x4c ./Core/Src/main.o
                0x000000002000046c                hi2c1
 .bss.hi2c3     0x00000000200004b8       0x4c ./Core/Src/main.o
                0x00000000200004b8                hi2c3
 .bss.hltdc     0x0000000020000504       0xa8 ./Core/Src/main.o
                0x0000000020000504                hltdc
 .bss.hrtc      0x00000000200005ac       0x20 ./Core/Src/main.o
                0x00000000200005ac                hrtc
 .bss.hspi2     0x00000000200005cc       0x64 ./Core/Src/main.o
                0x00000000200005cc                hspi2
 .bss.htim1     0x0000000020000630       0x4c ./Core/Src/main.o
                0x0000000020000630                htim1
 .bss.htim2     0x000000002000067c       0x4c ./Core/Src/main.o
                0x000000002000067c                htim2
 .bss.htim3     0x00000000200006c8       0x4c ./Core/Src/main.o
                0x00000000200006c8                htim3
 .bss.htim5     0x0000000020000714       0x4c ./Core/Src/main.o
                0x0000000020000714                htim5
 .bss.htim8     0x0000000020000760       0x4c ./Core/Src/main.o
                0x0000000020000760                htim8
 .bss.huart7    0x00000000200007ac       0x84 ./Core/Src/main.o
                0x00000000200007ac                huart7
 .bss.huart1    0x0000000020000830       0x84 ./Core/Src/main.o
                0x0000000020000830                huart1
 .bss.huart6    0x00000000200008b4       0x84 ./Core/Src/main.o
                0x00000000200008b4                huart6
 .bss.hsdram1   0x0000000020000938       0x34 ./Core/Src/main.o
                0x0000000020000938                hsdram1
 .bss.defaultTaskHandle
                0x000000002000096c        0x4 ./Core/Src/main.o
                0x000000002000096c                defaultTaskHandle
 .bss.Task_1Handle
                0x0000000020000970        0x4 ./Core/Src/main.o
                0x0000000020000970                Task_1Handle
 .bss.myTask03Handle
                0x0000000020000974        0x4 ./Core/Src/main.o
                0x0000000020000974                myTask03Handle
 .bss.myTask04Handle
                0x0000000020000978        0x4 ./Core/Src/main.o
                0x0000000020000978                myTask04Handle
 .bss.myTask05Handle
                0x000000002000097c        0x4 ./Core/Src/main.o
                0x000000002000097c                myTask05Handle
 .bss.myQueueP2VHandle
                0x0000000020000980        0x4 ./Core/Src/main.o
                0x0000000020000980                myQueueP2VHandle
 .bss.myQueueU2HHandle
                0x0000000020000984        0x4 ./Core/Src/main.o
                0x0000000020000984                myQueueU2HHandle
 .bss.myQueueHommePosHandle
                0x0000000020000988        0x4 ./Core/Src/main.o
                0x0000000020000988                myQueueHommePosHandle
 .bss.myQueue_Game_OverHandle
                0x000000002000098c        0x4 ./Core/Src/main.o
                0x000000002000098c                myQueue_Game_OverHandle
 .bss.myQueue_I_WINHandle
                0x0000000020000990        0x4 ./Core/Src/main.o
                0x0000000020000990                myQueue_I_WINHandle
 .bss.MUTEXHandle
                0x0000000020000994        0x4 ./Core/Src/main.o
                0x0000000020000994                MUTEXHandle
 .bss.vitesse_diable
                0x0000000020000998        0x1 ./Core/Src/main.o
                0x0000000020000998                vitesse_diable
 *fill*         0x0000000020000999        0x3 
 .bss.hI2cAudioHandler
                0x000000002000099c       0x4c ./Core/Src/stm32746g_discovery.o
 .bss.hLtdcHandler
                0x00000000200009e8       0xa8 ./Core/Src/stm32746g_discovery_lcd.o
                0x00000000200009e8                hLtdcHandler
 .bss.hDma2dHandler
                0x0000000020000a90       0x40 ./Core/Src/stm32746g_discovery_lcd.o
 .bss.ActiveLayer
                0x0000000020000ad0        0x4 ./Core/Src/stm32746g_discovery_lcd.o
 .bss.DrawProp  0x0000000020000ad4       0x18 ./Core/Src/stm32746g_discovery_lcd.o
 .bss.periph_clk_init_struct.0
                0x0000000020000aec       0x84 ./Core/Src/stm32746g_discovery_lcd.o
 .bss.sdramHandle
                0x0000000020000b70       0x34 ./Core/Src/stm32746g_discovery_sdram.o
                0x0000000020000b70                sdramHandle
 .bss.Timing    0x0000000020000ba4       0x1c ./Core/Src/stm32746g_discovery_sdram.o
 .bss.Command   0x0000000020000bc0       0x10 ./Core/Src/stm32746g_discovery_sdram.o
 .bss.dma_handle.1
                0x0000000020000bd0       0x60 ./Core/Src/stm32746g_discovery_sdram.o
 .bss.tsDriver  0x0000000020000c30        0x4 ./Core/Src/stm32746g_discovery_ts.o
 .bss.tsXBoundary
                0x0000000020000c34        0x2 ./Core/Src/stm32746g_discovery_ts.o
 .bss.tsYBoundary
                0x0000000020000c36        0x2 ./Core/Src/stm32746g_discovery_ts.o
 .bss.tsOrientation
                0x0000000020000c38        0x1 ./Core/Src/stm32746g_discovery_ts.o
 .bss.I2cAddress
                0x0000000020000c39        0x1 ./Core/Src/stm32746g_discovery_ts.o
 *fill*         0x0000000020000c3a        0x2 
 .bss.FMC_Initialized
                0x0000000020000c3c        0x4 ./Core/Src/stm32f7xx_hal_msp.o
 .bss.htim6     0x0000000020000c40       0x4c ./Core/Src/stm32f7xx_hal_timebase_tim.o
                0x0000000020000c40                htim6
 .bss.__sbrk_heap_end
                0x0000000020000c8c        0x4 ./Core/Src/sysmem.o
 .bss.uwTick    0x0000000020000c90        0x4 ./Drivers/STM32F7xx_HAL_Driver/Src/stm32f7xx_hal.o
                0x0000000020000c90                uwTick
 .bss.pxCurrentTCB
                0x0000000020000c94        0x4 ./Middlewares/Third_Party/FreeRTOS/Source/tasks.o
                0x0000000020000c94                pxCurrentTCB
 .bss.pxReadyTasksLists
                0x0000000020000c98       0x8c ./Middlewares/Third_Party/FreeRTOS/Source/tasks.o
 .bss.xDelayedTaskList1
                0x0000000020000d24       0x14 ./Middlewares/Third_Party/FreeRTOS/Source/tasks.o
 .bss.xDelayedTaskList2
                0x0000000020000d38       0x14 ./Middlewares/Third_Party/FreeRTOS/Source/tasks.o
 .bss.pxDelayedTaskList
                0x0000000020000d4c        0x4 ./Middlewares/Third_Party/FreeRTOS/Source/tasks.o
 .bss.pxOverflowDelayedTaskList
                0x0000000020000d50        0x4 ./Middlewares/Third_Party/FreeRTOS/Source/tasks.o
 .bss.xPendingReadyList
                0x0000000020000d54       0x14 ./Middlewares/Third_Party/FreeRTOS/Source/tasks.o
 .bss.xTasksWaitingTermination
                0x0000000020000d68       0x14 ./Middlewares/Third_Party/FreeRTOS/Source/tasks.o
 .bss.uxDeletedTasksWaitingCleanUp
                0x0000000020000d7c        0x4 ./Middlewares/Third_Party/FreeRTOS/Source/tasks.o
 .bss.xSuspendedTaskList
                0x0000000020000d80       0x14 ./Middlewares/Third_Party/FreeRTOS/Source/tasks.o
 .bss.uxCurrentNumberOfTasks
                0x0000000020000d94        0x4 ./Middlewares/Third_Party/FreeRTOS/Source/tasks.o
 .bss.xTickCount
                0x0000000020000d98        0x4 ./Middlewares/Third_Party/FreeRTOS/Source/tasks.o
 .bss.uxTopReadyPriority
                0x0000000020000d9c        0x4 ./Middlewares/Third_Party/FreeRTOS/Source/tasks.o
 .bss.xSchedulerRunning
                0x0000000020000da0        0x4 ./Middlewares/Third_Party/FreeRTOS/Source/tasks.o
 .bss.uxPendedTicks
                0x0000000020000da4        0x4 ./Middlewares/Third_Party/FreeRTOS/Source/tasks.o
 .bss.xYieldPending
                0x0000000020000da8        0x4 ./Middlewares/Third_Party/FreeRTOS/Source/tasks.o
 .bss.xNumOfOverflows
                0x0000000020000dac        0x4 ./Middlewares/Third_Party/FreeRTOS/Source/tasks.o
 .bss.uxTaskNumber
                0x0000000020000db0        0x4 ./Middlewares/Third_Party/FreeRTOS/Source/tasks.o
 .bss.xNextTaskUnblockTime
                0x0000000020000db4        0x4 ./Middlewares/Third_Party/FreeRTOS/Source/tasks.o
 .bss.xIdleTaskHandle
                0x0000000020000db8        0x4 ./Middlewares/Third_Party/FreeRTOS/Source/tasks.o
 .bss.uxSchedulerSuspended
                0x0000000020000dbc        0x4 ./Middlewares/Third_Party/FreeRTOS/Source/tasks.o
 .bss.ucMaxSysCallPriority
                0x0000000020000dc0        0x1 ./Middlewares/Third_Party/FreeRTOS/Source/portable/GCC/ARM_CM7/r0p1/port.o
 *fill*         0x0000000020000dc1        0x3 
 .bss.ulMaxPRIGROUPValue