../Core/Src/main.c:132:5:main	248	static
../Core/Src/main.c:279:6:SystemClock_Config	88	static
../Core/Src/main.c:333:13:MX_ADC1_Init	24	static
../Core/Src/main.c:383:13:MX_ADC3_Init	24	static
../Core/Src/main.c:433:13:MX_DAC_Init	16	static
../Core/Src/main.c:471:13:MX_DMA2D_Init	8	static
../Core/Src/main.c:508:13:MX_I2C1_Init	8	static
../Core/Src/main.c:554:13:MX_I2C3_Init	8	static
../Core/Src/main.c:600:13:MX_LTDC_Init	64	static
../Core/Src/main.c:662:13:MX_RTC_Init	80	static
../Core/Src/main.c:754:13:MX_SPI2_Init	8	static
../Core/Src/main.c:794:13:MX_TIM1_Init	40	static
../Core/Src/main.c:841:13:MX_TIM2_Init	40	static
../Core/Src/main.c:886:13:MX_TIM3_Init	40	static
../Core/Src/main.c:931:13:MX_TIM5_Init	40	static
../Core/Src/main.c:976:13:MX_TIM8_Init	40	static
../Core/Src/main.c:1023:13:MX_UART7_Init	8	static
../Core/Src/main.c:1058:13:MX_USART1_UART_Init	8	static
../Core/Src/main.c:1093:13:MX_USART6_UART_Init	8	static
../Core/Src/main.c:1124:13:MX_FMC_Init	40	static
../Core/Src/main.c:1175:13:MX_GPIO_Init	72	static
../Core/Src/main.c:1466:6:HAL_GPIO_EXTI_Callback	16	static
../Core/Src/main.c:1483:6:StartDefaultTask	16	static
../Core/Src/main.c:1502:6:Task_diable	88	static
../Core/Src/main.c:1565:6:Task_homme	56	static
../Core/Src/main.c:1616:6:Task_virus	96	static
../Core/Src/main.c:1690:6:Task_Game_Over	32	static
../Core/Src/main.c:1721:6:HAL_TIM_PeriodElapsedCallback	16	static
../Core/Src/main.c:1738:6:Error_Handler	4	static,ignoring_inline_asm
